Component: ARM Compiler 5.06 update 6 (build 750) Tool: armlink [4d35ed]

==============================================================================

Section Cross References

    startup_stm32f107xc.o(RESET) refers to startup_stm32f107xc.o(STACK) for __initial_sp
    startup_stm32f107xc.o(RESET) refers to startup_stm32f107xc.o(.text) for Reset_Handler
    startup_stm32f107xc.o(RESET) refers to stm32f1xx_it.o(i.NMI_Handler) for NMI_Handler
    startup_stm32f107xc.o(RESET) refers to stm32f1xx_it.o(i.HardFault_Handler) for HardFault_Handler
    startup_stm32f107xc.o(RESET) refers to stm32f1xx_it.o(i.MemManage_Handler) for MemManage_Handler
    startup_stm32f107xc.o(RESET) refers to stm32f1xx_it.o(i.BusFault_Handler) for BusFault_Handler
    startup_stm32f107xc.o(RESET) refers to stm32f1xx_it.o(i.UsageFault_Handler) for UsageFault_Handler
    startup_stm32f107xc.o(RESET) refers to stm32f1xx_it.o(i.SVC_Handler) for SVC_Handler
    startup_stm32f107xc.o(RESET) refers to stm32f1xx_it.o(i.DebugMon_Handler) for DebugMon_Handler
    startup_stm32f107xc.o(RESET) refers to stm32f1xx_it.o(i.PendSV_Handler) for PendSV_Handler
    startup_stm32f107xc.o(RESET) refers to stm32f1xx_it.o(i.SysTick_Handler) for SysTick_Handler
    startup_stm32f107xc.o(RESET) refers to stm32f1xx_it.o(i.ETH_IRQHandler) for ETH_IRQHandler
    startup_stm32f107xc.o(.text) refers to system_stm32f1xx.o(i.SystemInit) for SystemInit
    startup_stm32f107xc.o(.text) refers to entry.o(.ARM.Collect$$$$00000000) for __main
    ppp_app.o(i.PPPoE_Init) refers to pppoe.o(i.pppoe_create) for pppoe_create
    ppp_app.o(i.PPPoE_Init) refers to netif.o(i.netif_set_default) for netif_set_default
    ppp_app.o(i.PPPoE_Init) refers to ppp.o(i.ppp_set_auth) for ppp_set_auth
    ppp_app.o(i.PPPoE_Init) refers to ppp.o(i.ppp_connect) for ppp_connect
    ppp_app.o(i.PPPoE_Init) refers to ppp_app.o(i.status_cb) for status_cb
    ppp_app.o(i.PPPoE_Init) refers to lwip.o(.bss) for gnetif
    ppp_app.o(i.PPPoE_Init) refers to ppp_app.o(.bss) for .bss
    ppp_app.o(i.PPPoE_Init) refers to ppp_app.o(.data) for .data
    ppp_app.o(i.status_cb) refers to printf3.o(i.__0printf$3) for __2printf
    ppp_app.o(i.status_cb) refers to ip4_addr.o(i.ip4addr_ntoa) for ip4addr_ntoa
    ppp_app.o(i.status_cb) refers to dns.o(i.dns_getserver) for dns_getserver
    ppp_app.o(i.status_cb) refers to ppp.o(i.ppp_connect) for ppp_connect
    main.o(i.MX_GPIO_Init) refers to stm32f1xx_hal_gpio.o(i.HAL_GPIO_WritePin) for HAL_GPIO_WritePin
    main.o(i.MX_GPIO_Init) refers to stm32f1xx_hal_gpio.o(i.HAL_GPIO_Init) for HAL_GPIO_Init
    main.o(i.SystemClock_Config) refers to memseta.o(.text) for __aeabi_memclr4
    main.o(i.SystemClock_Config) refers to stm32f1xx_hal_rcc.o(i.HAL_RCC_OscConfig) for HAL_RCC_OscConfig
    main.o(i.SystemClock_Config) refers to stm32f1xx_hal_rcc.o(i.HAL_RCC_ClockConfig) for HAL_RCC_ClockConfig
    main.o(i.SystemClock_Config) refers to stm32f1xx_hal_rcc.o(i.HAL_RCC_MCOConfig) for HAL_RCC_MCOConfig
    main.o(i.dns_callback) refers to ip4_addr.o(i.ip4addr_ntoa) for ip4addr_ntoa
    main.o(i.dns_callback) refers to strcpy.o(.text) for strcpy
    main.o(i.dns_callback) refers to main.o(.bss) for .bss
    main.o(i.main) refers to stm32f1xx_hal.o(i.HAL_Init) for HAL_Init
    main.o(i.main) refers to main.o(i.SystemClock_Config) for SystemClock_Config
    main.o(i.main) refers to main.o(i.MX_GPIO_Init) for MX_GPIO_Init
    main.o(i.main) refers to lwip.o(i.MX_LWIP_Init) for MX_LWIP_Init
    main.o(i.main) refers to httpd.o(i.httpd_init) for httpd_init
    main.o(i.main) refers to lwip.o(i.MX_LWIP_Process) for MX_LWIP_Process
    main.o(i.main) refers to stm32f1xx_hal.o(i.HAL_GetTick) for HAL_GetTick
    main.o(i.main) refers to dns.o(i.dns_gethostbyname) for dns_gethostbyname
    main.o(i.main) refers to main.o(i.dns_callback) for dns_callback
    main.o(i.main) refers to main.o(.data) for .data
    lwip.o(i.MX_LWIP_Init) refers to init.o(i.lwip_init) for lwip_init
    lwip.o(i.MX_LWIP_Init) refers to netif.o(i.netif_add) for netif_add
    lwip.o(i.MX_LWIP_Init) refers to netif.o(i.netif_set_default) for netif_set_default
    lwip.o(i.MX_LWIP_Init) refers to netif.o(i.netif_set_up) for netif_set_up
    lwip.o(i.MX_LWIP_Init) refers to netif.o(i.netif_set_down) for netif_set_down
    lwip.o(i.MX_LWIP_Init) refers to dhcp.o(i.dhcp_start) for dhcp_start
    lwip.o(i.MX_LWIP_Init) refers to lwip.o(.data) for .data
    lwip.o(i.MX_LWIP_Init) refers to ethernet.o(i.ethernet_input) for ethernet_input
    lwip.o(i.MX_LWIP_Init) refers to ethernetif.o(i.ethernetif_init) for ethernetif_init
    lwip.o(i.MX_LWIP_Init) refers to lwip.o(.bss) for .bss
    lwip.o(i.MX_LWIP_Process) refers to ethernetif.o(i.ethernetif_input) for ethernetif_input
    lwip.o(i.MX_LWIP_Process) refers to timeouts.o(i.sys_check_timeouts) for sys_check_timeouts
    lwip.o(i.MX_LWIP_Process) refers to lwip.o(.bss) for .bss
[...]
    HAL_RCC_OscConfig                        0x08001199   Thumb Code   960  stm32f1xx_hal_rcc.o(i.HAL_RCC_OscConfig)
    HAL_SYSTICK_Config                       0x0800156d   Thumb Code    40  stm32f1xx_hal_cortex.o(i.HAL_SYSTICK_Config)
    HardFault_Handler                        0x08001595   Thumb Code     2  stm32f1xx_it.o(i.HardFault_Handler)
    MX_LWIP_Init                             0x08001785   Thumb Code    82  lwip.o(i.MX_LWIP_Init)
    MX_LWIP_Process                          0x080017e9   Thumb Code    16  lwip.o(i.MX_LWIP_Process)
    MemManage_Handler                        0x080017fd   Thumb Code     2  stm32f1xx_it.o(i.MemManage_Handler)
    NMI_Handler                              0x080017ff   Thumb Code     2  stm32f1xx_it.o(i.NMI_Handler)
    PendSV_Handler                           0x08001801   Thumb Code     2  stm32f1xx_it.o(i.PendSV_Handler)
    SVC_Handler                              0x08001803   Thumb Code     2  stm32f1xx_it.o(i.SVC_Handler)
    SysTick_Handler                          0x08001805   Thumb Code    48  stm32f1xx_it.o(i.SysTick_Handler)
    SystemClock_Config                       0x0800183d   Thumb Code   136  main.o(i.SystemClock_Config)
    SystemInit                               0x080018cd   Thumb Code    68  system_stm32f1xx.o(i.SystemInit)
    UsageFault_Handler                       0x08001921   Thumb Code     2  stm32f1xx_it.o(i.UsageFault_Handler)
    __0printf$3                              0x08001925   Thumb Code    22  printf3.o(i.__0printf$3)
    __1printf$3                              0x08001925   Thumb Code     0  printf3.o(i.__0printf$3)
    __2printf                                0x08001925   Thumb Code     0  printf3.o(i.__0printf$3)
    __scatterload_copy                       0x08001965   Thumb Code    14  handlers.o(i.__scatterload_copy)
    __scatterload_null                       0x08001973   Thumb Code     2  handlers.o(i.__scatterload_null)
    __scatterload_zeroinit                   0x08001975   Thumb Code    14  handlers.o(i.__scatterload_zeroinit)
    auth_withpeer_fail                       0x08001b3d   Thumb Code    12  auth.o(i.auth_withpeer_fail)
    auth_withpeer_success                    0x08001b75   Thumb Code    62  auth.o(i.auth_withpeer_success)
    cdns                                     0x08001c05   Thumb Code    50  ppp.o(i.cdns)
    cifaddr                                  0x08001c3d   Thumb Code    18  ppp.o(i.cifaddr)
    continue_networks                        0x08001c59   Thumb Code    74  auth.o(i.continue_networks)
    dhcp_arp_reply                           0x08001ce5   Thumb Code    42  dhcp.o(i.dhcp_arp_reply)
    dhcp_coarse_tmr                          0x08001f41   Thumb Code   168  dhcp.o(i.dhcp_coarse_tmr)
    dhcp_fine_tmr                            0x080025e1   Thumb Code    46  dhcp.o(i.dhcp_fine_tmr)
    dhcp_network_changed                     0x0800278d   Thumb Code    48  dhcp.o(i.dhcp_network_changed)
    dhcp_release                             0x08003321   Thumb Code   160  dhcp.o(i.dhcp_release)
    dhcp_renew                               0x080033c9   Thumb Code   176  dhcp.o(i.dhcp_renew)
    dhcp_start                               0x08003585   Thumb Code   164  dhcp.o(i.dhcp_start)
    dhcp_stop                                0x080036e9   Thumb Code    72  dhcp.o(i.dhcp_stop)
    dhcp_supplied_address                    0x080037c1   Thumb Code    28  dhcp.o(i.dhcp_supplied_address)
    dns_callback                             0x08003995   Thumb Code    20  main.o(i.dns_callback)
    dns_gethostbyname                        0x08003cc1   Thumb Code    12  dns.o(i.dns_gethostbyname)
    dns_gethostbyname_addrtype               0x08003ccd   Thumb Code   140  dns.o(i.dns_gethostbyname_addrtype)
    dns_getserver                            0x08003d61   Thumb Code    16  dns.o(i.dns_getserver)
    dns_init                                 0x08003d79   Thumb Code     2  dns.o(i.dns_init)
    dns_setserver                            0x080040fd   Thumb Code    22  dns.o(i.dns_setserver)
    dns_tmr                                  0x0800411d   Thumb Code    20  dns.o(i.dns_tmr)
    etharp_cleanup_netif                     0x08004271   Thumb Code    42  etharp.o(i.etharp_cleanup_netif)
    etharp_input                             0x0800450d   Thumb Code   170  etharp.o(i.etharp_input)
    etharp_output                            0x08004629   Thumb Code   272  etharp.o(i.etharp_output)
    etharp_query                             0x080048e1   Thumb Code   306  etharp.o(i.etharp_query)
    etharp_request                           0x08004c31   Thumb Code     6  etharp.o(i.etharp_request)
    etharp_tmr                               0x08004c5d   Thumb Code    90  etharp.o(i.etharp_tmr)
    ethernet_input                           0x08004dd9   Thumb Code   190  ethernet.o(i.ethernet_input)
    ethernet_output                          0x08004e9d   Thumb Code    98  ethernet.o(i.ethernet_output)
    ethernetif_init                          0x08004f95   Thumb Code    50  ethernetif.o(i.ethernetif_init)
    ethernetif_input                         0x0800501d   Thumb Code    34  ethernetif.o(i.ethernetif_input)
    fputc                                    0x0800503f   Thumb Code    18  fputc.o(i.fputc)
    fs_bytes_left                            0x08005051   Thumb Code     8  fs.o(i.fs_bytes_left)
    fs_close                                 0x08005059   Thumb Code     2  fs.o(i.fs_close)
    fs_open                                  0x0800505d   Thumb Code    64  fs.o(i.fs_open)
    fsm_close                                0x080050a1   Thumb Code    82  fsm.o(i.fsm_close)
    fsm_init                                 0x080050f3   Thumb Code    18  fsm.o(i.fsm_init)
    fsm_input                                0x08005105   Thumb Code   218  fsm.o(i.fsm_input)
    fsm_lowerdown                            0x08005209   Thumb Code    82  fsm.o(i.fsm_lowerdown)
    fsm_lowerup                              0x08005261   Thumb Code    40  fsm.o(i.fsm_lowerup)
    fsm_open                                 0x08005289   Thumb Code    94  fsm.o(i.fsm_open)
    fsm_protreject                           0x080052e9   Thumb Code    78  fsm.o(i.fsm_protreject)
    fsm_sdata                                0x080058a5   Thumb Code   136  fsm.o(i.fsm_sdata)
    get_mask                                 0x08005a01   Thumb Code     6  ppp.o(i.get_mask)
    httpd_init                               0x08005efd   Thumb Code   100  httpd.o(i.httpd_init)
    icmp_dest_unreach                        0x08006021   Thumb Code     8  icmp.o(i.icmp_dest_unreach)
    icmp_input                               0x08006029   Thumb Code   274  icmp.o(i.icmp_input)
    icmp_time_exceeded                       0x08006319   Thumb Code     8  icmp.o(i.icmp_time_exceeded)
    ip4_addr_isbroadcast_u32                 0x08006321   Thumb Code    46  ip4_addr.o(i.ip4_addr_isbroadcast_u32)
    ip4_frag                                 0x08006351   Thumb Code   396  ip4_frag.o(i.ip4_frag)
    ip4_input                                0x080065a9   Thumb Code   440  ip4.o(i.ip4_input)
    ip4_output_if                            0x08006769   Thumb Code    30  ip4.o(i.ip4_output_if)
    ip4_output_if_src                        0x08006789   Thumb Code   204  ip4.o(i.ip4_output_if_src)
    ip4_reass                                0x080068f5   Thumb Code   450  ip4_frag.o(i.ip4_reass)
    ip4_route                                0x08006abd   Thumb Code    82  ip4.o(i.ip4_route)
    ip4addr_aton                             0x08006b19   Thumb Code   298  ip4_addr.o(i.ip4addr_aton)
    ip4addr_ntoa                             0x08006cb5   Thumb Code     8  ip4_addr.o(i.ip4addr_ntoa)
    ip4addr_ntoa_r                           0x08006cc1   Thumb Code   118  ip4_addr.o(i.ip4addr_ntoa_r)
    ip_reass_tmr                             0x080072f5   Thumb Code    40  ip4_frag.o(i.ip_reass_tmr)
    lcp_close                                0x0800854d   Thumb Code    78  lcp.o(i.lcp_close)
    lcp_lowerdown                            0x08008715   Thumb Code    28  lcp.o(i.lcp_lowerdown)
    lcp_lowerup                              0x08008735   Thumb Code   118  lcp.o(i.lcp_lowerup)
    lcp_open                                 0x08008b1d   Thumb Code    44  lcp.o(i.lcp_open)
    lcp_sprotrej                             0x080091f1   Thumb Code    26  lcp.o(i.lcp_sprotrej)
    link_down                                0x08009305   Thumb Code    30  auth.o(i.link_down)
    link_established                         0x08009325   Thumb Code    98  auth.o(i.link_established)
    link_required                            0x0800938d   Thumb Code     2  auth.o(i.link_required)
    link_terminated                          0x08009391   Thumb Code    44  auth.o(i.link_terminated)
    lwip_htonl                               0x08009639   Thumb Code     4  def.o(i.lwip_htonl)
    lwip_htons                               0x0800963d   Thumb Code     4  def.o(i.lwip_htons)
    lwip_init                                0x08009641   Thumb Code    38  init.o(i.lwip_init)
    lwip_strnicmp                            0x08009667   Thumb Code    50  def.o(i.lwip_strnicmp)
    magic                                    0x08009699   Thumb Code    14  magic.o(i.magic)
    magic_init                               0x080096ad   Thumb Code    16  magic.o(i.magic_init)
    magic_randomize                          0x080096c1   Thumb Code    16  magic.o(i.magic_randomize)
    main                                     0x080096d5   Thumb Code    58  main.o(i.main)
    mem_free                                 0x08009729   Thumb Code   110  mem.o(i.mem_free)
    mem_init                                 0x08009845   Thumb Code    42  mem.o(i.mem_init)
    mem_malloc                               0x08009879   Thumb Code   256  mem.o(i.mem_malloc)
    mem_trim                                 0x08009a75   Thumb Code   240  mem.o(i.mem_trim)
    memp_free                                0x08009bf9   Thumb Code    34  memp.o(i.memp_free)
    memp_free_pool                           0x08009c95   Thumb Code    26  memp.o(i.memp_free_pool)
    memp_init                                0x08009d1d   Thumb Code    24  memp.o(i.memp_init)
    memp_init_pool                           0x08009d39   Thumb Code    42  memp.o(i.memp_init_pool)
    memp_malloc                              0x08009d65   Thumb Code    38  memp.o(i.memp_malloc)
    netif_add                                0x08009e09   Thumb Code   104  netif.o(i.netif_add)
    netif_init                               0x08009ee9   Thumb Code     2  netif.o(i.netif_init)
    netif_set_addr                           0x08009f05   Thumb Code    72  netif.o(i.netif_set_addr)
    netif_set_default                        0x08009f4d   Thumb Code     6  netif.o(i.netif_set_default)
    netif_set_down                           0x08009f59   Thumb Code    26  netif.o(i.netif_set_down)
    netif_set_gw                             0x08009f73   Thumb Code     8  netif.o(i.netif_set_gw)
    netif_set_ipaddr                         0x08009f7d   Thumb Code    60  netif.o(i.netif_set_ipaddr)
    netif_set_link_down                      0x08009fbd   Thumb Code    18  netif.o(i.netif_set_link_down)
    netif_set_link_up                        0x08009fcf   Thumb Code    48  netif.o(i.netif_set_link_up)
    netif_set_mtu                            0x08009fff   Thumb Code     6  ppp.o(i.netif_set_mtu)
    netif_set_netmask                        0x0800a005   Thumb Code     8  netif.o(i.netif_set_netmask)
    netif_set_up                             0x0800a00d   Thumb Code    28  netif.o(i.netif_set_up)
    new_phase                                0x0800a029   Thumb Code     6  ppp.o(i.new_phase)
    np_down                                  0x0800a02f   Thumb Code    24  auth.o(i.np_down)
    np_finished                              0x0800a049   Thumb Code    24  auth.o(i.np_finished)
    np_up                                    0x0800a081   Thumb Code    28  auth.o(i.np_up)
    pbuf_alloc                               0x0800a09d   Thumb Code   480  pbuf.o(i.pbuf_alloc)
    pbuf_alloced_custom                      0x0800a419   Thumb Code    98  pbuf.o(i.pbuf_alloced_custom)
    pbuf_cat                                 0x0800a4f9   Thumb Code    96  pbuf.o(i.pbuf_cat)
    pbuf_chain                               0x0800a629   Thumb Code    18  pbuf.o(i.pbuf_chain)
    pbuf_clen                                0x0800a63b   Thumb Code    18  pbuf.o(i.pbuf_clen)
    pbuf_copy                                0x0800a64d   Thumb Code   242  pbuf.o(i.pbuf_copy)
    pbuf_copy_partial                        0x0800a839   Thumb Code   126  pbuf.o(i.pbuf_copy_partial)
    pbuf_free                                0x0800a955   Thumb Code   172  pbuf.o(i.pbuf_free)
    pbuf_free_ooseq                          0x0800aab9   Thumb Code    34  pbuf.o(i.pbuf_free_ooseq)
    pbuf_header                              0x0800aae5   Thumb Code     6  pbuf.o(i.pbuf_header)
    pbuf_header_force                        0x0800aaeb   Thumb Code     6  pbuf.o(i.pbuf_header_force)
    pbuf_put_at                              0x0800ac15   Thumb Code    30  pbuf.o(i.pbuf_put_at)
    pbuf_realloc                             0x0800ac35   Thumb Code   196  pbuf.o(i.pbuf_realloc)
    pbuf_ref                                 0x0800adcd   Thumb Code    32  pbuf.o(i.pbuf_ref)
    pbuf_skip                                0x0800ae59   Thumb Code     4  pbuf.o(i.pbuf_skip)
    pbuf_take                                0x0800ae75   Thumb Code   160  pbuf.o(i.pbuf_take)
    pbuf_take_at                             0x0800aff1   Thumb Code    84  pbuf.o(i.pbuf_take_at)
    pbuf_try_get_at                          0x0800b045   Thumb Code    32  pbuf.o(i.pbuf_try_get_at)
    ppp_dbglog                               0x0800b1e1   Thumb Code    20  utils.o(i.ppp_dbglog)
    ppp_error                                0x0800b1f5   Thumb Code    20  utils.o(i.ppp_error)
    ppp_info                                 0x0800b209   Thumb Code    20  utils.o(i.ppp_info)
    ppp_init                                 0x0800b21d   Thumb Code    22  ppp.o(i.ppp_init)
    ppp_input                                0x0800b23d   Thumb Code   174  ppp.o(i.ppp_input)
    ppp_link_end                             0x0800b341   Thumb Code    26  ppp.o(i.ppp_link_end)
    ppp_link_failed                          0x0800b35b   Thumb Code    18  ppp.o(i.ppp_link_failed)
    ppp_link_terminated                      0x0800b36d   Thumb Code     8  ppp.o(i.ppp_link_terminated)
    ppp_notice                               0x0800b38f   Thumb Code    20  utils.o(i.ppp_notice)
    ppp_recv_config                          0x0800b3a3   Thumb Code    20  ppp.o(i.ppp_recv_config)
    ppp_send_config                          0x0800b3b7   Thumb Code    20  ppp.o(i.ppp_send_config)
    ppp_singlebuf                            0x0800b3cb   Thumb Code    68  ppp.o(i.ppp_singlebuf)
    ppp_slprintf                             0x0800b40f   Thumb Code    18  utils.o(i.ppp_slprintf)
    ppp_start                                0x0800b421   Thumb Code    26  ppp.o(i.ppp_start)
    ppp_vslprintf                            0x0800b43d   Thumb Code   976  utils.o(i.ppp_vslprintf)
    ppp_warn                                 0x0800b825   Thumb Code    20  utils.o(i.ppp_warn)
    ppp_write                                0x0800b839   Thumb Code    10  ppp.o(i.ppp_write)
    pppoe_data_input                         0x0800b8ad   Thumb Code   124  pppoe.o(i.pppoe_data_input)
    pppoe_disc_input                         0x0800b965   Thumb Code   414  pppoe.o(i.pppoe_disc_input)
    sdns                                     0x0800c093   Thumb Code    28  ppp.o(i.sdns)
    sifaddr                                  0x0800c0af   Thumb Code    24  ppp.o(i.sifaddr)
    sifdown                                  0x0800c0c7   Thumb Code    20  ppp.o(i.sifdown)
    sifup                                    0x0800c0db   Thumb Code    40  ppp.o(i.sifup)
    start_networks                           0x0800c103   Thumb Code    20  auth.o(i.start_networks)
    sys_check_timeouts                       0x0800c119   Thumb Code    82  timeouts.o(i.sys_check_timeouts)
    sys_jiffies                              0x0800c175   Thumb Code     4  ethernetif.o(i.sys_jiffies)
    sys_now                                  0x0800c179   Thumb Code     4  ethernetif.o(i.sys_now)
    sys_timeout                              0x0800c17d   Thumb Code   156  timeouts.o(i.sys_timeout)
    sys_timeouts_init                        0x0800c2b9   Thumb Code    36  timeouts.o(i.sys_timeouts_init)
    sys_untimeout                            0x0800c2e9   Thumb Code    68  timeouts.o(i.sys_untimeout)
    tcp_abandon                              0x0800c331   Thumb Code   226  tcp.o(i.tcp_abandon)
    tcp_abort                                0x0800c4a5   Thumb Code     6  tcp.o(i.tcp_abort)
    tcp_accept                               0x0800c4ab   Thumb Code    14  tcp.o(i.tcp_accept)
    tcp_alloc                                0x0800c4c9   Thumb Code   240  tcp.o(i.tcp_alloc)
    tcp_arg                                  0x0800c5c5   Thumb Code     8  tcp.o(i.tcp_arg)
    tcp_bind                                 0x0800c5cd   Thumb Code   148  tcp.o(i.tcp_bind)
    tcp_close                                0x0800c6ed   Thumb Code    20  tcp.o(i.tcp_close)
    tcp_eff_send_mss_impl                    0x0800ca6d   Thumb Code    34  tcp.o(i.tcp_eff_send_mss_impl)
    tcp_enqueue_flags                        0x0800ca91   Thumb Code   260  tcp_out.o(i.tcp_enqueue_flags)
    tcp_err                                  0x0800cc9d   Thumb Code    34  tcp.o(i.tcp_err)
    tcp_fasttmr                              0x0800cd41   Thumb Code   102  tcp.o(i.tcp_fasttmr)
    tcp_init                                 0x0800cddd   Thumb Code     2  tcp.o(i.tcp_init)
    tcp_input                                0x0800cde1   Thumb Code  1480  tcp_in.o(i.tcp_input)
    tcp_keepalive                            0x0800d3e9   Thumb Code    82  tcp_out.o(i.tcp_keepalive)
    tcp_listen_with_backlog                  0x0800d6b9   Thumb Code     6  tcp.o(i.tcp_listen_with_backlog)
    tcp_listen_with_backlog_and_err          0x0800d6c1   Thumb Code   158  tcp.o(i.tcp_listen_with_backlog_and_err)
    tcp_netif_ip_addr_changed                0x0800d7e5   Thumb Code    72  tcp.o(i.tcp_netif_ip_addr_changed)
    tcp_new_ip_type                          0x0800d853   Thumb Code     6  tcp.o(i.tcp_new_ip_type)
    tcp_next_iss                             0x0800d8b5   Thumb Code    12  tcp.o(i.tcp_next_iss)
    tcp_output                               0x0800d93d   Thumb Code   552  tcp_out.o(i.tcp_output)
    tcp_pcb_purge                            0x0800df05   Thumb Code    66  tcp.o(i.tcp_pcb_purge)
    tcp_pcb_remove                           0x0800df49   Thumb Code   140  tcp.o(i.tcp_pcb_remove)
    tcp_poll                                 0x0800e079   Thumb Code    36  tcp.o(i.tcp_poll)
    tcp_process_refused_data                 0x0800e5a9   Thumb Code   108  tcp.o(i.tcp_process_refused_data)
    tcp_recv                                 0x0800f019   Thumb Code    34  tcp.o(i.tcp_recv)
    tcp_recv_null                            0x0800f0bd   Thumb Code    36  tcp.o(i.tcp_recv_null)
    tcp_recved                               0x0800f0e1   Thumb Code   106  tcp.o(i.tcp_recved)
    tcp_rexmit                               0x0800f1f1   Thumb Code    86  tcp_out.o(i.tcp_rexmit)
    tcp_rexmit_fast                          0x0800f247   Thumb Code    88  tcp_out.o(i.tcp_rexmit_fast)
    tcp_rexmit_rto                           0x0800f29f   Thumb Code    50  tcp_out.o(i.tcp_rexmit_rto)
    tcp_rst                                  0x0800f2d1   Thumb Code   148  tcp_out.o(i.tcp_rst)
    tcp_seg_copy                             0x0800f3f1   Thumb Code    36  tcp.o(i.tcp_seg_copy)
    tcp_seg_free                             0x0800f415   Thumb Code    28  tcp.o(i.tcp_seg_free)
    tcp_segs_free                            0x0800f431   Thumb Code    18  tcp.o(i.tcp_segs_free)
    tcp_send_empty_ack                       0x0800f443   Thumb Code   106  tcp_out.o(i.tcp_send_empty_ack)
    tcp_send_fin                             0x0800f4ad   Thumb Code    70  tcp_out.o(i.tcp_send_fin)
    tcp_sent                                 0x0800f4f5   Thumb Code    32  tcp.o(i.tcp_sent)
    tcp_setprio                              0x0800f595   Thumb Code     4  tcp.o(i.tcp_setprio)
    tcp_slowtmr                              0x0800f599   Thumb Code   788  tcp.o(i.tcp_slowtmr)
    tcp_timer_needed                         0x0800fa75   Thumb Code    36  timeouts.o(i.tcp_timer_needed)
    tcp_tmr                                  0x0800fb11   Thumb Code    28  tcp.o(i.tcp_tmr)
    tcp_trigger_input_pcb_close              0x0800fb31   Thumb Code    12  tcp_in.o(i.tcp_trigger_input_pcb_close)
    tcp_update_rcv_ann_wnd                   0x0800fb41   Thumb Code    76  tcp.o(i.tcp_update_rcv_ann_wnd)
    tcp_write                                0x0800fc01   Thumb Code  1666  tcp_out.o(i.tcp_write)
    tcp_zero_window_probe                    0x080103c5   Thumb Code   188  tcp_out.o(i.tcp_zero_window_probe)
    udp_bind                                 0x08010541   Thumb Code   168  udp.o(i.udp_bind)
    udp_connect                              0x080105f1   Thumb Code    76  udp.o(i.udp_connect)
    udp_init                                 0x08010641   Thumb Code     2  udp.o(i.udp_init)
    udp_input                                0x08010645   Thumb Code   286  udp.o(i.udp_input)
    udp_netif_ip_addr_changed                0x080107d9   Thumb Code    48  udp.o(i.udp_netif_ip_addr_changed)
    udp_new                                  0x0801080d   Thumb Code    26  udp.o(i.udp_new)
    udp_new_ip_type                          0x08010827   Thumb Code     4  udp.o(i.udp_new_ip_type)
    udp_recv                                 0x0801082b   Thumb Code     6  udp.o(i.udp_recv)
    udp_remove                               0x08010831   Thumb Code    42  udp.o(i.udp_remove)
    udp_sendto                               0x08010861   Thumb Code    50  udp.o(i.udp_sendto)
    udp_sendto_if                            0x08010893   Thumb Code    54  udp.o(i.udp_sendto_if)
    udp_sendto_if_src                        0x080108c9   Thumb Code   186  udp.o(i.udp_sendto_if_src)
    upap_authwithpeer                        0x08010a0d   Thumb Code   100  upap.o(i.upap_authwithpeer)
    upper_layers_down                        0x08010d25   Thumb Code    74  auth.o(i.upper_layers_down)
    AHBPrescTable                            0x08010d80   Data          16  system_stm32f1xx.o(.constdata)
    ipcp_protent                             0x08010dcc   Data          32  ipcp.o(.constdata)
    lcp_protent                              0x08010e28   Data          32  lcp.o(.constdata)
    memp_PPP_PCB                             0x08010e48   Data          12  ppp.o(.constdata)
    protocols                                0x08010e54   Data          16  ppp.o(.constdata)
    memp_PPPOE_IF                            0x08010e64   Data          12  pppoe.o(.constdata)
    pap_protent                              0x08010e8c   Data          32  upap.o(.constdata)
    ethbroadcast                             0x08010eac   Data           6  ethernet.o(.constdata)
    ethzero                                  0x08010eb2   Data           6  ethernet.o(.constdata)
    file__image_LedFlicker_gif               0x08018840   Data          20  fs.o(.constdata)
    file__image_LedOff_jpg                   0x08018854   Data          20  fs.o(.constdata)
    file__image_LedOn_jpg                    0x08018868   Data          20  fs.o(.constdata)
    file__dns_html                           0x0801887c   Data          20  fs.o(.constdata)
    file__LedFlicker_html                    0x08018890   Data          20  fs.o(.constdata)
    file__LedOff_html                        0x080188a4   Data          20  fs.o(.constdata)
    file__LedOn_html                         0x080188b8   Data          20  fs.o(.constdata)
    memp_UDP_PCB                             0x080188cc   Data          12  memp.o(.constdata)
    memp_TCP_PCB                             0x080188d8   Data          12  memp.o(.constdata)
    memp_TCP_PCB_LISTEN                      0x080188e4   Data          12  memp.o(.constdata)
    memp_TCP_SEG                             0x080188f0   Data          12  memp.o(.constdata)
    memp_REASSDATA                           0x080188fc   Data          12  memp.o(.constdata)
    memp_FRAG_PBUF                           0x08018908   Data          12  memp.o(.constdata)
    memp_SYS_TIMEOUT                         0x08018914   Data          12  memp.o(.constdata)
    memp_PBUF                                0x08018920   Data          12  memp.o(.constdata)
    memp_PBUF_POOL                           0x0801892c   Data          12  memp.o(.constdata)
    memp_pools                               0x08018938   Data          36  memp.o(.constdata)
    tcp_pcb_lists                            0x080189a0   Data          16  tcp.o(.constdata)
    lwip_cyclic_timers                       0x080189b0   Data          48  timeouts.o(.constdata)
    ip_addr_any                              0x080189e0   Data           4  ip4_addr.o(.constdata)
    ip_addr_broadcast                        0x080189e4   Data           4  ip4_addr.o(.constdata)
    __ctype_table                            0x080189e8   Data         129  ctype_o.o(.constdata)
    Region$$Table$$Base                      0x08018c1c   Number         0  anon$$obj.o(Region$$Table)
    Region$$Table$$Limit                     0x08018c3c   Number         0  anon$$obj.o(Region$$Table)
    dest_ipaddr                              0x20000000   Data           4  main.o(.data)
    ipaddr                                   0x20000004   Data           4  lwip.o(.data)
    netmask                                  0x20000008   Data           4  lwip.o(.data)
    gw                                       0x2000000c   Data           4  lwip.o(.data)
    flag_LedFlicker                          0x20000010   Data           1  stm32f1xx_it.o(.data)
    uwTickFreq                               0x20000014   Data           1  stm32f1xx_hal.o(.data)
    uwTickPrio                               0x20000018   Data           4  stm32f1xx_hal.o(.data)
    uwTick                                   0x2000001c   Data           4  stm32f1xx_hal.o(.data)
    SystemCoreClock                          0x20000020   Data           4  system_stm32f1xx.o(.data)
    netif_list                               0x20000088   Data           4  netif.o(.data)
    netif_default                            0x2000008c   Data           4  netif.o(.data)
    pbuf_free_ooseq_pending                  0x20000090   Data           1  pbuf.o(.data)
    tcp_active_pcbs_changed                  0x20000094   Data           1  tcp.o(.data)
    tcp_ticks                                0x200000a0   Data           4  tcp.o(.data)
    tcp_bound_pcbs                           0x200000a4   Data           4  tcp.o(.data)
    tcp_listen_pcbs                          0x200000a8   Data           4  tcp.o(.data)
    tcp_active_pcbs                          0x200000ac   Data           4  tcp.o(.data)
    tcp_tw_pcbs                              0x200000b0   Data           4  tcp.o(.data)
    tcp_input_pcb                            0x200000d4   Data           4  tcp_in.o(.data)
    udp_pcbs                                 0x200000e8   Data           4  udp.o(.data)
    __stdout                                 0x2000010c   Data           4  stdout.o(.data)
    ipStr                                    0x20000110   Data          20  main.o(.bss)
    gnetif                                   0x20000124   Data          52  lwip.o(.bss)
    DMARxDscrTab                             0x20000158   Data         128  ethernetif.o(.bss)
    DMATxDscrTab                             0x200001d8   Data          64  ethernetif.o(.bss)
    Rx_Buff                                  0x20000218   Data       12192  ethernetif.o(.bss)
    Tx_Buff                                  0x200031b8   Data        6096  ethernetif.o(.bss)
    heth                                     0x20004988   Data          72  ethernetif.o(.bss)
    memp_memory_PPP_PCB_base                 0x200049d0   Data         359  ppp.o(.bss)
    memp_memory_PPPOE_IF_base                0x20004b37   Data          91  pppoe.o(.bss)
    ip_data                                  0x20005014   Data          24  ip.o(.bss)
    ram_heap                                 0x2000502c   Data        1619  mem.o(.bss)
    memp_memory_UDP_PCB_base                 0x2000567f   Data         131  memp.o(.bss)
    memp_memory_TCP_PCB_base                 0x20005702   Data         763  memp.o(.bss)
    memp_memory_TCP_PCB_LISTEN_base          0x200059fd   Data         227  memp.o(.bss)
    memp_memory_TCP_SEG_base                 0x20005ae0   Data         259  memp.o(.bss)
    memp_memory_REASSDATA_base               0x20005be3   Data         163  memp.o(.bss)
    memp_memory_FRAG_PBUF_base               0x20005c86   Data         363  memp.o(.bss)
    memp_memory_SYS_TIMEOUT_base             0x20005df1   Data         195  memp.o(.bss)
    memp_memory_PBUF_base                    0x20005eb4   Data         259  memp.o(.bss)
    memp_memory_PBUF_POOL_base               0x20005fb7   Data        9731  memp.o(.bss)
    dhcp_rx_options_val                      0x200085cc   Data          40  dhcp.o(.bss)
    dhcp_rx_options_given                    0x200085f4   Data          10  dhcp.o(.bss)
    __initial_sp                             0x20008b00   Data           0  startup_stm32f107xc.o(STACK)



==============================================================================

Memory Map of the image

  Image Entry point : 0x08000151

  Load Region LR_IROM1 (Base: 0x08000000, Size: 0x00018d4c, Max: 0x00040000, ABSOLUTE)

    Execution Region ER_IROM1 (Exec base: 0x08000000, Load base: 0x08000000, Size: 0x00018c3c, Max: 0x00040000, ABSOLUTE)

    Exec Addr    Load Addr    Size         Type   Attr      Idx    E Section Name        Object

    0x08000000   0x08000000   0x00000150   Data   RO            3    RESET               startup_stm32f107xc.o
    0x08000150   0x08000150   0x00000000   Code   RO         6384  * .ARM.Collect$$$$00000000  mc_w.l(entry.o)
    0x08000150   0x08000150   0x00000004   Code   RO         6703    .ARM.Collect$$$$00000001  mc_w.l(entry2.o)
    0x08000154   0x08000154   0x00000004   Code   RO         6706    .ARM.Collect$$$$00000004  mc_w.l(entry5.o)
    0x08000158   0x08000158   0x00000000   Code   RO         6708    .ARM.Collect$$$$00000008  mc_w.l(entry7b.o)
    0x08000158   0x08000158   0x00000000   Code   RO         6710    .ARM.Collect$$$$0000000A  mc_w.l(entry8b.o)
    0x08000158   0x08000158   0x00000008   Code   RO         6711    .ARM.Collect$$$$0000000B  mc_w.l(entry9a.o)
    0x08000160   0x08000160   0x00000000   Code   RO         6713    .ARM.Collect$$$$0000000D  mc_w.l(entry10a.o)
    0x08000160   0x08000160   0x00000000   Code   RO         6715    .ARM.Collect$$$$0000000F  mc_w.l(entry11a.o)
    0x08000160   0x08000160   0x00000004   Code   RO         6704    .ARM.Collect$$$$00002712  mc_w.l(entry2.o)
    0x08000164   0x08000164   0x00000024   Code   RO            4    .text               startup_stm32f107xc.o
    0x08000188   0x08000188   0x00000062   Code   RO         6387    .text               mc_w.l(uldiv.o)
    0x080001ea   0x080001ea   0x00000020   Code   RO         6389    .text               mc_w.l(llushr.o)
    0x0800020a   0x0800020a   0x00000002   PAD
    0x0800020c   0x0800020c   0x00000008   Code   RO         6391    .text               mc_w.l(ctype_o.o)
    0x08000214   0x08000214   0x00000024   Code   RO         6419    .text               mc_w.l(rand.o)
    0x08000238   0x08000238   0x00000024   Code   RO         6422    .text               mc_w.l(memcpya.o)
    0x0800025c   0x0800025c   0x00000024   Code   RO         6424    .text               mc_w.l(memseta.o)
    0x08000280   0x08000280   0x00000024   Code   RO         6426    .text               mc_w.l(strstr.o)
    0x080002a4   0x080002a4   0x0000000e   Code   RO         6430    .text               mc_w.l(strlen.o)
    0x080002b2   0x080002b2   0x0000001c   Code   RO         6432    .text               mc_w.l(strcmp.o)
    0x080002ce   0x080002ce   0x0000001a   Code   RO         6434    .text               mc_w.l(memcmp.o)
    0x080002e8   0x080002e8   0x00000012   Code   RO         6436    .text               mc_w.l(strcpy.o)
    0x080002fa   0x080002fa   0x0000002c   Code   RO         6720    .text               mc_w.l(uidiv.o)
    0x08000326   0x08000326   0x0000001e   Code   RO         6722    .text               mc_w.l(llshl.o)
    0x08000344   0x08000344   0x00000024   Code   RO         6735    .text               mc_w.l(init.o)
    0x08000368   0x08000368   0x00000000   Code   RO         6737    .text               mc_w.l(semi.o)
    0x08000368   0x08000368   0x00000000   Code   RO         6740    .text               mc_w.l(iusesemip.o)
    0x08000368   0x08000368   0x00000002   Code   RO          501    i.BusFault_Handler  stm32f1xx_it.o
    0x0800036a   0x0800036a   0x00000002   Code   RO          502    i.DebugMon_Handler  stm32f1xx_it.o
    0x0800036c   0x0800036c   0x00000020   Code   RO          646    i.ETH_Delay         stm32f1xx_hal_eth.o
    0x0800038c   0x0800038c   0x0000002e   Code   RO          647    i.ETH_FlushTransmitFIFO  stm32f1xx_hal_eth.o
    0x080003ba   0x080003ba   0x00000002   PAD
    0x080003bc   0x080003bc   0x0000000c   Code   RO          503    i.ETH_IRQHandler    stm32f1xx_it.o
    0x080003c8   0x080003c8   0x00000124   Code   RO          648    i.ETH_MACDMAConfig  stm32f1xx_hal_eth.o
    0x080004ec   0x080004ec   0x00000024   Code   RO          806    i.HAL_Delay         stm32f1xx_hal.o
    0x08000510   0x08000510   0x00000072   Code   RO          651    i.HAL_ETH_DMARxDescListInit  stm32f1xx_hal_eth.o
    0x08000582   0x08000582   0x00000078   Code   RO          652    i.HAL_ETH_DMATxDescListInit  stm32f1xx_hal_eth.o
    0x080005fa   0x080005fa   0x00000002   Code   RO          654    i.HAL_ETH_ErrorCallback  stm32f1xx_hal_eth.o
    0x080005fc   0x080005fc   0x0000007a   Code   RO          655    i.HAL_ETH_GetReceivedFrame  stm32f1xx_hal_eth.o
    0x08000676   0x08000676   0x0000007a   Code   RO          658    i.HAL_ETH_IRQHandler  stm32f1xx_hal_eth.o
    0x080006f0   0x080006f0   0x000001a4   Code   RO          659    i.HAL_ETH_Init      stm32f1xx_hal_eth.o
    0x08000894   0x08000894   0x00000100   Code   RO          420    i.HAL_ETH_MspInit   ethernetif.o
    0x08000994   0x08000994   0x00000082   Code   RO          662    i.HAL_ETH_ReadPHYRegister  stm32f1xx_hal_eth.o
    0x08000a16   0x08000a16   0x00000002   Code   RO          663    i.HAL_ETH_RxCpltCallback  stm32f1xx_hal_eth.o
    0x08000a18   0x08000a18   0x00000084   Code   RO          664    i.HAL_ETH_Start     stm32f1xx_hal_eth.o
    0x08000a9c   0x08000a9c   0x00000108   Code   RO          666    i.HAL_ETH_TransmitFrame  stm32f1xx_hal_eth.o
    0x08000ba4   0x08000ba4   0x00000002   Code   RO          667    i.HAL_ETH_TxCpltCallback  stm32f1xx_hal_eth.o
    0x08000ba6   0x08000ba6   0x00000076   Code   RO          668    i.HAL_ETH_WritePHYRegister  stm32f1xx_hal_eth.o
    0x08000c1c   0x08000c1c   0x000001cc   Code   RO         1138    i.HAL_GPIO_Init     stm32f1xx_hal_gpio.o
    0x08000de8   0x08000de8   0x0000000a   Code   RO         1140    i.HAL_GPIO_ReadPin  stm32f1xx_hal_gpio.o
    0x08000df2   0x08000df2   0x0000000e   Code   RO         1141    i.HAL_GPIO_TogglePin  stm32f1xx_hal_gpio.o
    0x08000e00   0x08000e00   0x0000000a   Code   RO         1142    i.HAL_GPIO_WritePin  stm32f1xx_hal_gpio.o
    0x08000e0a   0x08000e0a   0x00000002   PAD
    0x08000e0c   0x08000e0c   0x0000000c   Code   RO          810    i.HAL_GetTick       stm32f1xx_hal.o
    0x08000e18   0x08000e18   0x00000010   Code   RO          816    i.HAL_IncTick       stm32f1xx_hal.o
    0x08000e28   0x08000e28   0x00000024   Code   RO          817    i.HAL_Init          stm32f1xx_hal.o
    0x08000e4c   0x08000e4c   0x00000040   Code   RO          818    i.HAL_InitTick      stm32f1xx_hal.o
    0x08000e8c   0x08000e8c   0x0000003c   Code   RO          586    i.HAL_MspInit       stm32f1xx_hal_msp.o
    0x08000ec8   0x08000ec8   0x0000001a   Code   RO         1298    i.HAL_NVIC_EnableIRQ  stm32f1xx_hal_cortex.o
    0x08000ee2   0x08000ee2   0x00000002   PAD
    0x08000ee4   0x08000ee4   0x00000040   Code   RO         1304    i.HAL_NVIC_SetPriority  stm32f1xx_hal_cortex.o
    0x08000f24   0x08000f24   0x00000024   Code   RO         1305    i.HAL_NVIC_SetPriorityGrouping  stm32f1xx_hal_cortex.o
    0x08000f48   0x08000f48   0x00000138   Code   RO          974    i.HAL_RCC_ClockConfig  stm32f1xx_hal_rcc.o
    0x08001080   0x08001080   0x0000000c   Code   RO          979    i.HAL_RCC_GetHCLKFreq  stm32f1xx_hal_rcc.o
    0x0800108c   0x0800108c   0x000000c4   Code   RO          983    i.HAL_RCC_GetSysClockFreq  stm32f1xx_hal_rcc.o
    0x08001150   0x08001150   0x00000048   Code   RO          984    i.HAL_RCC_MCOConfig  stm32f1xx_hal_rcc.o
    0x08001198   0x08001198   0x000003d4   Code   RO          986    i.HAL_RCC_OscConfig  stm32f1xx_hal_rcc.o
    0x0800156c   0x0800156c   0x00000028   Code   RO         1309    i.HAL_SYSTICK_Config  stm32f1xx_hal_cortex.o
    0x08001594   0x08001594   0x00000002   Code   RO          504    i.HardFault_Handler  stm32f1xx_it.o
    0x08001596   0x08001596   0x00000002   PAD
    0x08001598   0x08001598   0x00000070   Code   RO         2420    i.LcpEchoCheck      lcp.o
    0x08001608   0x08001608   0x00000014   Code   RO         2421    i.LcpEchoTimeout    lcp.o
    0x0800161c   0x0800161c   0x000000e0   Code   RO         2422    i.LcpSendEchoRequest  lcp.o
    0x080016fc   0x080016fc   0x00000088   Code   RO          249    i.MX_GPIO_Init      main.o
    0x08001784   0x08001784   0x00000064   Code   RO          350    i.MX_LWIP_Init      lwip.o
    0x080017e8   0x080017e8   0x00000014   Code   RO          351    i.MX_LWIP_Process   lwip.o
    0x080017fc   0x080017fc   0x00000002   Code   RO          505    i.MemManage_Handler  stm32f1xx_it.o
    0x080017fe   0x080017fe   0x00000002   Code   RO          506    i.NMI_Handler       stm32f1xx_it.o
    0x08001800   0x08001800   0x00000002   Code   RO          507    i.PendSV_Handler    stm32f1xx_it.o
    0x08001802   0x08001802   0x00000002   Code   RO          508    i.SVC_Handler       stm32f1xx_it.o
    0x08001804   0x08001804   0x00000038   Code   RO          509    i.SysTick_Handler   stm32f1xx_it.o
    0x0800183c   0x0800183c   0x00000090   Code   RO          250    i.SystemClock_Config  main.o
    0x080018cc   0x080018cc   0x00000054   Code   RO         1835    i.SystemInit        system_stm32f1xx.o
    0x08001920   0x08001920   0x00000002   Code   RO          510    i.UsageFault_Handler  stm32f1xx_it.o
    0x08001922   0x08001922   0x00000002   PAD
    0x08001924   0x08001924   0x00000020   Code   RO         6531    i.__0printf$3       mc_w.l(printf3.o)
    0x08001944   0x08001944   0x00000020   Code   RO         1311    i.__NVIC_SetPriority  stm32f1xx_hal_cortex.o
    0x08001964   0x08001964   0x0000000e   Code   RO         6745    i.__scatterload_copy  mc_w.l(handlers.o)
    0x08001972   0x08001972   0x00000002   Code   RO         6746    i.__scatterload_null  mc_w.l(handlers.o)
    0x08001974   0x08001974   0x0000000e   Code   RO         6747    i.__scatterload_zeroinit  mc_w.l(handlers.o)
    0x08001982   0x08001982   0x00000002   PAD
    0x08001984   0x08001984   0x000001b8   Code   RO         6538    i._printf_core      mc_w.l(printf3.o)
    0x08001b3c   0x08001b3c   0x00000038   Code   RO         1872    i.auth_withpeer_fail  auth.o
    0x08001b74   0x08001b74   0x00000090   Code   RO         1873    i.auth_withpeer_success  auth.o
    0x08001c04   0x08001c04   0x00000038   Code   RO         2710    i.cdns              ppp.o
    0x08001c3c   0x08001c3c   0x0000001c   Code   RO         2711    i.cifaddr           ppp.o
    0x08001c58   0x08001c58   0x00000070   Code   RO         1874    i.continue_networks  auth.o
    0x08001cc8   0x08001cc8   0x0000001c   Code   RO         5246    i.cyclic_timer      timeouts.o
    0x08001ce4   0x08001ce4   0x0000009c   Code   RO         5457    i.dhcp_arp_reply    dhcp.o
    0x08001d80   0x08001d80   0x0000018c   Code   RO         5458    i.dhcp_bind         dhcp.o
    0x08001f0c   0x08001f0c   0x00000034   Code   RO         5459    i.dhcp_check        dhcp.o
    0x08001f40   0x08001f40   0x000000ac   Code   RO         5461    i.dhcp_coarse_tmr   dhcp.o
    0x08001fec   0x08001fec   0x000002c4   Code   RO         5462    i.dhcp_create_msg   dhcp.o
    0x080022b0   0x080022b0   0x000000b8   Code   RO         5463    i.dhcp_dec_pcb_refcount  dhcp.o
    0x08002368   0x08002368   0x00000088   Code   RO         5464    i.dhcp_decline      dhcp.o
    0x080023f0   0x080023f0   0x00000124   Code   RO         5465    i.dhcp_delete_msg   dhcp.o
    0x08002514   0x08002514   0x000000cc   Code   RO         5466    i.dhcp_discover     dhcp.o
    0x080025e0   0x080025e0   0x00000034   Code   RO         5467    i.dhcp_fine_tmr     dhcp.o
    0x08002614   0x08002614   0x0000008c   Code   RO         5468    i.dhcp_handle_ack   dhcp.o
    0x080026a0   0x080026a0   0x000000ec   Code   RO         5469    i.dhcp_inc_pcb_refcount  dhcp.o
    0x0800278c   0x0800278c   0x00000030   Code   RO         5471    i.dhcp_network_changed  dhcp.o
    0x080027bc   0x080027bc   0x000000a4   Code   RO         5472    i.dhcp_option       dhcp.o
    0x08002860   0x08002860   0x000000c8   Code   RO         5473    i.dhcp_option_byte  dhcp.o
    0x08002928   0x08002928   0x000000fc   Code   RO         5474    i.dhcp_option_long  dhcp.o
    0x08002a24   0x08002a24   0x000000a0   Code   RO         5475    i.dhcp_option_short  dhcp.o
    0x08002ac4   0x08002ac4   0x0000015c   Code   RO         5476    i.dhcp_option_trailer  dhcp.o
    0x08002c20   0x08002c20   0x000003c8   Code   RO         5477    i.dhcp_parse_reply  dhcp.o
    0x08002fe8   0x08002fe8   0x000000b8   Code   RO         5478    i.dhcp_rebind       dhcp.o
    0x080030a0   0x080030a0   0x000000d0   Code   RO         5479    i.dhcp_reboot       dhcp.o
    0x08003170   0x08003170   0x000001b0   Code   RO         5480    i.dhcp_recv         dhcp.o
    0x08003320   0x08003320   0x000000a8   Code   RO         5481    i.dhcp_release      dhcp.o
    0x080033c8   0x080033c8   0x000000b4   Code   RO         5482    i.dhcp_renew        dhcp.o
    0x0800347c   0x0800347c   0x000000f8   Code   RO         5483    i.dhcp_select       dhcp.o
    0x08003574   0x08003574   0x00000010   Code   RO         5484    i.dhcp_set_state    dhcp.o
    0x08003584   0x08003584   0x00000164   Code   RO         5486    i.dhcp_start        dhcp.o
    0x080036e8   0x080036e8   0x000000d8   Code   RO         5487    i.dhcp_stop         dhcp.o
    0x080037c0   0x080037c0   0x0000001c   Code   RO         5488    i.dhcp_supplied_address  dhcp.o
    0x080037dc   0x080037dc   0x00000066   Code   RO         5489    i.dhcp_timeout      dhcp.o
    0x08003842   0x08003842   0x00000002   PAD
    0x08003844   0x08003844   0x000000b8   Code   RO         3911    i.dns_alloc_pcb     dns.o
    0x080038fc   0x080038fc   0x00000098   Code   RO         3912    i.dns_call_found    dns.o
    0x08003994   0x08003994   0x00000018   Code   RO          251    i.dns_callback      main.o
    0x080039ac   0x080039ac   0x00000174   Code   RO         3913    i.dns_check_entry   dns.o
    0x08003b20   0x08003b20   0x00000062   Code   RO         3914    i.dns_compare_name  dns.o
    0x08003b82   0x08003b82   0x00000002   PAD
    0x08003b84   0x08003b84   0x0000013c   Code   RO         3915    i.dns_enqueue       dns.o
    0x08003cc0   0x08003cc0   0x0000000c   Code   RO         3916    i.dns_gethostbyname  dns.o
    0x08003ccc   0x08003ccc   0x00000094   Code   RO         3917    i.dns_gethostbyname_addrtype  dns.o
    0x08003d60   0x08003d60   0x00000018   Code   RO         3918    i.dns_getserver     dns.o
    0x08003d78   0x08003d78   0x00000002   Code   RO         3919    i.dns_init          dns.o
    0x08003d7a   0x08003d7a   0x00000002   PAD
    0x08003d7c   0x08003d7c   0x000001ec   Code   RO         3920    i.dns_recv          dns.o
    0x08003f68   0x08003f68   0x00000194   Code   RO         3921    i.dns_send          dns.o
    0x080040fc   0x080040fc   0x00000020   Code   RO         3922    i.dns_setserver     dns.o
    0x0800411c   0x0800411c   0x00000014   Code   RO         3923    i.dns_tmr           dns.o
    0x08004130   0x08004130   0x0000009c   Code   RO         4267    i.do_memp_free_pool  memp.o
    0x080041cc   0x080041cc   0x000000a4   Code   RO         4268    i.do_memp_malloc_pool  memp.o
    0x08004270   0x08004270   0x00000030   Code   RO         5663    i.etharp_cleanup_netif  etharp.o
    0x080042a0   0x080042a0   0x00000248   Code   RO         5665    i.etharp_find_entry  etharp.o
    0x080044e8   0x080044e8   0x00000024   Code   RO         5666    i.etharp_free_entry  etharp.o
    0x0800450c   0x0800450c   0x0000011c   Code   RO         5668    i.etharp_input      etharp.o
    0x08004628   0x08004628   0x000001a8   Code   RO         5669    i.etharp_output     etharp.o
    0x080047d0   0x080047d0   0x00000110   Code   RO         5670    i.etharp_output_to_arp_index  etharp.o
    0x080048e0   0x080048e0   0x000001e0   Code   RO         5671    i.etharp_query      etharp.o
    0x08004ac0   0x08004ac0   0x00000170   Code   RO         5672    i.etharp_raw        etharp.o
    0x08004c30   0x08004c30   0x0000000c   Code   RO         5673    i.etharp_request    etharp.o
    0x08004c3c   0x08004c3c   0x00000020   Code   RO         5674    i.etharp_request_dst  etharp.o
    0x08004c5c   0x08004c5c   0x00000060   Code   RO         5675    i.etharp_tmr        etharp.o
    0x08004cbc   0x08004cbc   0x0000011c   Code   RO         5676    i.etharp_update_arp_entry  etharp.o
    0x08004dd8   0x08004dd8   0x000000c4   Code   RO         3357    i.ethernet_input    ethernet.o
    0x08004e9c   0x08004e9c   0x000000f8   Code   RO         3358    i.ethernet_output   ethernet.o
    0x08004f94   0x08004f94   0x00000088   Code   RO          421    i.ethernetif_init   ethernetif.o
    0x0800501c   0x0800501c   0x00000022   Code   RO          422    i.ethernetif_input  ethernetif.o
    0x0800503e   0x0800503e   0x00000012   Code   RO         6717    i.fputc             mc_w.l(fputc.o)
    0x08005050   0x08005050   0x00000008   Code   RO         3635    i.fs_bytes_left     fs.o
    0x08005058   0x08005058   0x00000002   Code   RO         3636    i.fs_close          fs.o
    0x0800505a   0x0800505a   0x00000002   PAD
    0x0800505c   0x0800505c   0x00000044   Code   RO         3637    i.fs_open           fs.o
    0x080050a0   0x080050a0   0x00000052   Code   RO         2145    i.fsm_close         fsm.o
    0x080050f2   0x080050f2   0x00000012   Code   RO         2146    i.fsm_init          fsm.o
    0x08005104   0x08005104   0x00000104   Code   RO         2147    i.fsm_input         fsm.o
    0x08005208   0x08005208   0x00000058   Code   RO         2148    i.fsm_lowerdown     fsm.o
    0x08005260   0x08005260   0x00000028   Code   RO         2149    i.fsm_lowerup       fsm.o
    0x08005288   0x08005288   0x0000005e   Code   RO         2150    i.fsm_open          fsm.o
    0x080052e6   0x080052e6   0x00000002   PAD
    0x080052e8   0x080052e8   0x00000054   Code   RO         2151    i.fsm_protreject    fsm.o
    0x0800533c   0x0800533c   0x000000dc   Code   RO         2152    i.fsm_rconfack      fsm.o
    0x08005418   0x08005418   0x00000124   Code   RO         2153    i.fsm_rconfnakrej   fsm.o
    0x0800553c   0x0800553c   0x000000c8   Code   RO         2154    i.fsm_rconfreq      fsm.o
    0x08005604   0x08005604   0x0000005c   Code   RO         2155    i.fsm_rtermack      fsm.o
    0x08005660   0x08005660   0x000000b4   Code   RO         2156    i.fsm_rtermreq      fsm.o
    0x08005714   0x08005714   0x00000190   Code   RO         2157    i.fsm_sconfreq      fsm.o
    0x080058a4   0x080058a4   0x00000088   Code   RO         2158    i.fsm_sdata         fsm.o
    0x0800592c   0x0800592c   0x000000d4   Code   RO         2159    i.fsm_timeout       fsm.o
    0x08005a00   0x08005a00   0x00000006   Code   RO         2712    i.get_mask          ppp.o
    0x08005a06   0x08005a06   0x00000002   PAD
    0x08005a08   0x08005a08   0x00000070   Code   RO         3508    i.http_accept       httpd.o
    0x08005a78   0x08005a78   0x000000c8   Code   RO         3509    i.http_check_eof    httpd.o
    0x08005b40   0x08005b40   0x00000006   Code   RO         3510    i.http_close_conn   httpd.o
    0x08005b46   0x08005b46   0x00000002   PAD
    0x08005b48   0x08005b48   0x00000060   Code   RO         3511    i.http_close_or_abort_conn  httpd.o
    0x08005ba8   0x08005ba8   0x00000004   Code   RO         3512    i.http_eof          httpd.o
    0x08005bac   0x08005bac   0x0000000a   Code   RO         3513    i.http_err          httpd.o
    0x08005bb6   0x08005bb6   0x00000036   Code   RO         3514    i.http_poll         httpd.o
    0x08005bec   0x08005bec   0x000001b0   Code   RO         3515    i.http_recv         httpd.o
    0x08005d9c   0x08005d9c   0x00000042   Code   RO         3516    i.http_send         httpd.o
    0x08005dde   0x08005dde   0x00000054   Code   RO         3517    i.http_send_data_nonssi  httpd.o
    0x08005e32   0x08005e32   0x00000018   Code   RO         3518    i.http_sent         httpd.o
    0x08005e4a   0x08005e4a   0x00000028   Code   RO         3520    i.http_state_free   httpd.o
    0x08005e72   0x08005e72   0x00000002   PAD
    0x08005e74   0x08005e74   0x00000088   Code   RO         3521    i.http_write        httpd.o
    0x08005efc   0x08005efc   0x00000124   Code   RO         3522    i.httpd_init        httpd.o
    0x08006020   0x08006020   0x00000008   Code   RO         5763    i.icmp_dest_unreach  icmp.o
    0x08006028   0x08006028   0x000001e4   Code   RO         5764    i.icmp_input        icmp.o
    0x0800620c   0x0800620c   0x0000010c   Code   RO         5765    i.icmp_send_response  icmp.o
    0x08006318   0x08006318   0x00000008   Code   RO         5766    i.icmp_time_exceeded  icmp.o
    0x08006320   0x08006320   0x0000002e   Code   RO         5879    i.ip4_addr_isbroadcast_u32  ip4_addr.o
    0x0800634e   0x0800634e   0x00000002   PAD
    0x08006350   0x08006350   0x00000258   Code   RO         5945    i.ip4_frag          ip4_frag.o
    0x080065a8   0x080065a8   0x000001c0   Code   RO         5829    i.ip4_input         ip4.o
    0x08006768   0x08006768   0x0000001e   Code   RO         5831    i.ip4_output_if     ip4.o
    0x08006786   0x08006786   0x00000002   PAD
    0x08006788   0x08006788   0x0000016c   Code   RO         5832    i.ip4_output_if_src  ip4.o
    0x080068f4   0x080068f4   0x000001c8   Code   RO         5946    i.ip4_reass         ip4_frag.o
    0x08006abc   0x08006abc   0x0000005c   Code   RO         5833    i.ip4_route         ip4.o
    0x08006b18   0x08006b18   0x0000019c   Code   RO         5881    i.ip4addr_aton      ip4_addr.o
    0x08006cb4   0x08006cb4   0x0000000c   Code   RO         5882    i.ip4addr_ntoa      ip4_addr.o
    0x08006cc0   0x08006cc0   0x00000076   Code   RO         5883    i.ip4addr_ntoa_r    ip4_addr.o
    0x08006d36   0x08006d36   0x00000002   PAD
    0x08006d38   0x08006d38   0x00000090   Code   RO         5947    i.ip_frag_free_pbuf_custom_ref  ip4_frag.o
    0x08006dc8   0x08006dc8   0x0000025c   Code   RO         5948    i.ip_reass_chain_frag_into_datagram_and_validate  ip4_frag.o
    0x08007024   0x08007024   0x000000bc   Code   RO         5949    i.ip_reass_dequeue_datagram  ip4_frag.o
    0x080070e0   0x080070e0   0x00000190   Code   RO         5950    i.ip_reass_free_complete_datagram  ip4_frag.o
    0x08007270   0x08007270   0x00000084   Code   RO         5951    i.ip_reass_remove_oldest_datagram  ip4_frag.o
    0x080072f4   0x080072f4   0x0000002c   Code   RO         5952    i.ip_reass_tmr      ip4_frag.o
    0x08007320   0x08007320   0x00000140   Code   RO         2273    i.ipcp_ackci        ipcp.o
    0x08007460   0x08007460   0x0000011a   Code   RO         2274    i.ipcp_addci        ipcp.o
    0x0800757a   0x0800757a   0x0000005e   Code   RO         2275    i.ipcp_cilen        ipcp.o
    0x080075d8   0x080075d8   0x00000006   Code   RO         2276    i.ipcp_close        ipcp.o
    0x080075de   0x080075de   0x0000003e   Code   RO         2277    i.ipcp_down         ipcp.o
    0x0800761c   0x0800761c   0x00000016   Code   RO         2278    i.ipcp_finished     ipcp.o
    0x08007632   0x08007632   0x00000002   PAD
    0x08007634   0x08007634   0x00000048   Code   RO         2279    i.ipcp_init         ipcp.o
    0x0800767c   0x0800767c   0x00000006   Code   RO         2280    i.ipcp_input        ipcp.o
    0x08007682   0x08007682   0x00000006   Code   RO         2281    i.ipcp_lowerdown    ipcp.o
    0x08007688   0x08007688   0x00000006   Code   RO         2282    i.ipcp_lowerup      ipcp.o
    0x0800768e   0x0800768e   0x00000308   Code   RO         2283    i.ipcp_nakci        ipcp.o
    0x08007996   0x08007996   0x00000014   Code   RO         2284    i.ipcp_open         ipcp.o
    0x080079aa   0x080079aa   0x00000006   Code   RO         2285    i.ipcp_protrej      ipcp.o
    0x080079b0   0x080079b0   0x0000015e   Code   RO         2286    i.ipcp_rejci        ipcp.o
    0x08007b0e   0x08007b0e   0x00000310   Code   RO         2287    i.ipcp_reqci        ipcp.o
    0x08007e1e   0x08007e1e   0x00000078   Code   RO         2288    i.ipcp_resetci      ipcp.o
    0x08007e96   0x08007e96   0x00000002   PAD
    0x08007e98   0x08007e98   0x000002b4   Code   RO         2289    i.ipcp_up           ipcp.o
    0x0800814c   0x0800814c   0x00000098   Code   RO         5953    i.ipfrag_free_pbuf_custom  ip4_frag.o
    0x080081e4   0x080081e4   0x00000192   Code   RO         2423    i.lcp_ackci         lcp.o
    0x08008376   0x08008376   0x00000002   PAD
    0x08008378   0x08008378   0x00000164   Code   RO         2424    i.lcp_addci         lcp.o
    0x080084dc   0x080084dc   0x0000006e   Code   RO         2425    i.lcp_cilen         lcp.o
    0x0800854a   0x0800854a   0x00000002   PAD
    0x0800854c   0x0800854c   0x00000054   Code   RO         2426    i.lcp_close         lcp.o
    0x080085a0   0x080085a0   0x00000012   Code   RO         2427    i.lcp_delayed_up    lcp.o
    0x080085b2   0x080085b2   0x00000002   PAD
    0x080085b4   0x080085b4   0x00000064   Code   RO         2428    i.lcp_down          lcp.o
    0x08008618   0x08008618   0x00000060   Code   RO         2429    i.lcp_extcode       lcp.o
    0x08008678   0x08008678   0x00000006   Code   RO         2430    i.lcp_finished      lcp.o
    0x0800867e   0x0800867e   0x00000002   PAD
    0x08008680   0x08008680   0x0000005c   Code   RO         2431    i.lcp_init          lcp.o
    0x080086dc   0x080086dc   0x00000038   Code   RO         2432    i.lcp_input         lcp.o
    0x08008714   0x08008714   0x00000020   Code   RO         2433    i.lcp_lowerdown     lcp.o
    0x08008734   0x08008734   0x0000007c   Code   RO         2434    i.lcp_lowerup       lcp.o
    0x080087b0   0x080087b0   0x0000036c   Code   RO         2435    i.lcp_nakci         lcp.o
    0x08008b1c   0x08008b1c   0x0000002c   Code   RO         2436    i.lcp_open          lcp.o
    0x08008b48   0x08008b48   0x0000003c   Code   RO         2437    i.lcp_protrej       lcp.o
    0x08008b84   0x08008b84   0x000000a0   Code   RO         2438    i.lcp_received_echo_reply  lcp.o
    0x08008c24   0x08008c24   0x000001d8   Code   RO         2439    i.lcp_rejci         lcp.o
    0x08008dfc   0x08008dfc   0x000002f4   Code   RO         2440    i.lcp_reqci         lcp.o
    0x080090f0   0x080090f0   0x0000005e   Code   RO         2441    i.lcp_resetci       lcp.o
    0x0800914e   0x0800914e   0x00000002   PAD
    0x08009150   0x08009150   0x000000a0   Code   RO         2442    i.lcp_rprotrej      lcp.o
    0x080091f0   0x080091f0   0x0000001a   Code   RO         2443    i.lcp_sprotrej      lcp.o
    0x0800920a   0x0800920a   0x00000006   Code   RO         2444    i.lcp_starting      lcp.o
    0x08009210   0x08009210   0x000000f4   Code   RO         2445    i.lcp_up            lcp.o
    0x08009304   0x08009304   0x0000001e   Code   RO         1876    i.link_down         auth.o
    0x08009322   0x08009322   0x00000002   PAD
    0x08009324   0x08009324   0x00000068   Code   RO         1877    i.link_established  auth.o
    0x0800938c   0x0800938c   0x00000002   Code   RO         1878    i.link_required     auth.o
    0x0800938e   0x0800938e   0x00000002   PAD
    0x08009390   0x08009390   0x00000044   Code   RO         1879    i.link_terminated   auth.o
    0x080093d4   0x080093d4   0x00000100   Code   RO          423    i.low_level_init    ethernetif.o
    0x080094d4   0x080094d4   0x000000bc   Code   RO          424    i.low_level_input   ethernetif.o
    0x08009590   0x08009590   0x000000a8   Code   RO          425    i.low_level_output  ethernetif.o
    0x08009638   0x08009638   0x00000004   Code   RO         3856    i.lwip_htonl        def.o
    0x0800963c   0x0800963c   0x00000004   Code   RO         3857    i.lwip_htons        def.o
    0x08009640   0x08009640   0x00000026   Code   RO         4095    i.lwip_init         init.o
    0x08009666   0x08009666   0x00000032   Code   RO         3860    i.lwip_strnicmp     def.o
    0x08009698   0x08009698   0x00000014   Code   RO         2602    i.magic             magic.o
    0x080096ac   0x080096ac   0x00000014   Code   RO         2603    i.magic_init        magic.o
    0x080096c0   0x080096c0   0x00000014   Code   RO         2606    i.magic_randomize   magic.o
    0x080096d4   0x080096d4   0x00000054   Code   RO          252    i.main              main.o
    0x08009728   0x08009728   0x0000011c   Code   RO         4201    i.mem_free          mem.o
    0x08009844   0x08009844   0x00000034   Code   RO         4202    i.mem_init          mem.o
    0x08009878   0x08009878   0x000001fc   Code   RO         4203    i.mem_malloc        mem.o
    0x08009a74   0x08009a74   0x00000184   Code   RO         4204    i.mem_trim          mem.o
    0x08009bf8   0x08009bf8   0x0000009c   Code   RO         4269    i.memp_free         memp.o
    0x08009c94   0x08009c94   0x00000088   Code   RO         4270    i.memp_free_pool    memp.o
    0x08009d1c   0x08009d1c   0x0000001c   Code   RO         4271    i.memp_init         memp.o
    0x08009d38   0x08009d38   0x0000002a   Code   RO         4272    i.memp_init_pool    memp.o
    0x08009d62   0x08009d62   0x00000002   PAD
    0x08009d64   0x08009d64   0x000000a4   Code   RO         4273    i.memp_malloc       memp.o
    0x08009e08   0x08009e08   0x000000e0   Code   RO         4394    i.netif_add         netif.o
    0x08009ee8   0x08009ee8   0x00000002   Code   RO         4396    i.netif_init        netif.o
    0x08009eea   0x08009eea   0x0000001a   Code   RO         4398    i.netif_issue_reports  netif.o
    0x08009f04   0x08009f04   0x00000048   Code   RO         4400    i.netif_set_addr    netif.o
    0x08009f4c   0x08009f4c   0x0000000c   Code   RO         4401    i.netif_set_default  netif.o
    0x08009f58   0x08009f58   0x0000001a   Code   RO         4402    i.netif_set_down    netif.o
    0x08009f72   0x08009f72   0x00000008   Code   RO         4403    i.netif_set_gw      netif.o
    0x08009f7a   0x08009f7a   0x00000002   PAD
    0x08009f7c   0x08009f7c   0x00000040   Code   RO         4404    i.netif_set_ipaddr  netif.o
    0x08009fbc   0x08009fbc   0x00000012   Code   RO         4405    i.netif_set_link_down  netif.o
    0x08009fce   0x08009fce   0x00000030   Code   RO         4406    i.netif_set_link_up  netif.o
    0x08009ffe   0x08009ffe   0x00000006   Code   RO         2714    i.netif_set_mtu     ppp.o
    0x0800a004   0x0800a004   0x00000008   Code   RO         4407    i.netif_set_netmask  netif.o
    0x0800a00c   0x0800a00c   0x0000001c   Code   RO         4408    i.netif_set_up      netif.o
    0x0800a028   0x0800a028   0x00000006   Code   RO         2715    i.new_phase         ppp.o
    0x0800a02e   0x0800a02e   0x00000018   Code   RO         1880    i.np_down           auth.o
    0x0800a046   0x0800a046   0x00000002   PAD
    0x0800a048   0x0800a048   0x00000038   Code   RO         1881    i.np_finished       auth.o
    0x0800a080   0x0800a080   0x0000001c   Code   RO         1882    i.np_up             auth.o
    0x0800a09c   0x0800a09c   0x0000037c   Code   RO         4525    i.pbuf_alloc        pbuf.o
    0x0800a418   0x0800a418   0x000000e0   Code   RO         4526    i.pbuf_alloced_custom  pbuf.o
    0x0800a4f8   0x0800a4f8   0x00000130   Code   RO         4527    i.pbuf_cat          pbuf.o
    0x0800a628   0x0800a628   0x00000012   Code   RO         4528    i.pbuf_chain        pbuf.o
    0x0800a63a   0x0800a63a   0x00000012   Code   RO         4529    i.pbuf_clen         pbuf.o
    0x0800a64c   0x0800a64c   0x000001ec   Code   RO         4531    i.pbuf_copy         pbuf.o
    0x0800a838   0x0800a838   0x0000011c   Code   RO         4532    i.pbuf_copy_partial  pbuf.o
    0x0800a954   0x0800a954   0x00000164   Code   RO         4534    i.pbuf_free         pbuf.o
    0x0800aab8   0x0800aab8   0x0000002c   Code   RO         4535    i.pbuf_free_ooseq   pbuf.o
    0x0800aae4   0x0800aae4   0x00000006   Code   RO         4537    i.pbuf_header       pbuf.o
    0x0800aaea   0x0800aaea   0x00000006   Code   RO         4538    i.pbuf_header_force  pbuf.o
    0x0800aaf0   0x0800aaf0   0x00000124   Code   RO         4539    i.pbuf_header_impl  pbuf.o
    0x0800ac14   0x0800ac14   0x0000001e   Code   RO         4542    i.pbuf_put_at       pbuf.o
    0x0800ac32   0x0800ac32   0x00000002   PAD
    0x0800ac34   0x0800ac34   0x00000198   Code   RO         4543    i.pbuf_realloc      pbuf.o
    0x0800adcc   0x0800adcc   0x0000008c   Code   RO         4544    i.pbuf_ref          pbuf.o
    0x0800ae58   0x0800ae58   0x00000004   Code   RO         4545    i.pbuf_skip         pbuf.o
    0x0800ae5c   0x0800ae5c   0x00000018   Code   RO         4546    i.pbuf_skip_const   pbuf.o
    0x0800ae74   0x0800ae74   0x0000017c   Code   RO         4548    i.pbuf_take         pbuf.o
    0x0800aff0   0x0800aff0   0x00000054   Code   RO         4549    i.pbuf_take_at      pbuf.o
    0x0800b044   0x0800b044   0x00000020   Code   RO         4550    i.pbuf_try_get_at   pbuf.o
    0x0800b064   0x0800b064   0x0000017c   Code   RO         4205    i.plug_holes        mem.o
    0x0800b1e0   0x0800b1e0   0x00000014   Code   RO         3224    i.ppp_dbglog        utils.o
    0x0800b1f4   0x0800b1f4   0x00000014   Code   RO         3225    i.ppp_error         utils.o
    0x0800b208   0x0800b208   0x00000014   Code   RO         3227    i.ppp_info          utils.o
    0x0800b21c   0x0800b21c   0x00000020   Code   RO         2720    i.ppp_init          ppp.o
    0x0800b23c   0x0800b23c   0x00000104   Code   RO         2721    i.ppp_input         ppp.o
    0x0800b340   0x0800b340   0x0000001a   Code   RO         2723    i.ppp_link_end      ppp.o
    0x0800b35a   0x0800b35a   0x00000012   Code   RO         2724    i.ppp_link_failed   ppp.o
    0x0800b36c   0x0800b36c   0x00000008   Code   RO         2725    i.ppp_link_terminated  ppp.o
    0x0800b374   0x0800b374   0x0000001a   Code   RO         3228    i.ppp_logit         utils.o
    0x0800b38e   0x0800b38e   0x00000014   Code   RO         3229    i.ppp_notice        utils.o
    0x0800b3a2   0x0800b3a2   0x00000014   Code   RO         2729    i.ppp_recv_config   ppp.o
    0x0800b3b6   0x0800b3b6   0x00000014   Code   RO         2730    i.ppp_send_config   ppp.o
    0x0800b3ca   0x0800b3ca   0x00000044   Code   RO         2732    i.ppp_singlebuf     ppp.o
    0x0800b40e   0x0800b40e   0x00000012   Code   RO         3231    i.ppp_slprintf      utils.o
    0x0800b420   0x0800b420   0x0000001a   Code   RO         2733    i.ppp_start         ppp.o
    0x0800b43a   0x0800b43a   0x00000002   PAD
    0x0800b43c   0x0800b43c   0x000003e8   Code   RO         3234    i.ppp_vslprintf     utils.o
    0x0800b824   0x0800b824   0x00000014   Code   RO         3235    i.ppp_warn          utils.o
    0x0800b838   0x0800b838   0x0000000a   Code   RO         2734    i.ppp_write         ppp.o
    0x0800b842   0x0800b842   0x00000002   PAD
    0x0800b844   0x0800b844   0x00000068   Code   RO         2979    i.pppoe_connect     pppoe.o
    0x0800b8ac   0x0800b8ac   0x00000080   Code   RO         2981    i.pppoe_data_input  pppoe.o
    0x0800b92c   0x0800b92c   0x00000038   Code   RO         2982    i.pppoe_destroy     pppoe.o
    0x0800b964   0x0800b964   0x000001a8   Code   RO         2983    i.pppoe_disc_input  pppoe.o
    0x0800bb0c   0x0800bb0c   0x00000034   Code   RO         2984    i.pppoe_disconnect  pppoe.o
    0x0800bb40   0x0800bb40   0x00000044   Code   RO         2985    i.pppoe_netif_output  pppoe.o
    0x0800bb84   0x0800bb84   0x0000005e   Code   RO         2986    i.pppoe_output      pppoe.o
    0x0800bbe2   0x0800bbe2   0x00000002   PAD
    0x0800bbe4   0x0800bbe4   0x000000e4   Code   RO         2987    i.pppoe_send_padi   pppoe.o
    0x0800bcc8   0x0800bcc8   0x0000017c   Code   RO         2988    i.pppoe_send_padr   pppoe.o
    0x0800be44   0x0800be44   0x000000fc   Code   RO         2989    i.pppoe_send_padt   pppoe.o
    0x0800bf40   0x0800bf40   0x000000c8   Code   RO         2990    i.pppoe_timeout     pppoe.o
    0x0800c008   0x0800c008   0x00000046   Code   RO         2991    i.pppoe_write       pppoe.o
    0x0800c04e   0x0800c04e   0x00000044   Code   RO         2992    i.pppoe_xmit        pppoe.o
    0x0800c092   0x0800c092   0x0000001c   Code   RO         2735    i.sdns              ppp.o
    0x0800c0ae   0x0800c0ae   0x00000018   Code   RO         2736    i.sifaddr           ppp.o
    0x0800c0c6   0x0800c0c6   0x00000014   Code   RO         2737    i.sifdown           ppp.o
    0x0800c0da   0x0800c0da   0x00000028   Code   RO         2738    i.sifup             ppp.o
    0x0800c102   0x0800c102   0x00000014   Code   RO         1883    i.start_networks    auth.o
    0x0800c116   0x0800c116   0x00000002   PAD
    0x0800c118   0x0800c118   0x0000005c   Code   RO         5247    i.sys_check_timeouts  timeouts.o
    0x0800c174   0x0800c174   0x00000004   Code   RO          426    i.sys_jiffies       ethernetif.o
    0x0800c178   0x0800c178   0x00000004   Code   RO          427    i.sys_now           ethernetif.o
    0x0800c17c   0x0800c17c   0x0000013c   Code   RO         5249    i.sys_timeout       timeouts.o
    0x0800c2b8   0x0800c2b8   0x00000030   Code   RO         5250    i.sys_timeouts_init  timeouts.o
    0x0800c2e8   0x0800c2e8   0x00000048   Code   RO         5252    i.sys_untimeout     timeouts.o
    0x0800c330   0x0800c330   0x00000174   Code   RO         4770    i.tcp_abandon       tcp.o
    0x0800c4a4   0x0800c4a4   0x00000006   Code   RO         4771    i.tcp_abort         tcp.o
    0x0800c4aa   0x0800c4aa   0x0000000e   Code   RO         4772    i.tcp_accept        tcp.o
    0x0800c4b8   0x0800c4b8   0x0000000e   Code   RO         4773    i.tcp_accept_null   tcp.o
    0x0800c4c6   0x0800c4c6   0x00000002   PAD
    0x0800c4c8   0x0800c4c8   0x000000fc   Code   RO         4774    i.tcp_alloc         tcp.o
    0x0800c5c4   0x0800c5c4   0x00000008   Code   RO         4775    i.tcp_arg           tcp.o
    0x0800c5cc   0x0800c5cc   0x00000120   Code   RO         4776    i.tcp_bind          tcp.o
    0x0800c6ec   0x0800c6ec   0x00000014   Code   RO         4777    i.tcp_close         tcp.o
    0x0800c700   0x0800c700   0x00000188   Code   RO         4778    i.tcp_close_shutdown  tcp.o
    0x0800c888   0x0800c888   0x000000c4   Code   RO         4779    i.tcp_close_shutdown_fin  tcp.o
    0x0800c94c   0x0800c94c   0x00000120   Code   RO         5129    i.tcp_create_segment  tcp_out.o
    0x0800ca6c   0x0800ca6c   0x00000022   Code   RO         4782    i.tcp_eff_send_mss_impl  tcp.o
    0x0800ca8e   0x0800ca8e   0x00000002   PAD
    0x0800ca90   0x0800ca90   0x0000020c   Code   RO         5130    i.tcp_enqueue_flags  tcp_out.o
    0x0800cc9c   0x0800cc9c   0x000000a4   Code   RO         4783    i.tcp_err           tcp.o
    0x0800cd40   0x0800cd40   0x0000006c   Code   RO         4784    i.tcp_fasttmr       tcp.o
    0x0800cdac   0x0800cdac   0x00000030   Code   RO         5045    i.tcp_getoptbyte    tcp_in.o
    0x0800cddc   0x0800cddc   0x00000002   Code   RO         4785    i.tcp_init          tcp.o
    0x0800cdde   0x0800cdde   0x00000002   PAD
    0x0800cde0   0x0800cde0   0x000005c8   Code   RO         5046    i.tcp_input         tcp_in.o
    0x0800d3a8   0x0800d3a8   0x00000040   Code   RO         5047    i.tcp_input_delayed_close  tcp_in.o
    0x0800d3e8   0x0800d3e8   0x00000052   Code   RO         5131    i.tcp_keepalive     tcp_out.o
    0x0800d43a   0x0800d43a   0x00000002   PAD
    0x0800d43c   0x0800d43c   0x000000bc   Code   RO         4786    i.tcp_kill_state    tcp.o
    0x0800d4f8   0x0800d4f8   0x000000cc   Code   RO         4787    i.tcp_listen_closed  tcp.o
    0x0800d5c4   0x0800d5c4   0x000000f4   Code   RO         5048    i.tcp_listen_input  tcp_in.o
    0x0800d6b8   0x0800d6b8   0x00000006   Code   RO         4788    i.tcp_listen_with_backlog  tcp.o
    0x0800d6be   0x0800d6be   0x00000002   PAD
    0x0800d6c0   0x0800d6c0   0x00000124   Code   RO         4789    i.tcp_listen_with_backlog_and_err  tcp.o
    0x0800d7e4   0x0800d7e4   0x0000004c   Code   RO         4790    i.tcp_netif_ip_addr_changed  tcp.o
    0x0800d830   0x0800d830   0x00000022   Code   RO         4791    i.tcp_netif_ip_addr_changed_pcblist  tcp.o
    0x0800d852   0x0800d852   0x00000006   Code   RO         4793    i.tcp_new_ip_type   tcp.o
    0x0800d858   0x0800d858   0x0000005c   Code   RO         4794    i.tcp_new_port      tcp.o
    0x0800d8b4   0x0800d8b4   0x00000010   Code   RO         4795    i.tcp_next_iss      tcp.o
    0x0800d8c4   0x0800d8c4   0x00000078   Code   RO         5049    i.tcp_oos_insert_segment  tcp_in.o
    0x0800d93c   0x0800d93c   0x000002c8   Code   RO         5132    i.tcp_output        tcp_out.o
    0x0800dc04   0x0800dc04   0x0000010c   Code   RO         5133    i.tcp_output_alloc_header  tcp_out.o
    0x0800dd10   0x0800dd10   0x000000a8   Code   RO         5134    i.tcp_output_segment  tcp_out.o
    0x0800ddb8   0x0800ddb8   0x00000074   Code   RO         5050    i.tcp_parseopt      tcp_in.o
    0x0800de2c   0x0800de2c   0x000000d8   Code   RO         5135    i.tcp_pbuf_prealloc  tcp_out.o
    0x0800df04   0x0800df04   0x00000042   Code   RO         4796    i.tcp_pcb_purge     tcp.o
    0x0800df46   0x0800df46   0x00000002   PAD
    0x0800df48   0x0800df48   0x00000130   Code   RO         4797    i.tcp_pcb_remove    tcp.o
    0x0800e078   0x0800e078   0x0000009c   Code   RO         4798    i.tcp_poll          tcp.o
    0x0800e114   0x0800e114   0x00000494   Code   RO         5051    i.tcp_process       tcp_in.o
    0x0800e5a8   0x0800e5a8   0x0000006c   Code   RO         4799    i.tcp_process_refused_data  tcp.o
    0x0800e614   0x0800e614   0x00000a04   Code   RO         5052    i.tcp_receive       tcp_in.o
    0x0800f018   0x0800f018   0x000000a4   Code   RO         4800    i.tcp_recv          tcp.o
    0x0800f0bc   0x0800f0bc   0x00000024   Code   RO         4801    i.tcp_recv_null     tcp.o
    0x0800f0e0   0x0800f0e0   0x00000110   Code   RO         4802    i.tcp_recved        tcp.o
    0x0800f1f0   0x0800f1f0   0x00000056   Code   RO         5136    i.tcp_rexmit        tcp_out.o
    0x0800f246   0x0800f246   0x00000058   Code   RO         5137    i.tcp_rexmit_fast   tcp_out.o
    0x0800f29e   0x0800f29e   0x00000032   Code   RO         5138    i.tcp_rexmit_rto    tcp_out.o
    0x0800f2d0   0x0800f2d0   0x00000120   Code   RO         5139    i.tcp_rst           tcp_out.o
    0x0800f3f0   0x0800f3f0   0x00000024   Code   RO         4803    i.tcp_seg_copy      tcp.o
    0x0800f414   0x0800f414   0x0000001c   Code   RO         4804    i.tcp_seg_free      tcp.o
    0x0800f430   0x0800f430   0x00000012   Code   RO         4805    i.tcp_segs_free     tcp.o
    0x0800f442   0x0800f442   0x0000006a   Code   RO         5140    i.tcp_send_empty_ack  tcp_out.o
    0x0800f4ac   0x0800f4ac   0x00000046   Code   RO         5141    i.tcp_send_fin      tcp_out.o
    0x0800f4f2   0x0800f4f2   0x00000002   PAD
    0x0800f4f4   0x0800f4f4   0x000000a0   Code   RO         4806    i.tcp_sent          tcp.o
    0x0800f594   0x0800f594   0x00000004   Code   RO         4807    i.tcp_setprio       tcp.o
    0x0800f598   0x0800f598   0x000004dc   Code   RO         4809    i.tcp_slowtmr       tcp.o
    0x0800fa74   0x0800fa74   0x00000034   Code   RO         5253    i.tcp_timer_needed  timeouts.o
    0x0800faa8   0x0800faa8   0x00000068   Code   RO         5053    i.tcp_timewait_input  tcp_in.o
    0x0800fb10   0x0800fb10   0x00000020   Code   RO         4810    i.tcp_tmr           tcp.o
    0x0800fb30   0x0800fb30   0x00000010   Code   RO         5054    i.tcp_trigger_input_pcb_close  tcp_in.o
    0x0800fb40   0x0800fb40   0x000000c0   Code   RO         4812    i.tcp_update_rcv_ann_wnd  tcp.o
    0x0800fc00   0x0800fc00   0x00000682   Code   RO         5142    i.tcp_write         tcp_out.o
    0x08010282   0x08010282   0x00000002   PAD
    0x08010284   0x08010284   0x00000140   Code   RO         5143    i.tcp_write_checks  tcp_out.o
    0x080103c4   0x080103c4   0x000000bc   Code   RO         5144    i.tcp_zero_window_probe  tcp_out.o
    0x08010480   0x08010480   0x00000038   Code   RO         5254    i.tcpip_tcp_timer   timeouts.o
    0x080104b8   0x080104b8   0x00000088   Code   RO         2160    i.terminate_layer   fsm.o
    0x08010540   0x08010540   0x000000b0   Code   RO         5326    i.udp_bind          udp.o
    0x080105f0   0x080105f0   0x00000050   Code   RO         5327    i.udp_connect       udp.o
    0x08010640   0x08010640   0x00000002   Code   RO         5329    i.udp_init          udp.o
    0x08010642   0x08010642   0x00000002   PAD
    0x08010644   0x08010644   0x00000194   Code   RO         5330    i.udp_input         udp.o
    0x080107d8   0x080107d8   0x00000034   Code   RO         5331    i.udp_netif_ip_addr_changed  udp.o
    0x0801080c   0x0801080c   0x0000001a   Code   RO         5332    i.udp_new           udp.o
    0x08010826   0x08010826   0x00000004   Code   RO         5333    i.udp_new_ip_type   udp.o
    0x0801082a   0x0801082a   0x00000006   Code   RO         5334    i.udp_recv          udp.o
    0x08010830   0x08010830   0x00000030   Code   RO         5335    i.udp_remove        udp.o
    0x08010860   0x08010860   0x00000032   Code   RO         5337    i.udp_sendto        udp.o
    0x08010892   0x08010892   0x00000036   Code   RO         5338    i.udp_sendto_if     udp.o
    0x080108c8   0x080108c8   0x00000144   Code   RO         5339    i.udp_sendto_if_src  udp.o
    0x08010a0c   0x08010a0c   0x00000064   Code   RO         3141    i.upap_authwithpeer  upap.o
    0x08010a70   0x08010a70   0x00000012   Code   RO         3142    i.upap_init         upap.o
    0x08010a82   0x08010a82   0x00000002   PAD
    0x08010a84   0x08010a84   0x000000dc   Code   RO         3143    i.upap_input        upap.o
    0x08010b60   0x08010b60   0x00000020   Code   RO         3144    i.upap_lowerdown    upap.o
    0x08010b80   0x08010b80   0x00000016   Code   RO         3145    i.upap_lowerup      upap.o
    0x08010b96   0x08010b96   0x00000002   PAD
    0x08010b98   0x08010b98   0x0000005c   Code   RO         3146    i.upap_protrej      upap.o
    0x08010bf4   0x08010bf4   0x000000c8   Code   RO         3147    i.upap_sauthreq     upap.o
    0x08010cbc   0x08010cbc   0x00000068   Code   RO         3148    i.upap_timeout      upap.o
    0x08010d24   0x08010d24   0x0000005c   Code   RO         1884    i.upper_layers_down  auth.o
    0x08010d80   0x08010d80   0x00000010   Data   RO         1836    .constdata          system_stm32f1xx.o
    0x08010d90   0x08010d90   0x0000003c   Data   RO         2290    .constdata          ipcp.o
    0x08010dcc   0x08010dcc   0x00000020   Data   RO         2291    .constdata          ipcp.o
    0x08010dec   0x08010dec   0x0000003c   Data   RO         2446    .constdata          lcp.o
    0x08010e28   0x08010e28   0x00000020   Data   RO         2447    .constdata          lcp.o
    0x08010e48   0x08010e48   0x0000001c   Data   RO         2740    .constdata          ppp.o
    0x08010e64   0x08010e64   0x00000028   Data   RO         2994    .constdata          pppoe.o
    0x08010e8c   0x08010e8c   0x00000020   Data   RO         3149    .constdata          upap.o
    0x08010eac   0x08010eac   0x00000006   Data   RO         3359    .constdata          ethernet.o
    0x08010eb2   0x08010eb2   0x00000006   Data   RO         3360    .constdata          ethernet.o
    0x08010eb8   0x08010eb8   0x0000448e   Data   RO         3638    .constdata          fs.o
    0x08015346   0x08015346   0x0000085d   Data   RO         3639    .constdata          fs.o
    0x08015ba3   0x08015ba3   0x00001099   Data   RO         3640    .constdata          fs.o
    0x08016c3c   0x08016c3c   0x00000602   Data   RO         3641    .constdata          fs.o
    0x0801723e   0x0801723e   0x0000075c   Data   RO         3642    .constdata          fs.o
    0x0801799a   0x0801799a   0x00000754   Data   RO         3643    .constdata          fs.o
    0x080180ee   0x080180ee   0x00000752   Data   RO         3644    .constdata          fs.o
    0x08018840   0x08018840   0x00000014   Data   RO         3645    .constdata          fs.o
    0x08018854   0x08018854   0x00000014   Data   RO         3646    .constdata          fs.o
    0x08018868   0x08018868   0x00000014   Data   RO         3647    .constdata          fs.o
    0x0801887c   0x0801887c   0x00000014   Data   RO         3648    .constdata          fs.o
    0x08018890   0x08018890   0x00000014   Data   RO         3649    .constdata          fs.o
    0x080188a4   0x080188a4   0x00000014   Data   RO         3650    .constdata          fs.o
    0x080188b8   0x080188b8   0x00000014   Data   RO         3651    .constdata          fs.o
    0x080188cc   0x080188cc   0x0000000c   Data   RO         4284    .constdata          memp.o
    0x080188d8   0x080188d8   0x0000000c   Data   RO         4285    .constdata          memp.o
    0x080188e4   0x080188e4   0x0000000c   Data   RO         4286    .constdata          memp.o
    0x080188f0   0x080188f0   0x0000000c   Data   RO         4287    .constdata          memp.o
    0x080188fc   0x080188fc   0x0000000c   Data   RO         4288    .constdata          memp.o
    0x08018908   0x08018908   0x0000000c   Data   RO         4289    .constdata          memp.o
    0x08018914   0x08018914   0x0000000c   Data   RO         4290    .constdata          memp.o
    0x08018920   0x08018920   0x0000000c   Data   RO         4291    .constdata          memp.o
    0x0801892c   0x0801892c   0x0000000c   Data   RO         4292    .constdata          memp.o
    0x08018938   0x08018938   0x00000024   Data   RO         4293    .constdata          memp.o
    0x0801895c   0x0801895c   0x00000054   Data   RO         4813    .constdata          tcp.o
    0x080189b0   0x080189b0   0x00000030   Data   RO         5255    .constdata          timeouts.o
    0x080189e0   0x080189e0   0x00000004   Data   RO         5886    .constdata          ip4_addr.o
    0x080189e4   0x080189e4   0x00000004   Data   RO         5887    .constdata          ip4_addr.o
    0x080189e8   0x080189e8   0x00000081   Data   RO         6392    .constdata          mc_w.l(ctype_o.o)
    0x08018a69   0x08018a69   0x00000003   PAD
    0x08018a6c   0x08018a6c   0x00000004   Data   RO         6393    .constdata          mc_w.l(ctype_o.o)
    0x08018a70   0x08018a70   0x00000005   Data   RO         2292    .conststring        ipcp.o
    0x08018a75   0x08018a75   0x00000003   PAD
    0x08018a78   0x08018a78   0x00000004   Data   RO         2448    .conststring        lcp.o
    0x08018a7c   0x08018a7c   0x00000075   Data   RO         4814    .conststring        tcp.o
    0x08018af1   0x08018af1   0x00000003   PAD
    0x08018af4   0x08018af4   0x00000055   Data   RO         5145    .conststring        tcp_out.o
    0x08018b49   0x08018b49   0x00000003   PAD
    0x08018b4c   0x08018b4c   0x0000008c   Data   RO         5491    .conststring        dhcp.o
    0x08018bd8   0x08018bd8   0x00000041   Data   RO         5678    .conststring        etharp.o
    0x08018c19   0x08018c19   0x00000003   PAD
    0x08018c1c   0x08018c1c   0x00000020   Data   RO         6743    Region$$Table       anon$$obj.o


    Execution Region RW_IRAM1 (Exec base: 0x20000000, Load base: 0x08018c3c, Size: 0x00008b00, Max: 0x00010000, ABSOLUTE)

    Exec Addr    Load Addr    Size         Type   Attr      Idx    E Section Name        Object

    0x20000000   0x08018c3c   0x00000004   Data   RW          254    .data               main.o
    0x20000004   0x08018c40   0x0000000c   Data   RW          362    .data               lwip.o
    0x20000010   0x08018c4c   0x00000004   Data   RW          511    .data               stm32f1xx_it.o
    0x20000014   0x08018c50   0x0000000c   Data   RW          824    .data               stm32f1xx_hal.o
    0x20000020   0x08018c5c   0x00000004   Data   RW         1838    .data               system_stm32f1xx.o
    0x20000024   0x08018c60   0x00000004   Data   RW         2607    .data               magic.o
    0x20000028   0x08018c64   0x00000004   Data   RW         2741    .data               ppp.o
    0x2000002c   0x08018c68   0x00000004   Data   RW         2995    .data               pppoe.o
    0x20000030   0x08018c6c   0x00000004   Data   RW         2996    .data               pppoe.o
    0x20000034   0x08018c70   0x00000011   Data   RW         3236    .data               utils.o
    0x20000045   0x08018c81   0x00000003   PAD
    0x20000048   0x08018c84   0x0000000c   Data   RW         3926    .data               dns.o
    0x20000054   0x08018c90   0x0000000c   Data   RW         4207    .data               mem.o
    0x20000060   0x08018c9c   0x00000004   Data   RW         4294    .data               memp.o
    0x20000064   0x08018ca0   0x00000004   Data   RW         4295    .data               memp.o
    0x20000068   0x08018ca4   0x00000004   Data   RW         4296    .data               memp.o
    0x2000006c   0x08018ca8   0x00000004   Data   RW         4297    .data               memp.o
    0x20000070   0x08018cac   0x00000004   Data   RW         4298    .data               memp.o
    0x20000074   0x08018cb0   0x00000004   Data   RW         4299    .data               memp.o
    0x20000078   0x08018cb4   0x00000004   Data   RW         4300    .data               memp.o
    0x2000007c   0x08018cb8   0x00000004   Data   RW         4301    .data               memp.o
    0x20000080   0x08018cbc   0x00000004   Data   RW         4302    .data               memp.o
    0x20000084   0x08018cc0   0x0000000c   Data   RW         4409    .data               netif.o
    0x20000090   0x08018ccc   0x00000001   Data   RW         4551    .data               pbuf.o
    0x20000091   0x08018ccd   0x00000003   PAD
    0x20000094   0x08018cd0   0x00000020   Data   RW         4815    .data               tcp.o
    0x200000b4   0x08018cf0   0x00000024   Data   RW         5056    .data               tcp_in.o
    0x200000d8   0x08018d14   0x0000000c   Data   RW         5256    .data               timeouts.o
    0x200000e4   0x08018d20   0x00000008   Data   RW         5340    .data               udp.o
    0x200000ec   0x08018d28   0x00000010   Data   RW         5492    .data               dhcp.o
    0x200000fc   0x08018d38   0x00000001   Data   RW         5679    .data               etharp.o
    0x200000fd   0x08018d39   0x00000001   PAD
    0x200000fe   0x08018d3a   0x00000002   Data   RW         5834    .data               ip4.o
    0x20000100   0x08018d3c   0x00000008   Data   RW         5954    .data               ip4_frag.o
    0x20000108   0x08018d44   0x00000004   Data   RW         6420    .data               mc_w.l(rand.o)
    0x2000010c   0x08018d48   0x00000004   Data   RW         6719    .data               mc_w.l(stdout.o)
    0x20000110        -       0x00000014   Zero   RW          253    .bss                main.o
    0x20000124        -       0x00000034   Zero   RW          356    .bss                lwip.o
    0x20000158        -       0x00004878   Zero   RW          428    .bss                ethernetif.o
    0x200049d0        -       0x00000167   Zero   RW         2739    .bss                ppp.o
    0x20004b37        -       0x0000005b   Zero   RW         2993    .bss                pppoe.o
    0x20004b92   0x08018d4c   0x00000002   PAD
    0x20004b94        -       0x00000480   Zero   RW         3924    .bss                dns.o
    0x20005014        -       0x00000018   Zero   RW         4169    .bss                ip.o
    0x2000502c        -       0x00000653   Zero   RW         4206    .bss                mem.o
    0x2000567f        -       0x00000083   Zero   RW         4275    .bss                memp.o
    0x20005702        -       0x000002fb   Zero   RW         4276    .bss                memp.o
    0x200059fd        -       0x000000e3   Zero   RW         4277    .bss                memp.o
    0x20005ae0        -       0x00000103   Zero   RW         4278    .bss                memp.o
    0x20005be3        -       0x000000a3   Zero   RW         4279    .bss                memp.o
    0x20005c86        -       0x0000016b   Zero   RW         4280    .bss                memp.o
    0x20005df1        -       0x000000c3   Zero   RW         4281    .bss                memp.o
    0x20005eb4        -       0x00000103   Zero   RW         4282    .bss                memp.o
    0x20005fb7        -       0x00002603   Zero   RW         4283    .bss                memp.o
    0x200085ba   0x08018d4c   0x00000002   PAD
    0x200085bc        -       0x00000010   Zero   RW         5055    .bss                tcp_in.o
    0x200085cc        -       0x00000032   Zero   RW         5490    .bss                dhcp.o
    0x200085fe   0x08018d4c   0x00000002   PAD
    0x20008600        -       0x000000f0   Zero   RW         5677    .bss                etharp.o
    0x200086f0        -       0x00000010   Zero   RW         5885    .bss                ip4_addr.o
    0x20008700        -       0x00000400   Zero   RW            1    STACK               startup_stm32f107xc.o


==============================================================================

Image component sizes


      Code (inc. data)   RO Data    RW Data    ZI Data      Debug   Object Name

       736        244          0          0          0      20974   auth.o
         0          0          0          0          0       1612   ccp.o
        58          0          0          0          0       1862   def.o
      7006       2646        140         16         50      28823   dhcp.o
      2256        356          0         12       1152      17490   dns.o
      2920       1174         65          1        240      12279   etharp.o
       444        156         12          0          0       2626   ethernet.o
      1046        136          0          0      18552       6452   ethernetif.o
        78          4      31252          0          0       5935   fs.o
      2534        494          0          0          0      25840   fsm.o
      1556        538          0          0          0      18163   httpd.o
       768        350          0          0          0       4174   icmp.o
        38          0          0          0          0       1948   init.o
         0          0          0          0         24       6161   ip.o
       934        178          0          2          0       5136   ip4.o
       588        124          8          0         16       9877   ip4_addr.o
      2720       1018          0          8          0      11570   ip4_frag.o
      3624        386         97          0          0      31655   ipcp.o
      4730        500         96          0          0      39023   lcp.o
       120         22          0         12         52       1805   lwip.o
        60         14          0          4          0       2159   magic.o
       388         52          0          4         20       7204   main.o
      1612        802          0         12       1619       5509   mem.o
       846        606        144         36      12091      10431   memp.o
       536        130          0         12          0      10551   netif.o
      4038       2048          0          1          0      26759   pbuf.o
       702        112         28          4        359      27577   ppp.o
         0          0          0          0          0     642025   ppp_app.o
      2124        474         40          8         91      28442   pppoe.o
        36          8        336          0       1024        788   startup_stm32f107xc.o
       164         28          0         12          0       6845   stm32f1xx_hal.o
       198         14          0          0          0      28807   stm32f1xx_hal_cortex.o
      1918         52          0          0          0      12966   stm32f1xx_hal_eth.o
       494         34          0          0          0       3988   stm32f1xx_hal_gpio.o
        60          8          0          0          0        814   stm32f1xx_hal_msp.o
      1572        102          0          0          0       5618   stm32f1xx_hal_rcc.o
        84         14          0          4          0       4381   stm32f1xx_it.o
        84         16         16          4          0       1115   system_stm32f1xx.o
      5604       2336        201         32          0      37140   tcp.o
      5928       1222          0         36         16      20507   tcp_in.o
      5120       1716         85          0          0      26514   tcp_out.o
       664        224         48         12          0       6403   timeouts.o
      1226        278          0          8          0      11570   udp.o
       788        160         32          0          0      18391   upap.o
      1144         32          0         17          0      19826   utils.o

    ----------------------------------------------------------------------
     67634      18808      32644        264      35312    1219735   Object Totals
         0          0         32          0          0          0   (incl. Generated)
        88          0         12          7          6          0   (incl. Padding)

    ----------------------------------------------------------------------

      Code (inc. data)   RO Data    RW Data    ZI Data      Debug   Library Member Name

         8          4        133          0          0         68   ctype_o.o
         0          0          0          0          0          0   entry.o
         0          0          0          0          0          0   entry10a.o
         0          0          0          0          0          0   entry11a.o
         8          4          0          0          0          0   entry2.o
         4          0          0          0          0          0   entry5.o
         0          0          0          0          0          0   entry7b.o
         0          0          0          0          0          0   entry8b.o
         8          4          0          0          0          0   entry9a.o
        18          0          0          0          0         80   fputc.o
        30          0          0          0          0          0   handlers.o
        36          8          0          0          0         68   init.o
         0          0          0          0          0          0   iusesemip.o
        30          0          0          0          0         68   llshl.o
        32          0          0          0          0         68   llushr.o
        26          0          0          0          0         80   memcmp.o
        36          0          0          0          0         68   memcpya.o
        36          0          0          0          0        108   memseta.o
       472         14          0          0          0        184   printf3.o
        36         10          0          4          0        136   rand.o
         0          0          0          0          0          0   semi.o
         0          0          0          4          0          0   stdout.o
        28          0          0          0          0         76   strcmp.o
        18          0          0          0          0         68   strcpy.o
        14          0          0          0          0         68   strlen.o
        36          0          0          0          0         80   strstr.o
        44          0          0          0          0         80   uidiv.o
        98          0          0          0          0         92   uldiv.o

    ----------------------------------------------------------------------
      1022         44        136          8          0       1392   Library Totals
         4          0          3          0          0          0   (incl. Padding)

    ----------------------------------------------------------------------

      Code (inc. data)   RO Data    RW Data    ZI Data      Debug   Library Name

      1018         44        133          8          0       1392   mc_w.l

    ----------------------------------------------------------------------
      1022         44        136          8          0       1392   Library Totals

    ----------------------------------------------------------------------

==============================================================================


      Code (inc. data)   RO Data    RW Data    ZI Data      Debug   

     68656      18852      32780        272      35312    1199543   Grand Totals
     68656      18852      32780        272      35312    1199543   ELF Image Totals
     68656      18852      32780        272          0          0   ROM Totals

==============================================================================

    Total RO  Size (Code + RO Data)               101436 (  99.06kB)
    Total RW  Size (RW Data + ZI Data)             35584 (  34.75kB)
    Total ROM Size (Code + RO Data + RW Data)     101708 (  99.32kB)

==============================================================================

