<html>
<body>
<pre>
<h1>µVision Build Log</h1>
<h2>Tool Versions:</h2>
IDE-Version: ¦ÌVision V5.29.0.0
Copyright (C) 2019 ARM Ltd and ARM Germany GmbH. All rights reserved.
License Information: ningjw ningjw, eti, LIC=TIVNB-2GILM-AR9XW-QP1JD-FR87I-97X51
 
Tool Versions:
Toolchain:       MDK-ARM Plus  Version: 5.29.0.0
Toolchain Path:  D:\Keil_v5\ARM\ARMCC\Bin
C Compiler:      Armcc.exe V5.06 update 6 (build 750)
Assembler:       Armasm.exe V5.06 update 6 (build 750)
Linker/Locator:  ArmLink.exe V5.06 update 6 (build 750)
Library Manager: ArmAr.exe V5.06 update 6 (build 750)
Hex Converter:   FromElf.exe V5.06 update 6 (build 750)
CPU DLL:         SARMCM3.DLL V5.29.0.0
Dialog DLL:      DCM.DLL V1.17.3.0
Target DLL:      STLink\ST-LINKIII-KEIL_SWO.dll V3.0.7.0
Dialog DLL:      TCM.DLL V1.36.5.0
 
<h2>Project:</h2>
C:\Users\ningjw\Desktop\Stm32CubeMx\MDK-ARM\stm32f107.uvprojx
Project File Date:  06/10/2020

<h2>Output:</h2>
*** Using Compiler 'V5.06 update 6 (build 750)', folder: 'D:\Keil_v5\ARM\ARMCC\Bin'
Build target 'stm32f107'
assembling startup_stm32f107xc.s...
compiling ppp_app.c...
compiling main.c...
compiling stm32f1xx_hal_msp.c...
compiling stm32f1xx_hal_gpio_ex.c...
compiling stm32f1xx_it.c...
compiling lwip.c...
compiling ethernetif.c...
compiling stm32f1xx_hal_eth.c...
compiling stm32f1xx_hal.c...
compiling stm32f1xx_hal_cortex.c...
compiling stm32f1xx_hal_gpio.c...
compiling stm32f1xx_hal_rcc_ex.c...
compiling stm32f1xx_hal_pwr.c...
compiling stm32f1xx_hal_rcc.c...
compiling stm32f1xx_hal_dma.c...
compiling stm32f1xx_hal_flash.c...
compiling stm32f1xx_hal_flash_ex.c...
compiling stm32f1xx_hal_exti.c...
compiling stm32f1xx_hal_tim_ex.c...
compiling stm32f1xx_hal_tim.c...
compiling system_stm32f1xx.c...
compiling ccp.c...
compiling auth.c...
compiling chap_ms.c...
compiling chap-md5.c...
compiling chap-new.c...
compiling eap.c...
compiling demand.c...
compiling eui64.c...
compiling fsm.c...
../Middlewares/Third_Party/LwIP/src/netif/ppp/fsm.c(526): warning:  #1293-D: assignment in condition
  	    || !(ret = f->callbacks->nakci(f, inp, len, treat_as_reject))) {
../Middlewares/Third_Party/LwIP/src/netif/ppp/fsm.c(533): warning:  #1293-D: assignment in condition
  	    || !(ret = f->callbacks->rejci(f, inp, len))) {
../Middlewares/Third_Party/LwIP/src/netif/ppp/fsm.c: 2 warnings, 0 errors
compiling ipv6cp.c...
compiling ipcp.c...
compiling mppe.c...
compiling multilink.c...
compiling magic.c...
compiling ppp.c...
compiling pppcrypt.c...
compiling pppapi.c...
compiling lcp.c...
compiling pppol2tp.c...
compiling pppos.c...
compiling pppoe.c...
../Middlewares/Third_Party/LwIP/src/netif/ppp/pppoe.c(296): warning:  #1293-D: assignment in condition
    for (copp = &pppoe_softc_list; (freep = *copp); copp = &freep->next) {
../Middlewares/Third_Party/LwIP/src/netif/ppp/pppoe.c: 1 warning, 0 errors
compiling upap.c...
compiling vj.c...
compiling lowpan6.c...
compiling ethernet.c...
compiling ecp.c...
compiling slipif.c...
compiling utils.c...
compiling httpd.c...
../Middlewares/Third_Party/LwIP/src/apps/httpd/httpd.c(1904): warning:  #177-D: function "http_parse_request"  was declared but never referenced
  http_parse_request(struct pbuf *inp, struct http_state *hs, struct tcp_pcb *pcb)
../Middlewares/Third_Party/LwIP/src/apps/httpd/httpd.c: 1 warning, 0 errors
compiling fs.c...
compiling api_lib.c...
compiling api_msg.c...
compiling err.c...
compiling netdb.c...
compiling netbuf.c...
compiling netifapi.c...
compiling sockets.c...
compiling tcpip.c...
compiling def.c...
compiling inet_chksum.c...
compiling ip.c...
compiling dns.c...
compiling init.c...
compiling mem.c...
compiling memp.c...
compiling netif.c...
compiling raw.c...
compiling stats.c...
compiling sys.c...
compiling pbuf.c...
compiling tcp.c...
compiling tcp_out.c...
compiling tcp_in.c...
compiling autoip.c...
compiling dhcp.c...
compiling timeouts.c...
compiling udp.c...
compiling etharp.c...
compiling icmp.c...
compiling igmp.c...
compiling ip4_addr.c...
compiling ip4.c...
compiling ethip6.c...
compiling dhcp6.c...
compiling icmp6.c...
compiling ip4_frag.c...
compiling ip6_addr.c...
compiling inet6.c...
compiling ip6.c...
compiling ip6_frag.c...
compiling mld6.c...
compiling nd6.c...
compiling mqtt.c...
linking...
Program Size: Code=59596 RO-data=29192 RW-data=264 ZI-data=35192  
FromELF: creating hex file...
"stm32f107\stm32f107.axf" - 0 Error(s), 4 Warning(s).

<h2>Software Packages used:</h2>

Package Vendor: ARM
                http://www.keil.com/pack/ARM.CMSIS.5.6.0.pack
                ARM.CMSIS.5.6.0
                CMSIS (Cortex Microcontroller Software Interface Standard)
   * Component: CORE Version: 5.3.0

Package Vendor: Keil
                http://www.keil.com/pack/Keil.STM32F1xx_DFP.2.3.0.pack
                Keil.STM32F1xx_DFP.2.3.0
                STMicroelectronics STM32F1 Series Device Support, Drivers and Examples

<h2>Collection of Component include folders:</h2>
  .\RTE\_stm32f107
  C:\Users\ningjw\AppData\Local\Arm\Packs\ARM\CMSIS\5.6.0\CMSIS\Core\Include
  C:\Users\ningjw\AppData\Local\Arm\Packs\Keil\STM32F1xx_DFP\2.3.0\Device\Include

<h2>Collection of Component Files used:</h2>

   * Component: ARM::CMSIS:CORE:5.3.0
Build Time Elapsed:  00:00:08
</pre>
</body>
</html>
