Component: ARM Compiler 5.06 update 6 (build 750) Tool: armlink [4d35ed]

==============================================================================

Section Cross References

    startup_stm32f107xc.o(RESET) refers to startup_stm32f107xc.o(STACK) for __initial_sp
    startup_stm32f107xc.o(RESET) refers to startup_stm32f107xc.o(.text) for Reset_Handler
    startup_stm32f107xc.o(RESET) refers to stm32f1xx_it.o(i.NMI_Handler) for NMI_Handler
    startup_stm32f107xc.o(RESET) refers to stm32f1xx_it.o(i.HardFault_Handler) for HardFault_Handler
    startup_stm32f107xc.o(RESET) refers to stm32f1xx_it.o(i.MemManage_Handler) for MemManage_Handler
    startup_stm32f107xc.o(RESET) refers to stm32f1xx_it.o(i.BusFault_Handler) for BusFault_Handler
    startup_stm32f107xc.o(RESET) refers to stm32f1xx_it.o(i.UsageFault_Handler) for UsageFault_Handler
    startup_stm32f107xc.o(RESET) refers to stm32f1xx_it.o(i.SVC_Handler) for SVC_Handler
    startup_stm32f107xc.o(RESET) refers to stm32f1xx_it.o(i.DebugMon_Handler) for DebugMon_Handler
    startup_stm32f107xc.o(RESET) refers to stm32f1xx_it.o(i.PendSV_Handler) for PendSV_Handler
    startup_stm32f107xc.o(RESET) refers to stm32f1xx_it.o(i.SysTick_Handler) for SysTick_Handler
    startup_stm32f107xc.o(RESET) refers to stm32f1xx_it.o(i.ETH_IRQHandler) for ETH_IRQHandler
    startup_stm32f107xc.o(.text) refers to system_stm32f1xx.o(i.SystemInit) for SystemInit
    startup_stm32f107xc.o(.text) refers to entry.o(.ARM.Collect$$$$00000000) for __main
    ppp_app.o(i.PPPoE_Init) refers to pppoe.o(i.pppoe_create) for pppoe_create
    ppp_app.o(i.PPPoE_Init) refers to netif.o(i.netif_set_default) for netif_set_default
    ppp_app.o(i.PPPoE_Init) refers to ppp.o(i.ppp_set_auth) for ppp_set_auth
    ppp_app.o(i.PPPoE_Init) refers to ppp.o(i.ppp_connect) for ppp_connect
    ppp_app.o(i.PPPoE_Init) refers to ppp_app.o(i.status_cb) for status_cb
    ppp_app.o(i.PPPoE_Init) refers to lwip.o(.bss) for gnetif
    ppp_app.o(i.PPPoE_Init) refers to ppp_app.o(.bss) for ppp_netif
    ppp_app.o(i.PPPoE_Init) refers to ppp_app.o(.data) for ppp
    ppp_app.o(i.status_cb) refers to printf3.o(i.__0printf$3) for __2printf
    ppp_app.o(i.status_cb) refers to ip4_addr.o(i.ip4addr_ntoa) for ip4addr_ntoa
    ppp_app.o(i.status_cb) refers to dns.o(i.dns_getserver) for dns_getserver
    ppp_app.o(i.status_cb) refers to ppp.o(i.ppp_connect) for ppp_connect
    main.o(i.MX_GPIO_Init) refers to stm32f1xx_hal_gpio.o(i.HAL_GPIO_WritePin) for HAL_GPIO_WritePin
    main.o(i.MX_GPIO_Init) refers to stm32f1xx_hal_gpio.o(i.HAL_GPIO_Init) for HAL_GPIO_Init
    main.o(i.SystemClock_Config) refers to memseta.o(.text) for __aeabi_memclr4
    main.o(i.SystemClock_Config) refers to stm32f1xx_hal_rcc.o(i.HAL_RCC_OscConfig) for HAL_RCC_OscConfig
    main.o(i.SystemClock_Config) refers to main.o(i.Error_Handler) for Error_Handler
    main.o(i.SystemClock_Config) refers to stm32f1xx_hal_rcc.o(i.HAL_RCC_ClockConfig) for HAL_RCC_ClockConfig
    main.o(i.SystemClock_Config) refers to stm32f1xx_hal_rcc.o(i.HAL_RCC_MCOConfig) for HAL_RCC_MCOConfig
    main.o(i.dns_callback) refers to memseta.o(.text) for __aeabi_memclr
    main.o(i.dns_callback) refers to ip4_addr.o(i.ip4addr_ntoa) for ip4addr_ntoa
    main.o(i.dns_callback) refers to strcpy.o(.text) for strcpy
    main.o(i.dns_callback) refers to main.o(.bss) for ipStr
    main.o(i.main) refers to stm32f1xx_hal.o(i.HAL_Init) for HAL_Init
    main.o(i.main) refers to main.o(i.SystemClock_Config) for SystemClock_Config
    main.o(i.main) refers to main.o(i.MX_GPIO_Init) for MX_GPIO_Init
    main.o(i.main) refers to lwip.o(i.MX_LWIP_Init) for MX_LWIP_Init
    main.o(i.main) refers to httpd.o(i.httpd_init) for httpd_init
    main.o(i.main) refers to lwip.o(i.httpd_ssi_cgi_init) for httpd_ssi_cgi_init
    main.o(i.main) refers to strcpy.o(.text) for strcpy
    main.o(i.main) refers to lwip.o(i.MX_LWIP_Process) for MX_LWIP_Process
    main.o(i.main) refers to stm32f1xx_hal.o(i.HAL_GetTick) for HAL_GetTick
    main.o(i.main) refers to dns.o(i.dns_gethostbyname) for dns_gethostbyname
    main.o(i.main) refers to stm32f1xx_hal_gpio.o(i.HAL_GPIO_WritePin) for HAL_GPIO_WritePin
    main.o(i.main) refers to main.o(.bss) for urlStr
    main.o(i.main) refers to main.o(.data) for flag_GetIpAddr
    main.o(i.main) refers to main.o(i.dns_callback) for dns_callback
    main.o(i.main) refers to stm32f1xx_it.o(.data) for flag_LedOnAllTheTime
    lwip.o(i.DNS_CGI_Handler) refers to strcmp.o(.text) for strcmp
    lwip.o(i.DNS_CGI_Handler) refers to strlen.o(.text) for strlen
    lwip.o(i.DNS_CGI_Handler) refers to memseta.o(.text) for __aeabi_memclr
    lwip.o(i.DNS_CGI_Handler) refers to strcpy.o(.text) for strcpy
    lwip.o(i.DNS_CGI_Handler) refers to main.o(.bss) for urlStr
    lwip.o(i.DNS_CGI_Handler) refers to main.o(.data) for flag_GetIpAddr
    lwip.o(i.LEDS_CGI_Handler) refers to strlen.o(.text) for strlen
    lwip.o(i.LEDS_CGI_Handler) refers to atoi.o(.text) for atoi
[...]
    icmp_input                               0x08008819   Thumb Code   406  icmp.o(i.icmp_input)
    icmp_time_exceeded                       0x08008b99   Thumb Code    18  icmp.o(i.icmp_time_exceeded)
    ip4_addr_isbroadcast_u32                 0x08008bab   Thumb Code    78  ip4_addr.o(i.ip4_addr_isbroadcast_u32)
    ip4_frag                                 0x08008bf9   Thumb Code   506  ip4_frag.o(i.ip4_frag)
    ip4_input                                0x08008ec1   Thumb Code   494  ip4.o(i.ip4_input)
    ip4_output_if                            0x080090b9   Thumb Code    54  ip4.o(i.ip4_output_if)
    ip4_output_if_src                        0x080090f1   Thumb Code   238  ip4.o(i.ip4_output_if_src)
    ip4_reass                                0x08009281   Thumb Code   464  ip4_frag.o(i.ip4_reass)
    ip4_route                                0x08009459   Thumb Code   134  ip4.o(i.ip4_route)
    ip4addr_aton                             0x080094e9   Thumb Code   414  ip4_addr.o(i.ip4addr_aton)
    ip4addr_ntoa                             0x080096f9   Thumb Code    16  ip4_addr.o(i.ip4addr_ntoa)
    ip4addr_ntoa_r                           0x0800970d   Thumb Code   168  ip4_addr.o(i.ip4addr_ntoa_r)
    ip_reass_tmr                             0x08009ecd   Thumb Code    48  ip4_frag.o(i.ip_reass_tmr)
    lcp_close                                0x0800b675   Thumb Code    86  lcp.o(i.lcp_close)
    lcp_lowerdown                            0x0800b93d   Thumb Code    42  lcp.o(i.lcp_lowerdown)
    lcp_lowerup                              0x0800b96d   Thumb Code   134  lcp.o(i.lcp_lowerup)
    lcp_open                                 0x0800be71   Thumb Code    60  lcp.o(i.lcp_open)
    lcp_sprotrej                             0x0800c765   Thumb Code    36  lcp.o(i.lcp_sprotrej)
    link_down                                0x0800c89d   Thumb Code    26  auth.o(i.link_down)
    link_established                         0x0800c8b9   Thumb Code    98  auth.o(i.link_established)
    link_required                            0x0800c921   Thumb Code     2  auth.o(i.link_required)
    link_terminated                          0x0800c925   Thumb Code    42  auth.o(i.link_terminated)
    lwip_htonl                               0x0800cc79   Thumb Code    26  def.o(i.lwip_htonl)
    lwip_htons                               0x0800cc93   Thumb Code    12  def.o(i.lwip_htons)
    lwip_init                                0x0800cca1   Thumb Code    72  init.o(i.lwip_init)
    lwip_stricmp                             0x0800cd45   Thumb Code    60  def.o(i.lwip_stricmp)
    lwip_strnicmp                            0x0800cd81   Thumb Code    70  def.o(i.lwip_strnicmp)
    lwip_strnstr                             0x0800cdc7   Thumb Code    74  def.o(i.lwip_strnstr)
    magic                                    0x0800ce11   Thumb Code    14  magic.o(i.magic)
    magic_init                               0x0800ce25   Thumb Code    18  magic.o(i.magic_init)
    magic_randomize                          0x0800ce3d   Thumb Code    18  magic.o(i.magic_randomize)
    main                                     0x0800ce55   Thumb Code   104  main.o(i.main)
    mem_free                                 0x0800ceed   Thumb Code   150  mem.o(i.mem_free)
    mem_init                                 0x0800d039   Thumb Code    74  mem.o(i.mem_init)
    mem_malloc                               0x0800d095   Thumb Code   366  mem.o(i.mem_malloc)
    mem_trim                                 0x0800d309   Thumb Code   308  mem.o(i.mem_trim)
    memp_free                                0x0800d4d9   Thumb Code    54  memp.o(i.memp_free)
    memp_free_pool                           0x0800d589   Thumb Code    50  memp.o(i.memp_free_pool)
    memp_init                                0x0800d629   Thumb Code    26  memp.o(i.memp_init)
    memp_init_pool                           0x0800d649   Thumb Code    44  memp.o(i.memp_init_pool)
    memp_malloc                              0x0800d675   Thumb Code    50  memp.o(i.memp_malloc)
    netif_add                                0x0800d725   Thumb Code   128  netif.o(i.netif_add)
    netif_init                               0x0800d821   Thumb Code     2  netif.o(i.netif_init)
    netif_set_addr                           0x0800d847   Thumb Code    72  netif.o(i.netif_set_addr)
    netif_set_default                        0x0800d891   Thumb Code     6  netif.o(i.netif_set_default)
    netif_set_down                           0x0800d89d   Thumb Code    42  netif.o(i.netif_set_down)
    netif_set_gw                             0x0800d8c7   Thumb Code    12  netif.o(i.netif_set_gw)
    netif_set_ipaddr                         0x0800d8d5   Thumb Code    72  netif.o(i.netif_set_ipaddr)
    netif_set_link_down                      0x0800d921   Thumb Code    24  netif.o(i.netif_set_link_down)
    netif_set_link_up                        0x0800d939   Thumb Code    52  netif.o(i.netif_set_link_up)
    netif_set_mtu                            0x0800d96d   Thumb Code     6  ppp.o(i.netif_set_mtu)
    netif_set_netmask                        0x0800d973   Thumb Code    12  netif.o(i.netif_set_netmask)
    netif_set_up                             0x0800d97f   Thumb Code    44  netif.o(i.netif_set_up)
    new_phase                                0x0800d9b7   Thumb Code     6  ppp.o(i.new_phase)
    np_down                                  0x0800d9bd   Thumb Code    30  auth.o(i.np_down)
    np_finished                              0x0800d9dd   Thumb Code    32  auth.o(i.np_finished)
    np_up                                    0x0800da1d   Thumb Code    32  auth.o(i.np_up)
    pbuf_alloc                               0x0800da3d   Thumb Code   664  pbuf.o(i.pbuf_alloc)
    pbuf_alloced_custom                      0x0800de6d   Thumb Code   142  pbuf.o(i.pbuf_alloced_custom)
    pbuf_cat                                 0x0800df79   Thumb Code   126  pbuf.o(i.pbuf_cat)
    pbuf_chain                               0x0800e0c9   Thumb Code    22  pbuf.o(i.pbuf_chain)
    pbuf_clen                                0x0800e0df   Thumb Code    18  pbuf.o(i.pbuf_clen)
    pbuf_copy                                0x0800e0f1   Thumb Code   318  pbuf.o(i.pbuf_copy)
    pbuf_copy_partial                        0x0800e329   Thumb Code   182  pbuf.o(i.pbuf_copy_partial)
    pbuf_free                                0x0800e47d   Thumb Code   248  pbuf.o(i.pbuf_free)
    pbuf_free_ooseq                          0x0800e62d   Thumb Code    44  pbuf.o(i.pbuf_free_ooseq)
    pbuf_header                              0x0800e661   Thumb Code    18  pbuf.o(i.pbuf_header)
    pbuf_header_force                        0x0800e673   Thumb Code    18  pbuf.o(i.pbuf_header_force)
    pbuf_put_at                              0x0800e7fd   Thumb Code    42  pbuf.o(i.pbuf_put_at)
    pbuf_realloc                             0x0800e829   Thumb Code   262  pbuf.o(i.pbuf_realloc)
    pbuf_ref                                 0x0800ea05   Thumb Code    48  pbuf.o(i.pbuf_ref)
    pbuf_skip                                0x0800eaa1   Thumb Code    28  pbuf.o(i.pbuf_skip)
    pbuf_take                                0x0800eae1   Thumb Code   242  pbuf.o(i.pbuf_take)
    pbuf_take_at                             0x0800ecb1   Thumb Code   118  pbuf.o(i.pbuf_take_at)
    pbuf_try_get_at                          0x0800ed27   Thumb Code    46  pbuf.o(i.pbuf_try_get_at)
    ppp_dbglog                               0x0800ef19   Thumb Code    28  utils.o(i.ppp_dbglog)
    ppp_error                                0x0800ef35   Thumb Code    28  utils.o(i.ppp_error)
    ppp_info                                 0x0800ef51   Thumb Code    28  utils.o(i.ppp_info)
    ppp_init                                 0x0800ef6d   Thumb Code    22  ppp.o(i.ppp_init)
    ppp_input                                0x0800ef8d   Thumb Code   200  ppp.o(i.ppp_input)
    ppp_link_end                             0x0800f0a9   Thumb Code    38  ppp.o(i.ppp_link_end)
    ppp_link_failed                          0x0800f0cf   Thumb Code    32  ppp.o(i.ppp_link_failed)
    ppp_link_terminated                      0x0800f0ef   Thumb Code    16  ppp.o(i.ppp_link_terminated)
    ppp_notice                               0x0800f129   Thumb Code    28  utils.o(i.ppp_notice)
    ppp_recv_config                          0x0800f145   Thumb Code    44  ppp.o(i.ppp_recv_config)
    ppp_send_config                          0x0800f171   Thumb Code    44  ppp.o(i.ppp_send_config)
    ppp_singlebuf                            0x0800f19d   Thumb Code    74  ppp.o(i.ppp_singlebuf)
    ppp_slprintf                             0x0800f1e7   Thumb Code    38  utils.o(i.ppp_slprintf)
    ppp_start                                0x0800f20d   Thumb Code    26  ppp.o(i.ppp_start)
    ppp_vslprintf                            0x0800f229   Thumb Code  1422  utils.o(i.ppp_vslprintf)
    ppp_warn                                 0x0800f7d1   Thumb Code    28  utils.o(i.ppp_warn)
    ppp_write                                0x0800f7ed   Thumb Code    20  ppp.o(i.ppp_write)
    pppoe_data_input                         0x0800f8b1   Thumb Code   120  pppoe.o(i.pppoe_data_input)
    pppoe_disc_input                         0x0800f96d   Thumb Code   464  pppoe.o(i.pppoe_disc_input)
    sdns                                     0x080102d5   Thumb Code    32  ppp.o(i.sdns)
    sifaddr                                  0x080102f5   Thumb Code    32  ppp.o(i.sifaddr)
    sifdown                                  0x08010315   Thumb Code    22  ppp.o(i.sifdown)
    sifup                                    0x0801032b   Thumb Code    44  ppp.o(i.sifup)
    start_networks                           0x08010357   Thumb Code    20  auth.o(i.start_networks)
    sys_check_timeouts                       0x0801036d   Thumb Code   114  timeouts.o(i.sys_check_timeouts)
    sys_jiffies                              0x080103ed   Thumb Code     8  ethernetif.o(i.sys_jiffies)
    sys_now                                  0x080103f5   Thumb Code     8  ethernetif.o(i.sys_now)
    sys_timeout                              0x080103fd   Thumb Code   226  timeouts.o(i.sys_timeout)
    sys_timeouts_init                        0x08010585   Thumb Code    38  timeouts.o(i.sys_timeouts_init)
    sys_untimeout                            0x080105b9   Thumb Code    90  timeouts.o(i.sys_untimeout)
    tcp_abandon                              0x08010619   Thumb Code   254  tcp.o(i.tcp_abandon)
    tcp_abort                                0x080107b5   Thumb Code    14  tcp.o(i.tcp_abort)
    tcp_accept                               0x080107c3   Thumb Code    16  tcp.o(i.tcp_accept)
    tcp_alloc                                0x080107e9   Thumb Code   168  tcp.o(i.tcp_alloc)
    tcp_arg                                  0x080108a1   Thumb Code     6  tcp.o(i.tcp_arg)
    tcp_bind                                 0x080108a9   Thumb Code   182  tcp.o(i.tcp_bind)
    tcp_close                                0x080109ed   Thumb Code    28  tcp.o(i.tcp_close)
    tcp_eff_send_mss_impl                    0x08010e31   Thumb Code    58  tcp.o(i.tcp_eff_send_mss_impl)
    tcp_enqueue_flags                        0x08010e6d   Thumb Code   394  tcp_out.o(i.tcp_enqueue_flags)
    tcp_err                                  0x08011101   Thumb Code    44  tcp.o(i.tcp_err)
    tcp_fasttmr                              0x080111ad   Thumb Code   130  tcp.o(i.tcp_fasttmr)
    tcp_init                                 0x08011295   Thumb Code     2  tcp.o(i.tcp_init)
    tcp_input                                0x08011299   Thumb Code  1862  tcp_in.o(i.tcp_input)
    tcp_keepalive                            0x08011a71   Thumb Code    90  tcp_out.o(i.tcp_keepalive)
    tcp_listen_with_backlog                  0x08011e49   Thumb Code    18  tcp.o(i.tcp_listen_with_backlog)
    tcp_listen_with_backlog_and_err          0x08011e5d   Thumb Code   212  tcp.o(i.tcp_listen_with_backlog_and_err)
    tcp_netif_ip_addr_changed                0x08011fb9   Thumb Code    70  tcp.o(i.tcp_netif_ip_addr_changed)
    tcp_new_ip_type                          0x08012037   Thumb Code    16  tcp.o(i.tcp_new_ip_type)
    tcp_next_iss                             0x080120b1   Thumb Code    22  tcp.o(i.tcp_next_iss)
    tcp_output                               0x08012161   Thumb Code   638  tcp_out.o(i.tcp_output)
    tcp_pcb_purge                            0x08012805   Thumb Code    72  tcp.o(i.tcp_pcb_purge)
    tcp_pcb_remove                           0x0801284d   Thumb Code   190  tcp.o(i.tcp_pcb_remove)
    tcp_poll                                 0x080129b1   Thumb Code    44  tcp.o(i.tcp_poll)
    tcp_process_refused_data                 0x0801312d   Thumb Code   148  tcp.o(i.tcp_process_refused_data)
    tcp_recv                                 0x08013f11   Thumb Code    44  tcp.o(i.tcp_recv)
    tcp_recv_null                            0x08013fbd   Thumb Code    46  tcp.o(i.tcp_recv_null)
    tcp_recved                               0x08013fed   Thumb Code   138  tcp.o(i.tcp_recved)
    tcp_rexmit                               0x08014135   Thumb Code    98  tcp_out.o(i.tcp_rexmit)
    tcp_rexmit_fast                          0x08014197   Thumb Code   110  tcp_out.o(i.tcp_rexmit_fast)
    tcp_rexmit_rto                           0x08014205   Thumb Code    66  tcp_out.o(i.tcp_rexmit_rto)
    tcp_rst                                  0x08014249   Thumb Code   160  tcp_out.o(i.tcp_rst)
    tcp_seg_copy                             0x08014375   Thumb Code    36  tcp.o(i.tcp_seg_copy)
    tcp_seg_free                             0x08014399   Thumb Code    26  tcp.o(i.tcp_seg_free)
    tcp_segs_free                            0x080143b3   Thumb Code    24  tcp.o(i.tcp_segs_free)
    tcp_send_empty_ack                       0x080143cb   Thumb Code   118  tcp_out.o(i.tcp_send_empty_ack)
    tcp_send_fin                             0x08014441   Thumb Code    74  tcp_out.o(i.tcp_send_fin)
    tcp_sent                                 0x0801448d   Thumb Code    42  tcp.o(i.tcp_sent)
    tcp_setprio                              0x08014539   Thumb Code     4  tcp.o(i.tcp_setprio)
    tcp_slowtmr                              0x0801453d   Thumb Code  1424  tcp.o(i.tcp_slowtmr)
    tcp_timer_needed                         0x08014b55   Thumb Code    38  timeouts.o(i.tcp_timer_needed)
    tcp_tmr                                  0x08014c31   Thumb Code    30  tcp.o(i.tcp_tmr)
    tcp_trigger_input_pcb_close              0x08014c55   Thumb Code    14  tcp_in.o(i.tcp_trigger_input_pcb_close)
    tcp_update_rcv_ann_wnd                   0x08014c69   Thumb Code   102  tcp.o(i.tcp_update_rcv_ann_wnd)
    tcp_write                                0x08014d45   Thumb Code  1862  tcp_out.o(i.tcp_write)
    tcp_zero_window_probe                    0x08015699   Thumb Code   222  tcp_out.o(i.tcp_zero_window_probe)
    udp_bind                                 0x08015845   Thumb Code   138  udp.o(i.udp_bind)
    udp_connect                              0x080158d9   Thumb Code   104  udp.o(i.udp_connect)
    udp_init                                 0x08015945   Thumb Code     2  udp.o(i.udp_init)
    udp_input                                0x08015949   Thumb Code   326  udp.o(i.udp_input)
    udp_netif_ip_addr_changed                0x08015b4d   Thumb Code    42  udp.o(i.udp_netif_ip_addr_changed)
    udp_new                                  0x08015b7d   Thumb Code    28  udp.o(i.udp_new)
    udp_new_ip_type                          0x08015b99   Thumb Code    14  udp.o(i.udp_new_ip_type)
    udp_recv                                 0x08015c01   Thumb Code     6  udp.o(i.udp_recv)
    udp_remove                               0x08015c09   Thumb Code    64  udp.o(i.udp_remove)
    udp_sendto                               0x08015c4d   Thumb Code    60  udp.o(i.udp_sendto)
    udp_sendto_if                            0x08015c89   Thumb Code    82  udp.o(i.udp_sendto_if)
    udp_sendto_if_src                        0x08015cdd   Thumb Code   214  udp.o(i.udp_sendto_if_src)
    upap_authwithpeer                        0x08015e3d   Thumb Code   108  upap.o(i.upap_authwithpeer)
    upper_layers_down                        0x08016205   Thumb Code    72  auth.o(i.upper_layers_down)
    AHBPrescTable                            0x0801626c   Data          16  system_stm32f1xx.o(.constdata)
    APBPrescTable                            0x0801627c   Data           8  system_stm32f1xx.o(.constdata)
    ipcp_protent                             0x080162c0   Data          32  ipcp.o(.constdata)
    lcp_protent                              0x0801631c   Data          32  lcp.o(.constdata)
    memp_PPP_PCB                             0x0801633c   Data          12  ppp.o(.constdata)
    protocols                                0x08016348   Data          16  ppp.o(.constdata)
    memp_PPPOE_IF                            0x08016358   Data          12  pppoe.o(.constdata)
    pap_protent                              0x08016380   Data          32  upap.o(.constdata)
    ethbroadcast                             0x080163a0   Data           6  ethernet.o(.constdata)
    ethzero                                  0x080163a6   Data           6  ethernet.o(.constdata)
    g_psDefaultFilenames                     0x080163bc   Data          40  httpd.o(.constdata)
    g_pcTagLeadIn                            0x080163e4   Data           4  httpd.o(.constdata)
    g_pcTagLeadOut                           0x080163e8   Data           4  httpd.o(.constdata)
    file__image_LedFlicker_gif               0x0801e620   Data          20  fs.o(.constdata)
    file__image_LedOff_jpg                   0x0801e634   Data          20  fs.o(.constdata)
    file__image_LedOn_jpg                    0x0801e648   Data          20  fs.o(.constdata)
    file__dns_shtml                          0x0801e65c   Data          20  fs.o(.constdata)
    file__index_shtml                        0x0801e670   Data          20  fs.o(.constdata)
    file__LedFlicker_shtml                   0x0801e684   Data          20  fs.o(.constdata)
    file__LedOff_shtml                       0x0801e698   Data          20  fs.o(.constdata)
    file__LedOn_shtml                        0x0801e6ac   Data          20  fs.o(.constdata)
    memp_UDP_PCB                             0x0801e6c0   Data          12  memp.o(.constdata)
    memp_TCP_PCB                             0x0801e6cc   Data          12  memp.o(.constdata)
    memp_TCP_PCB_LISTEN                      0x0801e6d8   Data          12  memp.o(.constdata)
    memp_TCP_SEG                             0x0801e6e4   Data          12  memp.o(.constdata)
    memp_REASSDATA                           0x0801e6f0   Data          12  memp.o(.constdata)
    memp_FRAG_PBUF                           0x0801e6fc   Data          12  memp.o(.constdata)
    memp_SYS_TIMEOUT                         0x0801e708   Data          12  memp.o(.constdata)
    memp_PBUF                                0x0801e714   Data          12  memp.o(.constdata)
    memp_PBUF_POOL                           0x0801e720   Data          12  memp.o(.constdata)
    memp_pools                               0x0801e72c   Data          36  memp.o(.constdata)
    tcp_pcb_lists                            0x0801e790   Data          16  tcp.o(.constdata)
    lwip_cyclic_timers                       0x0801e7a0   Data          48  timeouts.o(.constdata)
    ip_addr_any                              0x0801e7d0   Data           4  ip4_addr.o(.constdata)
    ip_addr_broadcast                        0x0801e7d4   Data           4  ip4_addr.o(.constdata)
    __ctype_table                            0x0801e7d8   Data         129  ctype_o.o(.constdata)
    Region$$Table$$Base                      0x0801ead8   Number         0  anon$$obj.o(Region$$Table)
    Region$$Table$$Limit                     0x0801eaf8   Number         0  anon$$obj.o(Region$$Table)
    flag_GetIpAddr                           0x20000000   Data           1  main.o(.data)
    dest_ipaddr                              0x20000004   Data           4  main.o(.data)
    DHCPfineTimer                            0x20000008   Data           4  lwip.o(.data)
    DHCPcoarseTimer                          0x2000000c   Data           4  lwip.o(.data)
    IP_ADDRESS                               0x20000010   Data           4  lwip.o(.data)
    NETMASK_ADDRESS                          0x20000014   Data           4  lwip.o(.data)
    GATEWAY_ADDRESS                          0x20000018   Data           4  lwip.o(.data)
    ipaddr                                   0x20000020   Data           4  lwip.o(.data)
    netmask                                  0x20000024   Data           4  lwip.o(.data)
    gw                                       0x20000028   Data           4  lwip.o(.data)
    flag_LedFlicker                          0x2000002c   Data           1  stm32f1xx_it.o(.data)
    flag_LedOnAllTheTime                     0x2000002d   Data           1  stm32f1xx_it.o(.data)
    LedFreq                                  0x20000030   Data           4  stm32f1xx_it.o(.data)
    LedTimed                                 0x20000034   Data           4  stm32f1xx_it.o(.data)
    uwTick                                   0x2000003c   Data           4  stm32f1xx_hal.o(.data)
    uwTickPrio                               0x20000040   Data           4  stm32f1xx_hal.o(.data)
    uwTickFreq                               0x20000044   Data           1  stm32f1xx_hal.o(.data)
    SystemCoreClock                          0x20000048   Data           4  system_stm32f1xx.o(.data)
    g_pfnSSIHandler                          0x20000070   Data           4  httpd.o(.data)
    g_pCGIs                                  0x20000074   Data           4  httpd.o(.data)
    g_iNumCGIs                               0x20000078   Data           4  httpd.o(.data)
    http_cgi_paramcount                      0x2000007c   Data           4  httpd.o(.data)
    netif_list                               0x200000bc   Data           4  netif.o(.data)
    netif_default                            0x200000c0   Data           4  netif.o(.data)
    pbuf_free_ooseq_pending                  0x200000c5   Data           1  pbuf.o(.data)
    tcp_ticks                                0x200000cc   Data           4  tcp.o(.data)
    tcp_bound_pcbs                           0x200000d0   Data           4  tcp.o(.data)
    tcp_listen_pcbs                          0x200000d4   Data           4  tcp.o(.data)
    tcp_active_pcbs                          0x200000d8   Data           4  tcp.o(.data)
    tcp_tw_pcbs                              0x200000dc   Data           4  tcp.o(.data)
    tcp_active_pcbs_changed                  0x200000e0   Data           1  tcp.o(.data)
    tcp_input_pcb                            0x2000010c   Data           4  tcp_in.o(.data)
    udp_pcbs                                 0x20000120   Data           4  udp.o(.data)
    __stdout                                 0x20000144   Data           4  stdout.o(.data)
    ipStr                                    0x2000014c   Data          20  main.o(.bss)
    urlStr                                   0x20000160   Data          50  main.o(.bss)
    gnetif                                   0x20000194   Data          52  lwip.o(.bss)
    DMARxDscrTab                             0x200001c8   Data         128  ethernetif.o(.bss)
    DMATxDscrTab                             0x20000248   Data          64  ethernetif.o(.bss)
    Rx_Buff                                  0x20000288   Data       12192  ethernetif.o(.bss)
    Tx_Buff                                  0x20003228   Data        6096  ethernetif.o(.bss)
    heth                                     0x200049f8   Data          72  ethernetif.o(.bss)
    memp_memory_PPP_PCB_base                 0x20004a40   Data         359  ppp.o(.bss)
    memp_memory_PPPOE_IF_base                0x20004ba7   Data          91  pppoe.o(.bss)
    ip_data                                  0x200054c4   Data          24  ip.o(.bss)
    ram_heap                                 0x200054dc   Data        1619  mem.o(.bss)
    memp_memory_UDP_PCB_base                 0x20005b2f   Data         131  memp.o(.bss)
    memp_memory_TCP_PCB_base                 0x20005bb2   Data         763  memp.o(.bss)
    memp_memory_TCP_PCB_LISTEN_base          0x20005ead   Data         227  memp.o(.bss)
    memp_memory_TCP_SEG_base                 0x20005f90   Data         259  memp.o(.bss)
    memp_memory_REASSDATA_base               0x20006093   Data         163  memp.o(.bss)
    memp_memory_FRAG_PBUF_base               0x20006136   Data         363  memp.o(.bss)
    memp_memory_SYS_TIMEOUT_base             0x200062a1   Data         195  memp.o(.bss)
    memp_memory_PBUF_base                    0x20006364   Data         259  memp.o(.bss)
    memp_memory_PBUF_POOL_base               0x20006467   Data        9731  memp.o(.bss)
    dhcp_rx_options_val                      0x20008a7c   Data          40  dhcp.o(.bss)
    dhcp_rx_options_given                    0x20008aa4   Data          10  dhcp.o(.bss)
    __initial_sp                             0x20008fb0   Data           0  startup_stm32f107xc.o(STACK)



==============================================================================

Memory Map of the image

  Image Entry point : 0x08000151

  Load Region LR_IROM1 (Base: 0x08000000, Size: 0x0001ec44, Max: 0x00040000, ABSOLUTE, COMPRESSED[0x0001eb3c])

    Execution Region ER_IROM1 (Exec base: 0x08000000, Load base: 0x08000000, Size: 0x0001eaf8, Max: 0x00040000, ABSOLUTE)

    Exec Addr    Load Addr    Size         Type   Attr      Idx    E Section Name        Object

    0x08000000   0x08000000   0x00000150   Data   RO            3    RESET               startup_stm32f107xc.o
    0x08000150   0x08000150   0x00000000   Code   RO         6693  * .ARM.Collect$$$$00000000  mc_w.l(entry.o)
    0x08000150   0x08000150   0x00000004   Code   RO         7016    .ARM.Collect$$$$00000001  mc_w.l(entry2.o)
    0x08000154   0x08000154   0x00000004   Code   RO         7019    .ARM.Collect$$$$00000004  mc_w.l(entry5.o)
    0x08000158   0x08000158   0x00000000   Code   RO         7021    .ARM.Collect$$$$00000008  mc_w.l(entry7b.o)
    0x08000158   0x08000158   0x00000000   Code   RO         7023    .ARM.Collect$$$$0000000A  mc_w.l(entry8b.o)
    0x08000158   0x08000158   0x00000008   Code   RO         7024    .ARM.Collect$$$$0000000B  mc_w.l(entry9a.o)
    0x08000160   0x08000160   0x00000000   Code   RO         7026    .ARM.Collect$$$$0000000D  mc_w.l(entry10a.o)
    0x08000160   0x08000160   0x00000000   Code   RO         7028    .ARM.Collect$$$$0000000F  mc_w.l(entry11a.o)
    0x08000160   0x08000160   0x00000004   Code   RO         7017    .ARM.Collect$$$$00002712  mc_w.l(entry2.o)
    0x08000164   0x08000164   0x00000024   Code   RO            4    .text               startup_stm32f107xc.o
    0x08000188   0x08000188   0x00000062   Code   RO         6696    .text               mc_w.l(uldiv.o)
    0x080001ea   0x080001ea   0x00000020   Code   RO         6698    .text               mc_w.l(llushr.o)
    0x0800020a   0x0800020a   0x00000002   PAD
    0x0800020c   0x0800020c   0x00000008   Code   RO         6700    .text               mc_w.l(ctype_o.o)
    0x08000214   0x08000214   0x00000024   Code   RO         6728    .text               mc_w.l(rand.o)
    0x08000238   0x08000238   0x00000024   Code   RO         6731    .text               mc_w.l(memcpya.o)
    0x0800025c   0x0800025c   0x00000024   Code   RO         6733    .text               mc_w.l(memseta.o)
    0x08000280   0x08000280   0x00000024   Code   RO         6735    .text               mc_w.l(strstr.o)
    0x080002a4   0x080002a4   0x00000014   Code   RO         6739    .text               mc_w.l(strchr.o)
    0x080002b8   0x080002b8   0x0000000e   Code   RO         6741    .text               mc_w.l(strlen.o)
    0x080002c6   0x080002c6   0x0000001c   Code   RO         6743    .text               mc_w.l(strcmp.o)
    0x080002e2   0x080002e2   0x0000001a   Code   RO         6745    .text               mc_w.l(memcmp.o)
    0x080002fc   0x080002fc   0x00000012   Code   RO         6747    .text               mc_w.l(strcpy.o)
    0x0800030e   0x0800030e   0x0000001e   Code   RO         6749    .text               mc_w.l(strncmp.o)
    0x0800032c   0x0800032c   0x0000001a   Code   RO         7014    .text               mc_w.l(atoi.o)
    0x08000346   0x08000346   0x0000002c   Code   RO         7033    .text               mc_w.l(uidiv.o)
    0x08000372   0x08000372   0x0000001e   Code   RO         7035    .text               mc_w.l(llshl.o)
    0x08000390   0x08000390   0x00000070   Code   RO         7044    .text               mc_w.l(strtol.o)
    0x08000400   0x08000400   0x00000024   Code   RO         7057    .text               mc_w.l(init.o)
    0x08000424   0x08000424   0x00000000   Code   RO         7059    .text               mc_w.l(semi.o)
    0x08000424   0x08000424   0x0000009e   Code   RO         7062    .text               mc_w.l(_strtoul.o)
    0x080004c2   0x080004c2   0x00000000   Code   RO         7064    .text               mc_w.l(iusesemip.o)
    0x080004c2   0x080004c2   0x0000001c   Code   RO         7067    .text               mc_w.l(_chval.o)
    0x080004de   0x080004de   0x00000056   Code   RO         7077    .text               mc_w.l(__dczerorl2.o)
    0x08000534   0x08000534   0x00000004   Code   RO          523    i.BusFault_Handler  stm32f1xx_it.o
    0x08000538   0x08000538   0x00000050   Code   RO          354    i.DNS_CGI_Handler   lwip.o
    0x08000588   0x08000588   0x00000002   Code   RO          524    i.DebugMon_Handler  stm32f1xx_it.o
    0x0800058a   0x0800058a   0x00000016   Code   RO          669    i.ETH_DMAReceptionEnable  stm32f1xx_hal_eth.o
    0x080005a0   0x080005a0   0x00000016   Code   RO          671    i.ETH_DMATransmissionEnable  stm32f1xx_hal_eth.o
    0x080005b6   0x080005b6   0x00000002   PAD
    0x080005b8   0x080005b8   0x00000028   Code   RO          672    i.ETH_Delay         stm32f1xx_hal_eth.o
    0x080005e0   0x080005e0   0x00000038   Code   RO          673    i.ETH_FlushTransmitFIFO  stm32f1xx_hal_eth.o
    0x08000618   0x08000618   0x00000010   Code   RO          525    i.ETH_IRQHandler    stm32f1xx_it.o
    0x08000628   0x08000628   0x00000034   Code   RO          674    i.ETH_MACAddressConfig  stm32f1xx_hal_eth.o
    0x0800065c   0x0800065c   0x0000023c   Code   RO          675    i.ETH_MACDMAConfig  stm32f1xx_hal_eth.o
    0x08000898   0x08000898   0x00000028   Code   RO          677    i.ETH_MACReceptionEnable  stm32f1xx_hal_eth.o
    0x080008c0   0x080008c0   0x00000028   Code   RO          679    i.ETH_MACTransmissionEnable  stm32f1xx_hal_eth.o
    0x080008e8   0x080008e8   0x00000002   Code   RO          248    i.Error_Handler     main.o
    0x080008ea   0x080008ea   0x00000002   PAD
    0x080008ec   0x080008ec   0x00000028   Code   RO          873    i.HAL_Delay         stm32f1xx_hal.o
    0x08000914   0x08000914   0x0000008c   Code   RO          682    i.HAL_ETH_DMARxDescListInit  stm32f1xx_hal_eth.o
    0x080009a0   0x080009a0   0x00000084   Code   RO          683    i.HAL_ETH_DMATxDescListInit  stm32f1xx_hal_eth.o
    0x08000a24   0x08000a24   0x00000002   Code   RO          685    i.HAL_ETH_ErrorCallback  stm32f1xx_hal_eth.o
    0x08000a26   0x08000a26   0x000000b2   Code   RO          686    i.HAL_ETH_GetReceivedFrame  stm32f1xx_hal_eth.o
    0x08000ad8   0x08000ad8   0x000000a4   Code   RO          689    i.HAL_ETH_IRQHandler  stm32f1xx_hal_eth.o
    0x08000b7c   0x08000b7c   0x00000250   Code   RO          690    i.HAL_ETH_Init      stm32f1xx_hal_eth.o
    0x08000dcc   0x08000dcc   0x00000148   Code   RO          445    i.HAL_ETH_MspInit   ethernetif.o
    0x08000f14   0x08000f14   0x00000092   Code   RO          693    i.HAL_ETH_ReadPHYRegister  stm32f1xx_hal_eth.o
    0x08000fa6   0x08000fa6   0x00000002   Code   RO          694    i.HAL_ETH_RxCpltCallback  stm32f1xx_hal_eth.o
    0x08000fa8   0x08000fa8   0x00000052   Code   RO          695    i.HAL_ETH_Start     stm32f1xx_hal_eth.o
    0x08000ffa   0x08000ffa   0x0000013e   Code   RO          697    i.HAL_ETH_TransmitFrame  stm32f1xx_hal_eth.o
    0x08001138   0x08001138   0x00000002   Code   RO          698    i.HAL_ETH_TxCpltCallback  stm32f1xx_hal_eth.o
    0x0800113a   0x0800113a   0x00000090   Code   RO          699    i.HAL_ETH_WritePHYRegister  stm32f1xx_hal_eth.o
    0x080011ca   0x080011ca   0x00000002   PAD
    0x080011cc   0x080011cc   0x00000320   Code   RO         1210    i.HAL_GPIO_Init     stm32f1xx_hal_gpio.o
    0x080014ec   0x080014ec   0x00000010   Code   RO         1212    i.HAL_GPIO_ReadPin  stm32f1xx_hal_gpio.o
    0x080014fc   0x080014fc   0x0000000e   Code   RO         1213    i.HAL_GPIO_TogglePin  stm32f1xx_hal_gpio.o
    0x0800150a   0x0800150a   0x0000000c   Code   RO         1214    i.HAL_GPIO_WritePin  stm32f1xx_hal_gpio.o
    0x08001516   0x08001516   0x00000002   PAD
    0x08001518   0x08001518   0x0000000c   Code   RO          877    i.HAL_GetTick       stm32f1xx_hal.o
    0x08001524   0x08001524   0x00000018   Code   RO          883    i.HAL_IncTick       stm32f1xx_hal.o
    0x0800153c   0x0800153c   0x00000028   Code   RO          884    i.HAL_Init          stm32f1xx_hal.o
    0x08001564   0x08001564   0x0000004c   Code   RO          885    i.HAL_InitTick      stm32f1xx_hal.o
    0x080015b0   0x080015b0   0x00000054   Code   RO          608    i.HAL_MspInit       stm32f1xx_hal_msp.o
    0x08001604   0x08001604   0x00000020   Code   RO         1370    i.HAL_NVIC_EnableIRQ  stm32f1xx_hal_cortex.o
    0x08001624   0x08001624   0x0000007c   Code   RO         1376    i.HAL_NVIC_SetPriority  stm32f1xx_hal_cortex.o
    0x080016a0   0x080016a0   0x00000028   Code   RO         1377    i.HAL_NVIC_SetPriorityGrouping  stm32f1xx_hal_cortex.o
    0x080016c8   0x080016c8   0x0000018c   Code   RO         1041    i.HAL_RCC_ClockConfig  stm32f1xx_hal_rcc.o
    0x08001854   0x08001854   0x0000000c   Code   RO         1046    i.HAL_RCC_GetHCLKFreq  stm32f1xx_hal_rcc.o
    0x08001860   0x08001860   0x00000128   Code   RO         1050    i.HAL_RCC_GetSysClockFreq  stm32f1xx_hal_rcc.o
    0x08001988   0x08001988   0x00000064   Code   RO         1051    i.HAL_RCC_MCOConfig  stm32f1xx_hal_rcc.o
    0x080019ec   0x080019ec   0x0000056c   Code   RO         1053    i.HAL_RCC_OscConfig  stm32f1xx_hal_rcc.o
    0x08001f58   0x08001f58   0x00000034   Code   RO         1381    i.HAL_SYSTICK_Config  stm32f1xx_hal_cortex.o
    0x08001f8c   0x08001f8c   0x00000004   Code   RO          526    i.HardFault_Handler  stm32f1xx_it.o
    0x08001f90   0x08001f90   0x00000104   Code   RO          355    i.LEDS_CGI_Handler  lwip.o
    0x08002094   0x08002094   0x00000080   Code   RO         2531    i.LcpEchoCheck      lcp.o
    0x08002114   0x08002114   0x00000020   Code   RO         2532    i.LcpEchoTimeout    lcp.o
    0x08002134   0x08002134   0x00000088   Code   RO         2533    i.LcpLinkFailure    lcp.o
    0x080021bc   0x080021bc   0x0000006e   Code   RO         2534    i.LcpSendEchoRequest  lcp.o
    0x0800222a   0x0800222a   0x00000002   PAD
    0x0800222c   0x0800222c   0x000000ac   Code   RO          249    i.MX_GPIO_Init      main.o
    0x080022d8   0x080022d8   0x0000006c   Code   RO          356    i.MX_LWIP_Init      lwip.o
    0x08002344   0x08002344   0x00000014   Code   RO          357    i.MX_LWIP_Process   lwip.o
    0x08002358   0x08002358   0x00000004   Code   RO          527    i.MemManage_Handler  stm32f1xx_it.o
    0x0800235c   0x0800235c   0x00000002   Code   RO          528    i.NMI_Handler       stm32f1xx_it.o
    0x0800235e   0x0800235e   0x00000002   Code   RO          529    i.PendSV_Handler    stm32f1xx_it.o
    0x08002360   0x08002360   0x00000028   Code   RO         1054    i.RCC_Delay         stm32f1xx_hal_rcc.o
    0x08002388   0x08002388   0x00000040   Code   RO          358    i.SSIHandler        lwip.o
    0x080023c8   0x080023c8   0x00000002   Code   RO          530    i.SVC_Handler       stm32f1xx_it.o
    0x080023ca   0x080023ca   0x00000002   PAD
    0x080023cc   0x080023cc   0x00000058   Code   RO          531    i.SysTick_Handler   stm32f1xx_it.o
    0x08002424   0x08002424   0x000000b0   Code   RO          250    i.SystemClock_Config  main.o
    0x080024d4   0x080024d4   0x00000064   Code   RO         1933    i.SystemInit        system_stm32f1xx.o
    0x08002538   0x08002538   0x00000004   Code   RO          532    i.UsageFault_Handler  stm32f1xx_it.o
    0x0800253c   0x0800253c   0x00000020   Code   RO         6842    i.__0printf$3       mc_w.l(printf3.o)
    0x0800255c   0x0800255c   0x00000010   Code   RO         1383    i.__NVIC_GetPriorityGrouping  stm32f1xx_hal_cortex.o
    0x0800256c   0x0800256c   0x00000028   Code   RO         1384    i.__NVIC_SetPriority  stm32f1xx_hal_cortex.o
    0x08002594   0x08002594   0x00000008   Code   RO         7037    i.__aeabi_errno_addr  mc_w.l(errno.o)
    0x0800259c   0x0800259c   0x0000000e   Code   RO         7071    i.__scatterload_copy  mc_w.l(handlers.o)
    0x080025aa   0x080025aa   0x00000002   Code   RO         7072    i.__scatterload_null  mc_w.l(handlers.o)
    0x080025ac   0x080025ac   0x0000000e   Code   RO         7073    i.__scatterload_zeroinit  mc_w.l(handlers.o)
    0x080025ba   0x080025ba   0x00000002   PAD
    0x080025bc   0x080025bc   0x000001b8   Code   RO         6849    i._printf_core      mc_w.l(printf3.o)
    0x08002774   0x08002774   0x00000044   Code   RO         1969    i.auth_withpeer_fail  auth.o
    0x080027b8   0x080027b8   0x00000098   Code   RO         1970    i.auth_withpeer_success  auth.o
    0x08002850   0x08002850   0x00000044   Code   RO         2835    i.cdns              ppp.o
    0x08002894   0x08002894   0x00000020   Code   RO         2836    i.cifaddr           ppp.o
    0x080028b4   0x080028b4   0x00000064   Code   RO         1971    i.continue_networks  auth.o
    0x08002918   0x08002918   0x0000001c   Code   RO         5500    i.cyclic_timer      timeouts.o
    0x08002934   0x08002934   0x000000b0   Code   RO         5722    i.dhcp_arp_reply    dhcp.o
    0x080029e4   0x080029e4   0x000001c0   Code   RO         5723    i.dhcp_bind         dhcp.o
    0x08002ba4   0x08002ba4   0x0000003e   Code   RO         5724    i.dhcp_check        dhcp.o
    0x08002be2   0x08002be2   0x00000002   PAD
    0x08002be4   0x08002be4   0x00000068   Code   RO         5726    i.dhcp_coarse_tmr   dhcp.o
    0x08002c4c   0x08002c4c   0x000002f8   Code   RO         5727    i.dhcp_create_msg   dhcp.o
    0x08002f44   0x08002f44   0x000000cc   Code   RO         5728    i.dhcp_dec_pcb_refcount  dhcp.o
    0x08003010   0x08003010   0x00000098   Code   RO         5729    i.dhcp_decline      dhcp.o
    0x080030a8   0x080030a8   0x0000013c   Code   RO         5730    i.dhcp_delete_msg   dhcp.o
    0x080031e4   0x080031e4   0x000000d4   Code   RO         5731    i.dhcp_discover     dhcp.o
    0x080032b8   0x080032b8   0x0000003c   Code   RO         5732    i.dhcp_fine_tmr     dhcp.o
    0x080032f4   0x080032f4   0x000000b0   Code   RO         5733    i.dhcp_handle_ack   dhcp.o
    0x080033a4   0x080033a4   0x00000028   Code   RO         5734    i.dhcp_handle_nak   dhcp.o
    0x080033cc   0x080033cc   0x0000002c   Code   RO         5735    i.dhcp_handle_offer  dhcp.o
    0x080033f8   0x080033f8   0x00000114   Code   RO         5736    i.dhcp_inc_pcb_refcount  dhcp.o
    0x0800350c   0x0800350c   0x0000004a   Code   RO         5738    i.dhcp_network_changed  dhcp.o
    0x08003556   0x08003556   0x00000002   PAD
    0x08003558   0x08003558   0x000000a8   Code   RO         5739    i.dhcp_option       dhcp.o
    0x08003600   0x08003600   0x000000cc   Code   RO         5740    i.dhcp_option_byte  dhcp.o
    0x080036cc   0x080036cc   0x00000100   Code   RO         5741    i.dhcp_option_long  dhcp.o
    0x080037cc   0x080037cc   0x000000a4   Code   RO         5742    i.dhcp_option_short  dhcp.o
    0x08003870   0x08003870   0x00000180   Code   RO         5743    i.dhcp_option_trailer  dhcp.o
    0x080039f0   0x080039f0   0x00000570   Code   RO         5744    i.dhcp_parse_reply  dhcp.o
    0x08003f60   0x08003f60   0x000000bc   Code   RO         5745    i.dhcp_rebind       dhcp.o
    0x0800401c   0x0800401c   0x000000dc   Code   RO         5746    i.dhcp_reboot       dhcp.o
    0x080040f8   0x080040f8   0x000001c0   Code   RO         5747    i.dhcp_recv         dhcp.o
    0x080042b8   0x080042b8   0x000000ac   Code   RO         5748    i.dhcp_release      dhcp.o
    0x08004364   0x08004364   0x000000bc   Code   RO         5749    i.dhcp_renew        dhcp.o
    0x08004420   0x08004420   0x00000104   Code   RO         5750    i.dhcp_select       dhcp.o
    0x08004524   0x08004524   0x00000010   Code   RO         5751    i.dhcp_set_state    dhcp.o
    0x08004534   0x08004534   0x000001a0   Code   RO         5753    i.dhcp_start        dhcp.o
    0x080046d4   0x080046d4   0x000000ec   Code   RO         5754    i.dhcp_stop         dhcp.o
    0x080047c0   0x080047c0   0x00000028   Code   RO         5755    i.dhcp_supplied_address  dhcp.o
    0x080047e8   0x080047e8   0x00000042   Code   RO         5756    i.dhcp_t1_timeout   dhcp.o
    0x0800482a   0x0800482a   0x00000048   Code   RO         5757    i.dhcp_t2_timeout   dhcp.o
    0x08004872   0x08004872   0x00000074   Code   RO         5758    i.dhcp_timeout      dhcp.o
    0x080048e6   0x080048e6   0x00000002   PAD
    0x080048e8   0x080048e8   0x00000074   Code   RO         4128    i.dns_alloc_pcb     dns.o
    0x0800495c   0x0800495c   0x0000005c   Code   RO         4129    i.dns_alloc_random_port  dns.o
    0x080049b8   0x080049b8   0x00000108   Code   RO         4130    i.dns_call_found    dns.o
    0x08004ac0   0x08004ac0   0x0000002c   Code   RO          251    i.dns_callback      main.o
    0x08004aec   0x08004aec   0x00000016   Code   RO         4131    i.dns_check_entries  dns.o
    0x08004b02   0x08004b02   0x00000002   PAD
    0x08004b04   0x08004b04   0x00000180   Code   RO         4132    i.dns_check_entry   dns.o
    0x08004c84   0x08004c84   0x0000008c   Code   RO         4133    i.dns_compare_name  dns.o
    0x08004d10   0x08004d10   0x00000044   Code   RO         4134    i.dns_correct_response  dns.o
    0x08004d54   0x08004d54   0x00000040   Code   RO         4135    i.dns_create_txid   dns.o
    0x08004d94   0x08004d94   0x00000190   Code   RO         4136    i.dns_enqueue       dns.o
    0x08004f24   0x08004f24   0x0000001c   Code   RO         4137    i.dns_gethostbyname  dns.o
    0x08004f40   0x08004f40   0x0000006c   Code   RO         4138    i.dns_gethostbyname_addrtype  dns.o
    0x08004fac   0x08004fac   0x0000001c   Code   RO         4139    i.dns_getserver     dns.o
    0x08004fc8   0x08004fc8   0x0000000a   Code   RO         4140    i.dns_init          dns.o
    0x08004fd2   0x08004fd2   0x00000002   PAD
    0x08004fd4   0x08004fd4   0x0000005c   Code   RO         4141    i.dns_lookup        dns.o
    0x08005030   0x08005030   0x000001d0   Code   RO         4142    i.dns_recv          dns.o
    0x08005200   0x08005200   0x000001c0   Code   RO         4143    i.dns_send          dns.o
    0x080053c0   0x080053c0   0x00000024   Code   RO         4144    i.dns_setserver     dns.o
    0x080053e4   0x080053e4   0x00000062   Code   RO         4145    i.dns_skip_name     dns.o
    0x08005446   0x08005446   0x00000008   Code   RO         4146    i.dns_tmr           dns.o
    0x0800544e   0x0800544e   0x00000002   PAD
    0x08005450   0x08005450   0x000000ac   Code   RO         4515    i.do_memp_free_pool  memp.o
    0x080054fc   0x080054fc   0x000000b4   Code   RO         4516    i.do_memp_malloc_pool  memp.o
    0x080055b0   0x080055b0   0x00000038   Code   RO         5948    i.etharp_cleanup_netif  etharp.o
    0x080055e8   0x080055e8   0x000002e0   Code   RO         5950    i.etharp_find_entry  etharp.o
    0x080058c8   0x080058c8   0x00000040   Code   RO         5951    i.etharp_free_entry  etharp.o
    0x08005908   0x08005908   0x00000144   Code   RO         5953    i.etharp_input      etharp.o
    0x08005a4c   0x08005a4c   0x00000204   Code   RO         5954    i.etharp_output     etharp.o
    0x08005c50   0x08005c50   0x00000168   Code   RO         5955    i.etharp_output_to_arp_index  etharp.o
    0x08005db8   0x08005db8   0x00000284   Code   RO         5956    i.etharp_query      etharp.o
    0x0800603c   0x0800603c   0x00000188   Code   RO         5957    i.etharp_raw        etharp.o
    0x080061c4   0x080061c4   0x00000018   Code   RO         5958    i.etharp_request    etharp.o
    0x080061dc   0x080061dc   0x0000002c   Code   RO         5959    i.etharp_request_dst  etharp.o
    0x08006208   0x08006208   0x000000dc   Code   RO         5960    i.etharp_tmr        etharp.o
    0x080062e4   0x080062e4   0x0000015c   Code   RO         5961    i.etharp_update_arp_entry  etharp.o
    0x08006440   0x08006440   0x000000ec   Code   RO         3518    i.ethernet_input    ethernet.o
    0x0800652c   0x0800652c   0x00000104   Code   RO         3519    i.ethernet_output   ethernet.o
    0x08006630   0x08006630   0x00000090   Code   RO          446    i.ethernetif_init   ethernetif.o
    0x080066c0   0x080066c0   0x00000028   Code   RO          447    i.ethernetif_input  ethernetif.o
    0x080066e8   0x080066e8   0x0000007e   Code   RO         3673    i.extract_uri_parameters  httpd.o
    0x08006766   0x08006766   0x00000012   Code   RO         7030    i.fputc             mc_w.l(fputc.o)
    0x08006778   0x08006778   0x0000000a   Code   RO         3865    i.fs_bytes_left     fs.o
    0x08006782   0x08006782   0x00000002   Code   RO         3866    i.fs_close          fs.o
    0x08006784   0x08006784   0x00000044   Code   RO         3867    i.fs_open           fs.o
    0x080067c8   0x080067c8   0x00000060   Code   RO         2247    i.fsm_close         fsm.o
    0x08006828   0x08006828   0x00000014   Code   RO         2248    i.fsm_init          fsm.o
    0x0800683c   0x0800683c   0x000000de   Code   RO         2249    i.fsm_input         fsm.o
    0x0800691a   0x0800691a   0x00000002   PAD
    0x0800691c   0x0800691c   0x00000074   Code   RO         2250    i.fsm_lowerdown     fsm.o
    0x08006990   0x08006990   0x00000036   Code   RO         2251    i.fsm_lowerup       fsm.o
    0x080069c6   0x080069c6   0x0000006c   Code   RO         2252    i.fsm_open          fsm.o
    0x08006a32   0x08006a32   0x00000002   PAD
    0x08006a34   0x08006a34   0x00000070   Code   RO         2253    i.fsm_protreject    fsm.o
    0x08006aa4   0x08006aa4   0x00000060   Code   RO         2254    i.fsm_rcoderej      fsm.o
    0x08006b04   0x08006b04   0x00000104   Code   RO         2255    i.fsm_rconfack      fsm.o
    0x08006c08   0x08006c08   0x0000014c   Code   RO         2256    i.fsm_rconfnakrej   fsm.o
    0x08006d54   0x08006d54   0x000000f8   Code   RO         2257    i.fsm_rconfreq      fsm.o
    0x08006e4c   0x08006e4c   0x0000007c   Code   RO         2258    i.fsm_rtermack      fsm.o
    0x08006ec8   0x08006ec8   0x000000d4   Code   RO         2259    i.fsm_rtermreq      fsm.o
    0x08006f9c   0x08006f9c   0x000001c8   Code   RO         2260    i.fsm_sconfreq      fsm.o
    0x08007164   0x08007164   0x00000094   Code   RO         2261    i.fsm_sdata         fsm.o
    0x080071f8   0x080071f8   0x00000100   Code   RO         2262    i.fsm_timeout       fsm.o
    0x080072f8   0x080072f8   0x00000008   Code   RO         2837    i.get_mask          ppp.o
    0x08007300   0x08007300   0x000001b0   Code   RO         3674    i.get_tag_insert    httpd.o
    0x080074b0   0x080074b0   0x0000006c   Code   RO         3675    i.http_accept       httpd.o
    0x0800751c   0x0800751c   0x000000e0   Code   RO         3676    i.http_check_eof    httpd.o
    0x080075fc   0x080075fc   0x00000012   Code   RO         3677    i.http_close_conn   httpd.o
    0x0800760e   0x0800760e   0x00000002   PAD
    0x08007610   0x08007610   0x00000068   Code   RO         3678    i.http_close_or_abort_conn  httpd.o
    0x08007678   0x08007678   0x00000010   Code   RO         3679    i.http_eof          httpd.o
    0x08007688   0x08007688   0x00000012   Code   RO         3680    i.http_err          httpd.o
    0x0800769a   0x0800769a   0x00000002   PAD
    0x0800769c   0x0800769c   0x0000022c   Code   RO         3681    i.http_find_file    httpd.o
    0x080078c8   0x080078c8   0x00000064   Code   RO         3682    i.http_get_404_file  httpd.o
    0x0800792c   0x0800792c   0x00000180   Code   RO         3683    i.http_init_file    httpd.o
    0x08007aac   0x08007aac   0x000001f8   Code   RO         3684    i.http_parse_request  httpd.o
    0x08007ca4   0x08007ca4   0x00000052   Code   RO         3685    i.http_poll         httpd.o
    0x08007cf6   0x08007cf6   0x00000002   PAD
    0x08007cf8   0x08007cf8   0x00000148   Code   RO         3686    i.http_recv         httpd.o
    0x08007e40   0x08007e40   0x00000058   Code   RO         3687    i.http_send         httpd.o
    0x08007e98   0x08007e98   0x00000052   Code   RO         3688    i.http_send_data_nonssi  httpd.o
    0x08007eea   0x08007eea   0x00000002   PAD
    0x08007eec   0x08007eec   0x0000047e   Code   RO         3689    i.http_send_data_ssi  httpd.o
    0x0800836a   0x0800836a   0x00000026   Code   RO         3690    i.http_sent         httpd.o
    0x08008390   0x08008390   0x000000d8   Code   RO         3691    i.http_set_cgi_handlers  httpd.o
    0x08008468   0x08008468   0x000000a4   Code   RO         3692    i.http_set_ssi_handler  httpd.o
    0x0800850c   0x0800850c   0x00000018   Code   RO         3693    i.http_ssi_state_alloc  httpd.o
    0x08008524   0x08008524   0x0000000e   Code   RO         3694    i.http_ssi_state_free  httpd.o
    0x08008532   0x08008532   0x00000016   Code   RO         3695    i.http_state_alloc  httpd.o
    0x08008548   0x08008548   0x00000030   Code   RO         3696    i.http_state_eof    httpd.o
    0x08008578   0x08008578   0x00000014   Code   RO         3697    i.http_state_free   httpd.o
    0x0800858c   0x0800858c   0x0000000e   Code   RO         3698    i.http_state_init   httpd.o
    0x0800859a   0x0800859a   0x00000002   PAD
    0x0800859c   0x0800859c   0x00000104   Code   RO         3699    i.http_write        httpd.o
    0x080086a0   0x080086a0   0x00000140   Code   RO         3700    i.httpd_init        httpd.o
    0x080087e0   0x080087e0   0x00000024   Code   RO          359    i.httpd_ssi_cgi_init  lwip.o
    0x08008804   0x08008804   0x00000012   Code   RO         6048    i.icmp_dest_unreach  icmp.o
    0x08008816   0x08008816   0x00000002   PAD
    0x08008818   0x08008818   0x00000268   Code   RO         6049    i.icmp_input        icmp.o
    0x08008a80   0x08008a80   0x00000118   Code   RO         6050    i.icmp_send_response  icmp.o
    0x08008b98   0x08008b98   0x00000012   Code   RO         6051    i.icmp_time_exceeded  icmp.o
    0x08008baa   0x08008baa   0x0000004e   Code   RO         6164    i.ip4_addr_isbroadcast_u32  ip4_addr.o
    0x08008bf8   0x08008bf8   0x000002c8   Code   RO         6229    i.ip4_frag          ip4_frag.o
    0x08008ec0   0x08008ec0   0x000001f8   Code   RO         6114    i.ip4_input         ip4.o
    0x080090b8   0x080090b8   0x00000036   Code   RO         6116    i.ip4_output_if     ip4.o
    0x080090ee   0x080090ee   0x00000002   PAD
    0x080090f0   0x080090f0   0x00000190   Code   RO         6117    i.ip4_output_if_src  ip4.o
    0x08009280   0x08009280   0x000001d8   Code   RO         6230    i.ip4_reass         ip4_frag.o
    0x08009458   0x08009458   0x00000090   Code   RO         6118    i.ip4_route         ip4.o
    0x080094e8   0x080094e8   0x00000210   Code   RO         6166    i.ip4addr_aton      ip4_addr.o
    0x080096f8   0x080096f8   0x00000014   Code   RO         6167    i.ip4addr_ntoa      ip4_addr.o
    0x0800970c   0x0800970c   0x000000a8   Code   RO         6168    i.ip4addr_ntoa_r    ip4_addr.o
    0x080097b4   0x080097b4   0x0000000a   Code   RO         6231    i.ip_frag_alloc_pbuf_custom_ref  ip4_frag.o
    0x080097be   0x080097be   0x00000002   PAD
    0x080097c0   0x080097c0   0x00000098   Code   RO         6232    i.ip_frag_free_pbuf_custom_ref  ip4_frag.o
    0x08009858   0x08009858   0x000002fc   Code   RO         6233    i.ip_reass_chain_frag_into_datagram_and_validate  ip4_frag.o
    0x08009b54   0x08009b54   0x000000c4   Code   RO         6234    i.ip_reass_dequeue_datagram  ip4_frag.o
    0x08009c18   0x08009c18   0x00000054   Code   RO         6235    i.ip_reass_enqueue_new_datagram  ip4_frag.o
    0x08009c6c   0x08009c6c   0x000001d8   Code   RO         6236    i.ip_reass_free_complete_datagram  ip4_frag.o
    0x08009e44   0x08009e44   0x00000088   Code   RO         6237    i.ip_reass_remove_oldest_datagram  ip4_frag.o
    0x08009ecc   0x08009ecc   0x00000034   Code   RO         6238    i.ip_reass_tmr      ip4_frag.o
    0x08009f00   0x08009f00   0x000001c0   Code   RO         2380    i.ipcp_ackci        ipcp.o
    0x0800a0c0   0x0800a0c0   0x00000156   Code   RO         2381    i.ipcp_addci        ipcp.o
    0x0800a216   0x0800a216   0x0000007e   Code   RO         2382    i.ipcp_cilen        ipcp.o
    0x0800a294   0x0800a294   0x0000001a   Code   RO         2383    i.ipcp_clear_addrs  ipcp.o
    0x0800a2ae   0x0800a2ae   0x00000014   Code   RO         2384    i.ipcp_close        ipcp.o
    0x0800a2c2   0x0800a2c2   0x00000048   Code   RO         2385    i.ipcp_down         ipcp.o
    0x0800a30a   0x0800a30a   0x00000020   Code   RO         2386    i.ipcp_finished     ipcp.o
    0x0800a32a   0x0800a32a   0x00000002   PAD
    0x0800a32c   0x0800a32c   0x00000050   Code   RO         2387    i.ipcp_init         ipcp.o
    0x0800a37c   0x0800a37c   0x0000001c   Code   RO         2388    i.ipcp_input        ipcp.o
    0x0800a398   0x0800a398   0x00000010   Code   RO         2389    i.ipcp_lowerdown    ipcp.o
    0x0800a3a8   0x0800a3a8   0x00000010   Code   RO         2390    i.ipcp_lowerup      ipcp.o
    0x0800a3b8   0x0800a3b8   0x0000042a   Code   RO         2391    i.ipcp_nakci        ipcp.o
    0x0800a7e2   0x0800a7e2   0x0000001c   Code   RO         2392    i.ipcp_open         ipcp.o
    0x0800a7fe   0x0800a7fe   0x00000010   Code   RO         2393    i.ipcp_protrej      ipcp.o
    0x0800a80e   0x0800a80e   0x000001d2   Code   RO         2394    i.ipcp_rejci        ipcp.o
    0x0800a9e0   0x0800a9e0   0x000003d8   Code   RO         2395    i.ipcp_reqci        ipcp.o
    0x0800adb8   0x0800adb8   0x00000098   Code   RO         2396    i.ipcp_resetci      ipcp.o
    0x0800ae50   0x0800ae50   0x000002fc   Code   RO         2397    i.ipcp_up           ipcp.o
    0x0800b14c   0x0800b14c   0x000000c8   Code   RO         6239    i.ipfrag_free_pbuf_custom  ip4_frag.o
    0x0800b214   0x0800b214   0x0000022c   Code   RO         2535    i.lcp_ackci         lcp.o
    0x0800b440   0x0800b440   0x00000188   Code   RO         2536    i.lcp_addci         lcp.o
    0x0800b5c8   0x0800b5c8   0x000000ac   Code   RO         2537    i.lcp_cilen         lcp.o
    0x0800b674   0x0800b674   0x0000005c   Code   RO         2538    i.lcp_close         lcp.o
    0x0800b6d0   0x0800b6d0   0x0000001e   Code   RO         2539    i.lcp_delayed_up    lcp.o
    0x0800b6ee   0x0800b6ee   0x0000005a   Code   RO         2540    i.lcp_down          lcp.o
    0x0800b748   0x0800b748   0x00000028   Code   RO         2541    i.lcp_echo_lowerdown  lcp.o
    0x0800b770   0x0800b770   0x00000026   Code   RO         2542    i.lcp_echo_lowerup  lcp.o
    0x0800b796   0x0800b796   0x00000092   Code   RO         2543    i.lcp_extcode       lcp.o
    0x0800b828   0x0800b828   0x0000000e   Code   RO         2544    i.lcp_finished      lcp.o
    0x0800b836   0x0800b836   0x00000002   PAD
    0x0800b838   0x0800b838   0x000000c4   Code   RO         2545    i.lcp_init          lcp.o
    0x0800b8fc   0x0800b8fc   0x00000040   Code   RO         2546    i.lcp_input         lcp.o
    0x0800b93c   0x0800b93c   0x00000030   Code   RO         2547    i.lcp_lowerdown     lcp.o
    0x0800b96c   0x0800b96c   0x0000008c   Code   RO         2548    i.lcp_lowerup       lcp.o
    0x0800b9f8   0x0800b9f8   0x00000478   Code   RO         2549    i.lcp_nakci         lcp.o
    0x0800be70   0x0800be70   0x0000003c   Code   RO         2550    i.lcp_open          lcp.o
    0x0800beac   0x0800beac   0x00000038   Code   RO         2551    i.lcp_protrej       lcp.o
    0x0800bee4   0x0800bee4   0x000000bc   Code   RO         2552    i.lcp_received_echo_reply  lcp.o
    0x0800bfa0   0x0800bfa0   0x00000240   Code   RO         2553    i.lcp_rejci         lcp.o
    0x0800c1e0   0x0800c1e0   0x00000454   Code   RO         2554    i.lcp_reqci         lcp.o
    0x0800c634   0x0800c634   0x00000078   Code   RO         2555    i.lcp_resetci       lcp.o
    0x0800c6ac   0x0800c6ac   0x000000b8   Code   RO         2556    i.lcp_rprotrej      lcp.o
    0x0800c764   0x0800c764   0x00000024   Code   RO         2557    i.lcp_sprotrej      lcp.o
    0x0800c788   0x0800c788   0x0000000e   Code   RO         2558    i.lcp_starting      lcp.o
    0x0800c796   0x0800c796   0x00000106   Code   RO         2559    i.lcp_up            lcp.o
    0x0800c89c   0x0800c89c   0x0000001a   Code   RO         1973    i.link_down         auth.o
    0x0800c8b6   0x0800c8b6   0x00000002   PAD
    0x0800c8b8   0x0800c8b8   0x00000068   Code   RO         1974    i.link_established  auth.o
    0x0800c920   0x0800c920   0x00000002   Code   RO         1975    i.link_required     auth.o
    0x0800c922   0x0800c922   0x00000002   PAD
    0x0800c924   0x0800c924   0x00000044   Code   RO         1976    i.link_terminated   auth.o
    0x0800c968   0x0800c968   0x00000124   Code   RO          448    i.low_level_init    ethernetif.o
    0x0800ca8c   0x0800ca8c   0x00000104   Code   RO          449    i.low_level_input   ethernetif.o
    0x0800cb90   0x0800cb90   0x000000e8   Code   RO          450    i.low_level_output  ethernetif.o
    0x0800cc78   0x0800cc78   0x0000001a   Code   RO         4073    i.lwip_htonl        def.o
    0x0800cc92   0x0800cc92   0x0000000c   Code   RO         4074    i.lwip_htons        def.o
    0x0800cc9e   0x0800cc9e   0x00000002   PAD
    0x0800cca0   0x0800cca0   0x000000a4   Code   RO         4342    i.lwip_init         init.o
    0x0800cd44   0x0800cd44   0x0000003c   Code   RO         4076    i.lwip_stricmp      def.o
    0x0800cd80   0x0800cd80   0x00000046   Code   RO         4077    i.lwip_strnicmp     def.o
    0x0800cdc6   0x0800cdc6   0x0000004a   Code   RO         4078    i.lwip_strnstr      def.o
    0x0800ce10   0x0800ce10   0x00000014   Code   RO         2727    i.magic             magic.o
    0x0800ce24   0x0800ce24   0x00000018   Code   RO         2728    i.magic_init        magic.o
    0x0800ce3c   0x0800ce3c   0x00000018   Code   RO         2731    i.magic_randomize   magic.o
    0x0800ce54   0x0800ce54   0x00000098   Code   RO          252    i.main              main.o
    0x0800ceec   0x0800ceec   0x0000014c   Code   RO         4449    i.mem_free          mem.o
    0x0800d038   0x0800d038   0x0000005c   Code   RO         4450    i.mem_init          mem.o
    0x0800d094   0x0800d094   0x00000274   Code   RO         4451    i.mem_malloc        mem.o
    0x0800d308   0x0800d308   0x000001d0   Code   RO         4452    i.mem_trim          mem.o
    0x0800d4d8   0x0800d4d8   0x000000b0   Code   RO         4517    i.memp_free         memp.o
    0x0800d588   0x0800d588   0x000000a0   Code   RO         4518    i.memp_free_pool    memp.o
    0x0800d628   0x0800d628   0x00000020   Code   RO         4519    i.memp_init         memp.o
    0x0800d648   0x0800d648   0x0000002c   Code   RO         4520    i.memp_init_pool    memp.o
    0x0800d674   0x0800d674   0x000000b0   Code   RO         4521    i.memp_malloc       memp.o
    0x0800d724   0x0800d724   0x000000fc   Code   RO         4617    i.netif_add         netif.o
    0x0800d820   0x0800d820   0x00000002   Code   RO         4619    i.netif_init        netif.o
    0x0800d822   0x0800d822   0x00000024   Code   RO         4621    i.netif_issue_reports  netif.o
    0x0800d846   0x0800d846   0x00000048   Code   RO         4623    i.netif_set_addr    netif.o
    0x0800d88e   0x0800d88e   0x00000002   PAD
    0x0800d890   0x0800d890   0x0000000c   Code   RO         4624    i.netif_set_default  netif.o
    0x0800d89c   0x0800d89c   0x0000002a   Code   RO         4625    i.netif_set_down    netif.o
    0x0800d8c6   0x0800d8c6   0x0000000c   Code   RO         4626    i.netif_set_gw      netif.o
    0x0800d8d2   0x0800d8d2   0x00000002   PAD
    0x0800d8d4   0x0800d8d4   0x0000004c   Code   RO         4627    i.netif_set_ipaddr  netif.o
    0x0800d920   0x0800d920   0x00000018   Code   RO         4628    i.netif_set_link_down  netif.o
    0x0800d938   0x0800d938   0x00000034   Code   RO         4629    i.netif_set_link_up  netif.o
    0x0800d96c   0x0800d96c   0x00000006   Code   RO         2839    i.netif_set_mtu     ppp.o
    0x0800d972   0x0800d972   0x0000000c   Code   RO         4630    i.netif_set_netmask  netif.o
    0x0800d97e   0x0800d97e   0x0000002c   Code   RO         4631    i.netif_set_up      netif.o
    0x0800d9aa   0x0800d9aa   0x0000000c   Code   RO         1977    i.network_phase     auth.o
    0x0800d9b6   0x0800d9b6   0x00000006   Code   RO         2840    i.new_phase         ppp.o
    0x0800d9bc   0x0800d9bc   0x0000001e   Code   RO         1978    i.np_down           auth.o
    0x0800d9da   0x0800d9da   0x00000002   PAD
    0x0800d9dc   0x0800d9dc   0x00000040   Code   RO         1979    i.np_finished       auth.o
    0x0800da1c   0x0800da1c   0x00000020   Code   RO         1980    i.np_up             auth.o
    0x0800da3c   0x0800da3c   0x00000430   Code   RO         4751    i.pbuf_alloc        pbuf.o
    0x0800de6c   0x0800de6c   0x0000010c   Code   RO         4752    i.pbuf_alloced_custom  pbuf.o
    0x0800df78   0x0800df78   0x00000150   Code   RO         4753    i.pbuf_cat          pbuf.o
    0x0800e0c8   0x0800e0c8   0x00000016   Code   RO         4754    i.pbuf_chain        pbuf.o
    0x0800e0de   0x0800e0de   0x00000012   Code   RO         4755    i.pbuf_clen         pbuf.o
    0x0800e0f0   0x0800e0f0   0x00000238   Code   RO         4757    i.pbuf_copy         pbuf.o
    0x0800e328   0x0800e328   0x00000154   Code   RO         4758    i.pbuf_copy_partial  pbuf.o
    0x0800e47c   0x0800e47c   0x000001b0   Code   RO         4760    i.pbuf_free         pbuf.o
    0x0800e62c   0x0800e62c   0x00000034   Code   RO         4761    i.pbuf_free_ooseq   pbuf.o
    0x0800e660   0x0800e660   0x00000012   Code   RO         4763    i.pbuf_header       pbuf.o
    0x0800e672   0x0800e672   0x00000012   Code   RO         4764    i.pbuf_header_force  pbuf.o
    0x0800e684   0x0800e684   0x00000168   Code   RO         4765    i.pbuf_header_impl  pbuf.o
    0x0800e7ec   0x0800e7ec   0x00000010   Code   RO         4768    i.pbuf_pool_is_empty  pbuf.o
    0x0800e7fc   0x0800e7fc   0x0000002a   Code   RO         4769    i.pbuf_put_at       pbuf.o
    0x0800e826   0x0800e826   0x00000002   PAD
    0x0800e828   0x0800e828   0x000001dc   Code   RO         4770    i.pbuf_realloc      pbuf.o
    0x0800ea04   0x0800ea04   0x0000009c   Code   RO         4771    i.pbuf_ref          pbuf.o
    0x0800eaa0   0x0800eaa0   0x0000001c   Code   RO         4772    i.pbuf_skip         pbuf.o
    0x0800eabc   0x0800eabc   0x00000022   Code   RO         4773    i.pbuf_skip_const   pbuf.o
    0x0800eade   0x0800eade   0x00000002   PAD
    0x0800eae0   0x0800eae0   0x000001d0   Code   RO         4775    i.pbuf_take         pbuf.o
    0x0800ecb0   0x0800ecb0   0x00000076   Code   RO         4776    i.pbuf_take_at      pbuf.o
    0x0800ed26   0x0800ed26   0x0000002e   Code   RO         4777    i.pbuf_try_get_at   pbuf.o
    0x0800ed54   0x0800ed54   0x000001c4   Code   RO         4453    i.plug_holes        mem.o
    0x0800ef18   0x0800ef18   0x0000001c   Code   RO         3380    i.ppp_dbglog        utils.o
    0x0800ef34   0x0800ef34   0x0000001c   Code   RO         3381    i.ppp_error         utils.o
    0x0800ef50   0x0800ef50   0x0000001c   Code   RO         3383    i.ppp_info          utils.o
    0x0800ef6c   0x0800ef6c   0x00000020   Code   RO         2845    i.ppp_init          ppp.o
    0x0800ef8c   0x0800ef8c   0x0000011c   Code   RO         2846    i.ppp_input         ppp.o
    0x0800f0a8   0x0800f0a8   0x00000026   Code   RO         2848    i.ppp_link_end      ppp.o
    0x0800f0ce   0x0800f0ce   0x00000020   Code   RO         2849    i.ppp_link_failed   ppp.o
    0x0800f0ee   0x0800f0ee   0x00000010   Code   RO         2850    i.ppp_link_terminated  ppp.o
    0x0800f0fe   0x0800f0fe   0x00000002   Code   RO         3384    i.ppp_log_write     utils.o
    0x0800f100   0x0800f100   0x00000028   Code   RO         3385    i.ppp_logit         utils.o
    0x0800f128   0x0800f128   0x0000001c   Code   RO         3386    i.ppp_notice        utils.o
    0x0800f144   0x0800f144   0x0000002c   Code   RO         2855    i.ppp_recv_config   ppp.o
    0x0800f170   0x0800f170   0x0000002c   Code   RO         2856    i.ppp_send_config   ppp.o
    0x0800f19c   0x0800f19c   0x0000004a   Code   RO         2858    i.ppp_singlebuf     ppp.o
    0x0800f1e6   0x0800f1e6   0x00000026   Code   RO         3388    i.ppp_slprintf      utils.o
    0x0800f20c   0x0800f20c   0x0000001a   Code   RO         2859    i.ppp_start         ppp.o
    0x0800f226   0x0800f226   0x00000002   PAD
    0x0800f228   0x0800f228   0x000005a8   Code   RO         3391    i.ppp_vslprintf     utils.o
    0x0800f7d0   0x0800f7d0   0x0000001c   Code   RO         3392    i.ppp_warn          utils.o
    0x0800f7ec   0x0800f7ec   0x00000014   Code   RO         2860    i.ppp_write         ppp.o
    0x0800f800   0x0800f800   0x00000010   Code   RO         3111    i.pppoe_abort_connect  pppoe.o
    0x0800f810   0x0800f810   0x000000a0   Code   RO         3112    i.pppoe_connect     pppoe.o
    0x0800f8b0   0x0800f8b0   0x00000078   Code   RO         3114    i.pppoe_data_input  pppoe.o
    0x0800f928   0x0800f928   0x00000044   Code   RO         3115    i.pppoe_destroy     pppoe.o
    0x0800f96c   0x0800f96c   0x000001d8   Code   RO         3116    i.pppoe_disc_input  pppoe.o
    0x0800fb44   0x0800fb44   0x00000034   Code   RO         3117    i.pppoe_disconnect  pppoe.o
    0x0800fb78   0x0800fb78   0x00000058   Code   RO         3118    i.pppoe_find_softc_by_hunique  pppoe.o
    0x0800fbd0   0x0800fbd0   0x00000030   Code   RO         3119    i.pppoe_find_softc_by_session  pppoe.o
    0x0800fc00   0x0800fc00   0x00000058   Code   RO         3120    i.pppoe_netif_output  pppoe.o
    0x0800fc58   0x0800fc58   0x00000066   Code   RO         3121    i.pppoe_output      pppoe.o
    0x0800fcbe   0x0800fcbe   0x00000002   PAD
    0x0800fcc0   0x0800fcc0   0x00000184   Code   RO         3122    i.pppoe_send_padi   pppoe.o
    0x0800fe44   0x0800fe44   0x000001c8   Code   RO         3123    i.pppoe_send_padr   pppoe.o
    0x0801000c   0x0801000c   0x0000011c   Code   RO         3124    i.pppoe_send_padt   pppoe.o
    0x08010128   0x08010128   0x000000f0   Code   RO         3125    i.pppoe_timeout     pppoe.o
    0x08010218   0x08010218   0x00000058   Code   RO         3126    i.pppoe_write       pppoe.o
    0x08010270   0x08010270   0x00000064   Code   RO         3127    i.pppoe_xmit        pppoe.o
    0x080102d4   0x080102d4   0x00000020   Code   RO         2861    i.sdns              ppp.o
    0x080102f4   0x080102f4   0x00000020   Code   RO         2862    i.sifaddr           ppp.o
    0x08010314   0x08010314   0x00000016   Code   RO         2863    i.sifdown           ppp.o
    0x0801032a   0x0801032a   0x0000002c   Code   RO         2864    i.sifup             ppp.o
    0x08010356   0x08010356   0x00000014   Code   RO         1981    i.start_networks    auth.o
    0x0801036a   0x0801036a   0x00000002   PAD
    0x0801036c   0x0801036c   0x00000080   Code   RO         5501    i.sys_check_timeouts  timeouts.o
    0x080103ec   0x080103ec   0x00000008   Code   RO          451    i.sys_jiffies       ethernetif.o
    0x080103f4   0x080103f4   0x00000008   Code   RO          452    i.sys_now           ethernetif.o
    0x080103fc   0x080103fc   0x00000188   Code   RO         5503    i.sys_timeout       timeouts.o
    0x08010584   0x08010584   0x00000034   Code   RO         5504    i.sys_timeouts_init  timeouts.o
    0x080105b8   0x080105b8   0x00000060   Code   RO         5506    i.sys_untimeout     timeouts.o
    0x08010618   0x08010618   0x0000019c   Code   RO         5003    i.tcp_abandon       tcp.o
    0x080107b4   0x080107b4   0x0000000e   Code   RO         5004    i.tcp_abort         tcp.o
    0x080107c2   0x080107c2   0x00000010   Code   RO         5005    i.tcp_accept        tcp.o
    0x080107d2   0x080107d2   0x00000014   Code   RO         5006    i.tcp_accept_null   tcp.o
    0x080107e6   0x080107e6   0x00000002   PAD
    0x080107e8   0x080107e8   0x000000b8   Code   RO         5007    i.tcp_alloc         tcp.o
    0x080108a0   0x080108a0   0x00000006   Code   RO         5008    i.tcp_arg           tcp.o
    0x080108a6   0x080108a6   0x00000002   PAD
    0x080108a8   0x080108a8   0x00000144   Code   RO         5009    i.tcp_bind          tcp.o
    0x080109ec   0x080109ec   0x0000001c   Code   RO         5010    i.tcp_close         tcp.o
    0x08010a08   0x08010a08   0x000001f4   Code   RO         5011    i.tcp_close_shutdown  tcp.o
    0x08010bfc   0x08010bfc   0x000000e4   Code   RO         5012    i.tcp_close_shutdown_fin  tcp.o
    0x08010ce0   0x08010ce0   0x00000150   Code   RO         5383    i.tcp_create_segment  tcp_out.o
    0x08010e30   0x08010e30   0x0000003a   Code   RO         5015    i.tcp_eff_send_mss_impl  tcp.o
    0x08010e6a   0x08010e6a   0x00000002   PAD
    0x08010e6c   0x08010e6c   0x00000294   Code   RO         5384    i.tcp_enqueue_flags  tcp_out.o
    0x08011100   0x08011100   0x000000ac   Code   RO         5016    i.tcp_err           tcp.o
    0x080111ac   0x080111ac   0x00000090   Code   RO         5017    i.tcp_fasttmr       tcp.o
    0x0801123c   0x0801123c   0x00000058   Code   RO         5299    i.tcp_getoptbyte    tcp_in.o
    0x08011294   0x08011294   0x00000002   Code   RO         5018    i.tcp_init          tcp.o
    0x08011296   0x08011296   0x00000002   PAD
    0x08011298   0x08011298   0x0000078c   Code   RO         5300    i.tcp_input         tcp_in.o
    0x08011a24   0x08011a24   0x0000004c   Code   RO         5301    i.tcp_input_delayed_close  tcp_in.o
    0x08011a70   0x08011a70   0x0000005a   Code   RO         5385    i.tcp_keepalive     tcp_out.o
    0x08011aca   0x08011aca   0x00000002   PAD
    0x08011acc   0x08011acc   0x00000058   Code   RO         5019    i.tcp_kill_prio     tcp.o
    0x08011b24   0x08011b24   0x000000d0   Code   RO         5020    i.tcp_kill_state    tcp.o
    0x08011bf4   0x08011bf4   0x0000003c   Code   RO         5021    i.tcp_kill_timewait  tcp.o
    0x08011c30   0x08011c30   0x000000d0   Code   RO         5022    i.tcp_listen_closed  tcp.o
    0x08011d00   0x08011d00   0x00000148   Code   RO         5302    i.tcp_listen_input  tcp_in.o
    0x08011e48   0x08011e48   0x00000012   Code   RO         5023    i.tcp_listen_with_backlog  tcp.o
    0x08011e5a   0x08011e5a   0x00000002   PAD
    0x08011e5c   0x08011e5c   0x0000015c   Code   RO         5024    i.tcp_listen_with_backlog_and_err  tcp.o
    0x08011fb8   0x08011fb8   0x00000054   Code   RO         5025    i.tcp_netif_ip_addr_changed  tcp.o
    0x0801200c   0x0801200c   0x0000002a   Code   RO         5026    i.tcp_netif_ip_addr_changed_pcblist  tcp.o
    0x08012036   0x08012036   0x00000010   Code   RO         5028    i.tcp_new_ip_type   tcp.o
    0x08012046   0x08012046   0x00000002   PAD
    0x08012048   0x08012048   0x00000068   Code   RO         5029    i.tcp_new_port      tcp.o
    0x080120b0   0x080120b0   0x00000020   Code   RO         5030    i.tcp_next_iss      tcp.o
    0x080120d0   0x080120d0   0x00000090   Code   RO         5303    i.tcp_oos_insert_segment  tcp_in.o
    0x08012160   0x08012160   0x00000320   Code   RO         5386    i.tcp_output        tcp_out.o
    0x08012480   0x08012480   0x00000124   Code   RO         5387    i.tcp_output_alloc_header  tcp_out.o
    0x080125a4   0x080125a4   0x000000c4   Code   RO         5388    i.tcp_output_segment  tcp_out.o
    0x08012668   0x08012668   0x0000009c   Code   RO         5304    i.tcp_parseopt      tcp_in.o
    0x08012704   0x08012704   0x00000100   Code   RO         5389    i.tcp_pbuf_prealloc  tcp_out.o
    0x08012804   0x08012804   0x00000048   Code   RO         5031    i.tcp_pcb_purge     tcp.o
    0x0801284c   0x0801284c   0x00000164   Code   RO         5032    i.tcp_pcb_remove    tcp.o
    0x080129b0   0x080129b0   0x000000a4   Code   RO         5033    i.tcp_poll          tcp.o
    0x08012a54   0x08012a54   0x000006d8   Code   RO         5305    i.tcp_process       tcp_in.o
    0x0801312c   0x0801312c   0x00000094   Code   RO         5034    i.tcp_process_refused_data  tcp.o
    0x080131c0   0x080131c0   0x00000d50   Code   RO         5306    i.tcp_receive       tcp_in.o
    0x08013f10   0x08013f10   0x000000ac   Code   RO         5035    i.tcp_recv          tcp.o
    0x08013fbc   0x08013fbc   0x0000002e   Code   RO         5036    i.tcp_recv_null     tcp.o
    0x08013fea   0x08013fea   0x00000002   PAD
    0x08013fec   0x08013fec   0x00000130   Code   RO         5037    i.tcp_recved        tcp.o
    0x0801411c   0x0801411c   0x00000018   Code   RO         5038    i.tcp_remove_listener  tcp.o
    0x08014134   0x08014134   0x00000062   Code   RO         5390    i.tcp_rexmit        tcp_out.o
    0x08014196   0x08014196   0x0000006e   Code   RO         5391    i.tcp_rexmit_fast   tcp_out.o
    0x08014204   0x08014204   0x00000042   Code   RO         5392    i.tcp_rexmit_rto    tcp_out.o
    0x08014246   0x08014246   0x00000002   PAD
    0x08014248   0x08014248   0x0000012c   Code   RO         5393    i.tcp_rst           tcp_out.o
    0x08014374   0x08014374   0x00000024   Code   RO         5039    i.tcp_seg_copy      tcp.o
    0x08014398   0x08014398   0x0000001a   Code   RO         5040    i.tcp_seg_free      tcp.o
    0x080143b2   0x080143b2   0x00000018   Code   RO         5041    i.tcp_segs_free     tcp.o
    0x080143ca   0x080143ca   0x00000076   Code   RO         5394    i.tcp_send_empty_ack  tcp_out.o
    0x08014440   0x08014440   0x0000004a   Code   RO         5395    i.tcp_send_fin      tcp_out.o
    0x0801448a   0x0801448a   0x00000002   PAD
    0x0801448c   0x0801448c   0x000000ac   Code   RO         5042    i.tcp_sent          tcp.o
    0x08014538   0x08014538   0x00000004   Code   RO         5043    i.tcp_setprio       tcp.o
    0x0801453c   0x0801453c   0x00000618   Code   RO         5045    i.tcp_slowtmr       tcp.o
    0x08014b54   0x08014b54   0x00000038   Code   RO         5507    i.tcp_timer_needed  timeouts.o
    0x08014b8c   0x08014b8c   0x000000a4   Code   RO         5307    i.tcp_timewait_input  tcp_in.o
    0x08014c30   0x08014c30   0x00000024   Code   RO         5046    i.tcp_tmr           tcp.o
    0x08014c54   0x08014c54   0x00000014   Code   RO         5308    i.tcp_trigger_input_pcb_close  tcp_in.o
    0x08014c68   0x08014c68   0x000000dc   Code   RO         5048    i.tcp_update_rcv_ann_wnd  tcp.o
    0x08014d44   0x08014d44   0x000007d8   Code   RO         5396    i.tcp_write         tcp_out.o
    0x0801551c   0x0801551c   0x0000017c   Code   RO         5397    i.tcp_write_checks  tcp_out.o
    0x08015698   0x08015698   0x000000de   Code   RO         5398    i.tcp_zero_window_probe  tcp_out.o
    0x08015776   0x08015776   0x00000002   PAD
    0x08015778   0x08015778   0x00000038   Code   RO         5508    i.tcpip_tcp_timer   timeouts.o
    0x080157b0   0x080157b0   0x00000094   Code   RO         2263    i.terminate_layer   fsm.o
    0x08015844   0x08015844   0x00000094   Code   RO         5580    i.udp_bind          udp.o
    0x080158d8   0x080158d8   0x0000006c   Code   RO         5581    i.udp_connect       udp.o
    0x08015944   0x08015944   0x00000002   Code   RO         5583    i.udp_init          udp.o
    0x08015946   0x08015946   0x00000002   PAD
    0x08015948   0x08015948   0x000001bc   Code   RO         5584    i.udp_input         udp.o
    0x08015b04   0x08015b04   0x00000048   Code   RO         5585    i.udp_input_local_match  udp.o
    0x08015b4c   0x08015b4c   0x00000030   Code   RO         5586    i.udp_netif_ip_addr_changed  udp.o
    0x08015b7c   0x08015b7c   0x0000001c   Code   RO         5587    i.udp_new           udp.o
    0x08015b98   0x08015b98   0x0000000e   Code   RO         5588    i.udp_new_ip_type   udp.o
    0x08015ba6   0x08015ba6   0x00000002   PAD
    0x08015ba8   0x08015ba8   0x00000058   Code   RO         5589    i.udp_new_port      udp.o
    0x08015c00   0x08015c00   0x00000006   Code   RO         5590    i.udp_recv          udp.o
    0x08015c06   0x08015c06   0x00000002   PAD
    0x08015c08   0x08015c08   0x00000044   Code   RO         5591    i.udp_remove        udp.o
    0x08015c4c   0x08015c4c   0x0000003c   Code   RO         5593    i.udp_sendto        udp.o
    0x08015c88   0x08015c88   0x00000052   Code   RO         5594    i.udp_sendto_if     udp.o
    0x08015cda   0x08015cda   0x00000002   PAD
    0x08015cdc   0x08015cdc   0x00000160   Code   RO         5595    i.udp_sendto_if_src  udp.o
    0x08015e3c   0x08015e3c   0x0000006c   Code   RO         3287    i.upap_authwithpeer  upap.o
    0x08015ea8   0x08015ea8   0x0000001a   Code   RO         3288    i.upap_init         upap.o
    0x08015ec2   0x08015ec2   0x00000070   Code   RO         3289    i.upap_input        upap.o
    0x08015f32   0x08015f32   0x00000002   PAD
    0x08015f34   0x08015f34   0x00000020   Code   RO         3290    i.upap_lowerdown    upap.o
    0x08015f54   0x08015f54   0x00000022   Code   RO         3291    i.upap_lowerup      upap.o
    0x08015f76   0x08015f76   0x00000002   PAD
    0x08015f78   0x08015f78   0x00000058   Code   RO         3292    i.upap_protrej      upap.o
    0x08015fd0   0x08015fd0   0x00000068   Code   RO         3293    i.upap_rauthack     upap.o
    0x08016038   0x08016038   0x00000088   Code   RO         3294    i.upap_rauthnak     upap.o
    0x080160c0   0x080160c0   0x000000dc   Code   RO         3295    i.upap_sauthreq     upap.o
    0x0801619c   0x0801619c   0x00000068   Code   RO         3296    i.upap_timeout      upap.o
    0x08016204   0x08016204   0x00000058   Code   RO         1982    i.upper_layers_down  auth.o
    0x0801625c   0x0801625c   0x00000010   Data   RO          365    .constdata          lwip.o
    0x0801626c   0x0801626c   0x00000018   Data   RO         1934    .constdata          system_stm32f1xx.o
    0x08016284   0x08016284   0x0000005c   Data   RO         2398    .constdata          ipcp.o
    0x080162e0   0x080162e0   0x0000005c   Data   RO         2560    .constdata          lcp.o
    0x0801633c   0x0801633c   0x0000001c   Data   RO         2866    .constdata          ppp.o
    0x08016358   0x08016358   0x00000028   Data   RO         3129    .constdata          pppoe.o
    0x08016380   0x08016380   0x00000020   Data   RO         3297    .constdata          upap.o
    0x080163a0   0x080163a0   0x0000000c   Data   RO         3520    .constdata          ethernet.o
    0x080163ac   0x080163ac   0x00000040   Data   RO         3702    .constdata          httpd.o
    0x080163ec   0x080163ec   0x000082d4   Data   RO         3868    .constdata          fs.o
    0x0801e6c0   0x0801e6c0   0x00000090   Data   RO         4524    .constdata          memp.o
    0x0801e750   0x0801e750   0x00000050   Data   RO         5049    .constdata          tcp.o
    0x0801e7a0   0x0801e7a0   0x00000030   Data   RO         5509    .constdata          timeouts.o
    0x0801e7d0   0x0801e7d0   0x00000008   Data   RO         6171    .constdata          ip4_addr.o
    0x0801e7d8   0x0801e7d8   0x00000081   Data   RO         6701    .constdata          mc_w.l(ctype_o.o)
    0x0801e859   0x0801e859   0x00000003   PAD
    0x0801e85c   0x0801e85c   0x00000004   Data   RO         6702    .constdata          mc_w.l(ctype_o.o)
    0x0801e860   0x0801e860   0x0000001a   Data   RO          366    .conststring        lwip.o
    0x0801e87a   0x0801e87a   0x00000002   PAD
    0x0801e87c   0x0801e87c   0x00000005   Data   RO         2399    .conststring        ipcp.o
    0x0801e881   0x0801e881   0x00000003   PAD
    0x0801e884   0x0801e884   0x00000004   Data   RO         2561    .conststring        lcp.o
    0x0801e888   0x0801e888   0x0000006a   Data   RO         3703    .conststring        httpd.o
    0x0801e8f2   0x0801e8f2   0x00000002   PAD
    0x0801e8f4   0x0801e8f4   0x00000041   Data   RO         4343    .conststring        init.o
    0x0801e935   0x0801e935   0x00000003   PAD
    0x0801e938   0x0801e938   0x00000075   Data   RO         5050    .conststring        tcp.o
    0x0801e9ad   0x0801e9ad   0x00000003   PAD
    0x0801e9b0   0x0801e9b0   0x00000055   Data   RO         5399    .conststring        tcp_out.o
    0x0801ea05   0x0801ea05   0x00000003   PAD
    0x0801ea08   0x0801ea08   0x0000008c   Data   RO         5760    .conststring        dhcp.o
    0x0801ea94   0x0801ea94   0x00000041   Data   RO         5963    .conststring        etharp.o
    0x0801ead5   0x0801ead5   0x00000003   PAD
    0x0801ead8   0x0801ead8   0x00000020   Data   RO         7069    Region$$Table       anon$$obj.o


    Execution Region RW_IRAM1 (Exec base: 0x20000000, Load base: 0x0801eaf8, Size: 0x00008fb0, Max: 0x00010000, ABSOLUTE, COMPRESSED[0x00000044])

    Exec Addr    Load Addr    Size         Type   Attr      Idx    E Section Name        Object

    0x20000000   COMPRESSED   0x00000008   Data   RW          254    .data               main.o
    0x20000008   COMPRESSED   0x00000024   Data   RW          367    .data               lwip.o
    0x2000002c   COMPRESSED   0x0000000e   Data   RW          533    .data               stm32f1xx_it.o
    0x2000003a   COMPRESSED   0x00000002   PAD
    0x2000003c   COMPRESSED   0x00000009   Data   RW          891    .data               stm32f1xx_hal.o
    0x20000045   COMPRESSED   0x00000003   PAD
    0x20000048   COMPRESSED   0x00000004   Data   RW         1935    .data               system_stm32f1xx.o
    0x2000004c   COMPRESSED   0x00000004   Data   RW         2732    .data               magic.o
    0x20000050   COMPRESSED   0x00000004   Data   RW         2867    .data               ppp.o
    0x20000054   COMPRESSED   0x00000008   Data   RW         3130    .data               pppoe.o
    0x2000005c   COMPRESSED   0x00000011   Data   RW         3393    .data               utils.o
    0x2000006d   COMPRESSED   0x00000003   PAD
    0x20000070   COMPRESSED   0x00000010   Data   RW         3704    .data               httpd.o
    0x20000080   COMPRESSED   0x0000000c   Data   RW         4149    .data               dns.o
    0x2000008c   COMPRESSED   0x0000000c   Data   RW         4455    .data               mem.o
    0x20000098   COMPRESSED   0x00000024   Data   RW         4525    .data               memp.o
    0x200000bc   COMPRESSED   0x00000009   Data   RW         4632    .data               netif.o
    0x200000c5   COMPRESSED   0x00000001   Data   RW         4778    .data               pbuf.o
    0x200000c6   COMPRESSED   0x00000002   PAD
    0x200000c8   COMPRESSED   0x00000020   Data   RW         5051    .data               tcp.o
    0x200000e8   COMPRESSED   0x00000028   Data   RW         5310    .data               tcp_in.o
    0x20000110   COMPRESSED   0x0000000c   Data   RW         5510    .data               timeouts.o
    0x2000011c   COMPRESSED   0x00000008   Data   RW         5596    .data               udp.o
    0x20000124   COMPRESSED   0x00000010   Data   RW         5761    .data               dhcp.o
    0x20000134   COMPRESSED   0x00000001   Data   RW         5964    .data               etharp.o
    0x20000135   COMPRESSED   0x00000001   PAD
    0x20000136   COMPRESSED   0x00000002   Data   RW         6119    .data               ip4.o
    0x20000138   COMPRESSED   0x00000006   Data   RW         6240    .data               ip4_frag.o
    0x2000013e   COMPRESSED   0x00000002   PAD
    0x20000140   COMPRESSED   0x00000004   Data   RW         6729    .data               mc_w.l(rand.o)
    0x20000144   COMPRESSED   0x00000004   Data   RW         7032    .data               mc_w.l(stdout.o)
    0x20000148   COMPRESSED   0x00000004   Data   RW         7040    .data               mc_w.l(errno.o)
    0x2000014c        -       0x00000046   Zero   RW          253    .bss                main.o
    0x20000192   COMPRESSED   0x00000002   PAD
    0x20000194        -       0x00000034   Zero   RW          364    .bss                lwip.o
    0x200001c8        -       0x00004878   Zero   RW          453    .bss                ethernetif.o
    0x20004a40        -       0x00000167   Zero   RW         2865    .bss                ppp.o
    0x20004ba7        -       0x0000005b   Zero   RW         3128    .bss                pppoe.o
    0x20004c02        -       0x00000440   Zero   RW         3701    .bss                httpd.o
    0x20005042   COMPRESSED   0x00000002   PAD
    0x20005044        -       0x00000480   Zero   RW         4147    .bss                dns.o
    0x200054c4        -       0x00000018   Zero   RW         4417    .bss                ip.o
    0x200054dc        -       0x00000653   Zero   RW         4454    .bss                mem.o
    0x20005b2f        -       0x00002f3b   Zero   RW         4523    .bss                memp.o
    0x20008a6a   COMPRESSED   0x00000002   PAD
    0x20008a6c        -       0x00000010   Zero   RW         5309    .bss                tcp_in.o
    0x20008a7c        -       0x00000032   Zero   RW         5759    .bss                dhcp.o
    0x20008aae   COMPRESSED   0x00000002   PAD
    0x20008ab0        -       0x000000f0   Zero   RW         5962    .bss                etharp.o
    0x20008ba0        -       0x00000010   Zero   RW         6170    .bss                ip4_addr.o
    0x20008bb0        -       0x00000400   Zero   RW            1    STACK               startup_stm32f107xc.o


==============================================================================

Image component sizes


      Code (inc. data)   RO Data    RW Data    ZI Data      Debug   Object Name

       766        242          0          0          0      21274   auth.o
         0          0          0          0          0       1612   ccp.o
       242          0          0          0          0       3620   def.o
      8110       2714        140         16         50      29779   dhcp.o
      2870        372          0         12       1152      19602   dns.o
      3728       1180         65          1        240      11583   etharp.o
       496        154         12          0          0       2670   ethernet.o
      1312        146          0          0      18552       6356   ethernetif.o
        80          4      33492          0          0       6077   fs.o
      3008        490          0          0          0      24936   fsm.o
      5460       1606        170         16       1088      30247   httpd.o
       932        350          0          0          0       4442   icmp.o
       164         92         65          0          0       1956   init.o
         0          0          0          0         24       6161   ip.o
      1102        182          0          2          0       5096   ip4.o
       794        124          8          0         16      10005   ip4_addr.o
      3250       1040          0          6          0      11706   ip4_frag.o
      4682        384         97          0          0      31207   ipcp.o
      6172        500         96          0          0      39807   lcp.o
       568        158         42         36         52       4683   lwip.o
        68         18          0          4          0       1703   magic.o
       546         78          0          8         70       8478   main.o
      1968        842          0         12       1619       5537   mem.o
       940        610        144         36      12091      10551   memp.o
       636        134          0          9          0      10533   netif.o
      4884       2052          0          1          0      27125   pbuf.o
       860        106         28          4        359      27677   ppp.o
         0          0          0          0          0     642025   ppp_app.o
      2770        540         40          8         91      29938   pppoe.o
        36          8        336          0       1024        788   startup_stm32f107xc.o
       192         36          0          9          0       6829   stm32f1xx_hal.o
       304         22          0          0          0      29295   stm32f1xx_hal_cortex.o
      2746         38          0          0          0      14578   stm32f1xx_hal_eth.o
       842         34          0          0          0       3816   stm32f1xx_hal_gpio.o
        84          8          0          0          0        830   stm32f1xx_hal_msp.o
      2232        114          0          0          0       5858   stm32f1xx_hal_rcc.o
       128         26          0         14          0       4511   stm32f1xx_it.o
       100         16         24          4          0       1115   system_stm32f1xx.o
      6680       2446        197         32          0      37980   tcp.o
      8068       1440          0         40         16      20135   tcp_in.o
      6006       1718         85          0          0      25182   tcp_out.o
       808        240         48         12          0       6439   timeouts.o
      1520        294          0          8          0      12516   udp.o
       964        184         32          0          0      19259   upap.o
      1668         34          0         17          0       6783   utils.o

    ----------------------------------------------------------------------
     88890      20776      35172        320      36452    1232300   Object Totals
         0          0         32          0          0          0   (incl. Generated)
       104          0         19         13          8          0   (incl. Padding)

    ----------------------------------------------------------------------

      Code (inc. data)   RO Data    RW Data    ZI Data      Debug   Library Member Name

        86          0          0          0          0          0   __dczerorl2.o
        28          0          0          0          0         68   _chval.o
       158          0          0          0          0         92   _strtoul.o
        26          0          0          0          0         80   atoi.o
         8          4        133          0          0         68   ctype_o.o
         0          0          0          0          0          0   entry.o
         0          0          0          0          0          0   entry10a.o
         0          0          0          0          0          0   entry11a.o
         8          4          0          0          0          0   entry2.o
         4          0          0          0          0          0   entry5.o
         0          0          0          0          0          0   entry7b.o
         0          0          0          0          0          0   entry8b.o
         8          4          0          0          0          0   entry9a.o
         8          4          0          4          0         68   errno.o
        18          0          0          0          0         80   fputc.o
        30          0          0          0          0          0   handlers.o
        36          8          0          0          0         68   init.o
         0          0          0          0          0          0   iusesemip.o
        30          0          0          0          0         68   llshl.o
        32          0          0          0          0         68   llushr.o
        26          0          0          0          0         80   memcmp.o
        36          0          0          0          0         68   memcpya.o
        36          0          0          0          0        108   memseta.o
       472         14          0          0          0        184   printf3.o
        36         10          0          4          0        136   rand.o
         0          0          0          0          0          0   semi.o
         0          0          0          4          0          0   stdout.o
        20          0          0          0          0         68   strchr.o
        28          0          0          0          0         76   strcmp.o
        18          0          0          0          0         68   strcpy.o
        14          0          0          0          0         68   strlen.o
        30          0          0          0          0         80   strncmp.o
        36          0          0          0          0         80   strstr.o
       112          0          0          0          0         88   strtol.o
        44          0          0          0          0         80   uidiv.o
        98          0          0          0          0         92   uldiv.o

    ----------------------------------------------------------------------
      1490         48        136         12          0       1936   Library Totals
         4          0          3          0          0          0   (incl. Padding)

    ----------------------------------------------------------------------

      Code (inc. data)   RO Data    RW Data    ZI Data      Debug   Library Name

      1486         48        133         12          0       1936   mc_w.l

    ----------------------------------------------------------------------
      1490         48        136         12          0       1936   Library Totals

    ----------------------------------------------------------------------

==============================================================================


      Code (inc. data)   RO Data    RW Data    ZI Data      Debug   

     90380      20824      35308        332      36452    1209508   Grand Totals
     90380      20824      35308         68      36452    1209508   ELF Image Totals (compressed)
     90380      20824      35308         68          0          0   ROM Totals

==============================================================================

    Total RO  Size (Code + RO Data)               125688 ( 122.74kB)
    Total RW  Size (RW Data + ZI Data)             36784 (  35.92kB)
    Total ROM Size (Code + RO Data + RW Data)     125756 ( 122.81kB)

==============================================================================

